[lucid] single hm-orb-tf5#8|mid@40 stable=0.675 (58s, 200 evals)
[lucidpro] single hm-tod_drift-tf5#23|mid@30 stable=0.447 (66s, 160 evals)
[lucidpro_nodll] single hm-orb-tf5#9|mid@40 stable=0.695 (70s, 196 evals)
[apex] single hm-tod_drift-tf5#4|nyam@20 stable=0.406 (110s, 235 evals)
[lucid] +hm-orb-tf5#24|nyam@20 -> 2 members stable=0.676 gain=+0.001 FORCED (125s, 320 evals)
[lucid] +hm-donchian-tf15#10|pm@40 -> 3 members stable=0.678 gain=+0.002 FORCED (126s, 321 evals)
[lucidpro_nodll] +screen-straddle-tf30|pm@30 -> 2 members stable=0.695 gain=+0.000 FORCED (156s, 324 evals)
[lucidpro] +screen-straddle-tf30|pm@10 -> 2 members stable=0.447 gain=+0.000 FORCED (157s, 286 evals)
[lucidpro_nodll] +hm-first_bar_mom-tf15#9|nyam@40 -> 3 members stable=0.691 gain=-0.005 FORCED (165s, 338 evals)
[lucidpro] +hm-tod_drift-tf5#21|mid@10 -> 3 members stable=0.438 gain=-0.029 FORCED (180s, 314 evals)
== lucidpro_nodll (lucid-pro-50k-no-dll@2026-09-27b) primary=realized PRELIMINARY (396 evals, 213s)
  single    P1/2/3/5=0.60/0.68/0.70/0.695 [0.66,0.73] bust5=0.30 med=1.0 | eod 0.70 real 0.70 intra 0.28 | lift +0.046 | L1000 K0 S0 T0 TT1 | hm-orb-tf5#9|mid@40
  best2     P1/2/3/5=0.60/0.68/0.70/0.695 [0.66,0.73] bust5=0.30 med=1.0 | eod 0.70 real 0.70 intra 0.28 | lift +0.046 | L1000 K0 S0 T1 TT1 | hm-orb-tf5#9|mid@40 + screen-straddle-tf30|pm@30
  portfolio P1/2/3/5=0.67/0.69/0.69/0.692 [0.66,0.73] bust5=0.31 med=1.0 | eod 0.77 real 0.69 intra 0.29 | lift +0.063 | L1000 K0 S0 T0 TT1 | hm-orb-tf5#9|mid@40 + screen-straddle-tf30|pm@30 + hm-first_bar_mom-tf15#9|nyam@40 | FLAGS ['FORCED_TO_3: the 3rd member added with gain <= 0.005 (stop rule overridden for the >=3 guard)']
[lucid] local -> hm-orb-tf5#8|mid@40+hm-orb-tf5#24|nyam@10+hm-donchian-tf15#10|pm@40 stable=0.685 gain=+0.006
== lucid (lucid-flex-50k@2026-09-27) primary=realized PRELIMINARY (496 evals, 234s)
  single    P1/2/3/5=0.00/0.00/0.63/0.675 [0.62,0.73] bust5=0.32 med=3.0 | eod 0.67 real 0.67 intra 0.08 | lift +0.082 | L750 K1500 S0 T0 TT1 | hm-orb-tf5#8|mid@40
  best2     P1/2/3/5=0.00/0.00/0.66/0.697 [0.65,0.75] bust5=0.30 med=3.0 | eod 0.70 real 0.70 intra 0.14 | lift +0.127 | L1000 K1500 S0 T0 TT1 | hm-orb-tf5#8|mid@40 + hm-orb-tf5#24|nyam@20
  portfolio P1/2/3/5=0.00/0.00/0.68/0.697 [0.65,0.75] bust5=0.30 med=3.0 | eod 0.76 real 0.70 intra 0.15 | lift +0.093 | L750 K1500 S0 T0 TT1 | hm-orb-tf5#8|mid@40 + hm-orb-tf5#24|nyam@10 + hm-donchian-tf15#10|pm@40 | FLAGS ['MEMBER_SHARE_UNDER_RULES 64% of positive standalone net', 'FORCED_TO_3: the 3rd member added with gain <= 0.005 (stop rule overridden for the >=3 guard)']
== lucidpro (lucid-pro-50k@2026-09-27b) primary=realized PRELIMINARY (405 evals, 258s)
  single    P1/2/3/5=0.24/0.38/0.42/0.447 [0.40,0.50] bust5=0.54 med=1.0 | eod 0.45 real 0.45 intra 0.40 | lift +0.111 | L1000 K0 S0 T0 TT1 | hm-tod_drift-tf5#23|mid@30 | FLAGS ['ONE_YEAR_CONCENTRATION 2022: 99% of net']
  best2     P1/2/3/5=0.24/0.38/0.42/0.447 [0.40,0.50] bust5=0.54 med=1.0 | eod 0.45 real 0.45 intra 0.40 | lift +0.111 | L1000 K0 S0 T1 TT1 | hm-tod_drift-tf5#23|mid@30 + screen-straddle-tf30|pm@10 | FLAGS ['ONE_YEAR_CONCENTRATION 2022: 99% of net']
  portfolio P1/2/3/5=0.24/0.38/0.43/0.438 [0.39,0.49] bust5=0.55 med=1.0 | eod 0.44 real 0.44 intra 0.39 | lift +0.141 | L1000 K0 S0 T0 TT1 | hm-tod_drift-tf5#23|mid@30 + screen-straddle-tf30|pm@10 + hm-tod_drift-tf5#21|mid@10 | FLAGS ['MEMBER_SHARE_UNDER_RULES 79% of positive standalone net', 'ONE_YEAR_CONCENTRATION 2022: 89% of net', 'FORCED_TO_3: the 3rd member added with gain <= 0.005 (stop rule overridden for the >=3 guard)']
[apex] +hm-donchian-tf15#21|pm@20 -> 2 members stable=0.424 gain=+0.018 (299s, 446 evals)
[apex_eod] single hm-donchian-tf15#11|nyam@20 stable=0.398 (129s, 235 evals)
== apex (apex-legacy-50k@2026-09-27b UNCONFIRMED) primary=intraday PRELIMINARY (672 evals, 450s)
  single    P1/2/3/5=0.23/0.35/0.39/0.406 [0.36,0.46] bust5=0.57 med=1.0 | eod 0.46 real 0.46 intra 0.41 | lift +0.068 | L0 K0 S2000 T0 TT1 | hm-tod_drift-tf5#4|nyam@20 | FLAGS ['NET_NOT_POSITIVE under the rules']
  best2     P1/2/3/5=0.26/0.37/0.41/0.425 [0.38,0.47] bust5=0.57 med=1.0 | eod 0.53 real 0.51 intra 0.43 | lift +0.078 | L1000 K0 S3000 T0 TT1 | hm-tod_drift-tf5#4|nyam@20 + hm-donchian-tf15#21|pm@20 | FLAGS ['ONE_YEAR_CONCENTRATION 2023: 83% of net']
  portfolio P1/2/3/5=0.26/0.37/0.41/0.425 [0.38,0.47] bust5=0.57 med=1.0 | eod 0.53 real 0.51 intra 0.43 | lift +0.078 | L1000 K0 S3000 T0 TT1 | hm-tod_drift-tf5#4|nyam@20 + hm-donchian-tf15#21|pm@20 | FLAGS ['ONE_YEAR_CONCENTRATION 2023: 83% of net', 'FEWER_THAN_3_MEMBERS: no feasible 3rd member under the guards (cap / net-share); this is the best 2-member']
[apex_eod] +screen-straddle-tf30|pm@20 -> 2 members stable=0.414 gain=+0.016 (295s, 427 evals)
[apex_eod] +hm-donchian-tf15#26|pm@20 -> 3 members stable=0.413 gain=-0.001 FORCED (331s, 465 evals)
== apex_eod (apex-eod-50k@2026-09-27b UNCONFIRMED) primary=intraday PRELIMINARY (764 evals, 610s)
  single    P1/2/3/5=0.16/0.27/0.33/0.398 [0.34,0.46] bust5=0.54 med=2.0 | eod 0.40 real 0.40 intra 0.40 | lift +0.081 | L1000 K0 S0 T0 TT1 | hm-donchian-tf15#11|nyam@20
  best2     P1/2/3/5=0.20/0.33/0.38/0.418 [0.36,0.47] bust5=0.57 med=2.0 | eod 0.43 real 0.43 intra 0.42 | lift +0.085 | L1000 K0 S0 T0 TT1 | hm-donchian-tf15#11|nyam@20 + screen-straddle-tf30|pm@20
  portfolio P1/2/3/5=0.20/0.34/0.39/0.415 [0.36,0.46] bust5=0.57 med=2.0 | eod 0.42 real 0.42 intra 0.42 | lift +0.085 | L1000 K0 S0 T0 TT1 | hm-donchian-tf15#11|nyam@20 + screen-straddle-tf30|pm@20 + hm-donchian-tf15#26|pm@20 | FLAGS ['MEMBER_SHARE_UNDER_RULES 57% of positive standalone net', 'ONE_YEAR_CONCENTRATION 2024: 60% of net', 'FORCED_TO_3: the 3rd member added with gain <= 0.005 (stop rule overridden for the >=3 guard)']
