{"firm": "lucid", "quarter": "2022Q4", "mode": "reselect", "cal_days": 259, "last_day": "2022-09-30", "train_starts": 248, "evals": 375, "same_set": false, "same_cell": true, "same_score": true, "identical": false, "secs": 49.943361043930054}
   DIFF pick   {"members": [["hm2-tod_drift-tf30#19|mid", 30], ["hm2-donchian-tf5#10|pm", 40], ["hm2-straddle-tf30#10|nyam", 40]], "cell": {"day_lock": 750, "day_take": 1500, "day_stop": 0, "max_day_tr": 0, "target_take": 1}, "train_stable": 0.7580645084381104, "train_p5": 0.7580645084381104} 
   DIFF stored {"members": [["hm-vwap_z-tf5#10|mid", 30], ["hm2-donchian-tf5#10|pm", 40], ["hm2-straddle-tf30#10|nyam", 40]], "cell": {"day_lock": 750, "day_take": 1500, "day_stop": 0, "max_day_tr": 0, "target_take": 1}, "train_stable": 0.7580645084381104, "train_p5": 0.7580645084381104}
{"firm": "lucid", "quarter": "2022Q3", "mode": "reselect", "cal_days": 195, "last_day": "2022-06-30", "train_starts": 191, "evals": 458, "same_set": true, "same_cell": true, "same_score": true, "identical": true, "secs": 53.72673678398132}
{"firm": "lucid", "quarter": "2023Q1", "mode": "reselect", "cal_days": 322, "last_day": "2022-12-30", "train_starts": 247, "evals": 432, "same_set": true, "same_cell": true, "same_score": true, "identical": true, "secs": 72.20875000953674}
{"firm": "lucid", "quarter": "2023Q2", "mode": "reselect", "cal_days": 384, "last_day": "2023-03-31", "train_starts": 247, "evals": 432, "same_set": true, "same_cell": true, "same_score": true, "identical": true, "secs": 83.36484098434448}
{"firm": "lucid", "quarter": "2023Q4", "mode": "reselect", "cal_days": 510, "last_day": "2023-09-29", "train_starts": 247, "evals": 364, "same_set": false, "same_cell": true, "same_score": false, "identical": false, "secs": 89.56726598739624}
   DIFF pick   {"members": [["hm2-straddle-tf30#20|nyam", 40], ["hm-orb-tf5#10|mid", 10], ["hm2-straddle-tf30#8|mid", 20]], "cell": {"day_lock": 750, "day_take": 1500, "day_stop": 0, "max_day_tr": 0, "target_take": 1}, "train_stable": 0.7246963381767273, "train_p5": 0.7287449240684509} 
   DIFF stored {"members": [["hm2-straddle-tf30#20|nyam", 40], ["hm-orb-tf5#10|mid", 10], ["hm2-squeeze-tf5#20|mid", 30]], "cell": {"day_lock": 750, "day_take": 1500, "day_stop": 0, "max_day_tr": 0, "target_take": 1}, "train_stable": 0.7246963381767273, "train_p5": 0.7246963381767273}
{"firm": "lucid", "quarter": "2023Q3", "mode": "reselect", "cal_days": 447, "last_day": "2023-06-30", "train_starts": 248, "evals": 470, "same_set": false, "same_cell": true, "same_score": true, "identical": false, "secs": 112.5289990901947}
   DIFF pick   {"members": [["hm2-straddle-tf30#20|nyam", 40], ["hm-orb-tf5#10|mid", 10], ["hm2-squeeze-tf5#20|mid", 20]], "cell": {"day_lock": 750, "day_take": 1500, "day_stop": 0, "max_day_tr": 0, "target_take": 1}, "train_stable": 0.7701612710952759, "train_p5": 0.7701612710952759} 
   DIFF stored {"members": [["hm2-straddle-tf30#20|nyam", 40], ["hm-orb-tf5#10|mid", 10], ["hm2-squeeze-tf5#20|mid", 30]], "cell": {"day_lock": 750, "day_take": 1500, "day_stop": 0, "max_day_tr": 0, "target_take": 1}, "train_stable": 0.7701612710952759, "train_p5": 0.7701612710952759}
{"firm": "lucid", "quarter": "2024Q3", "mode": "reselect", "cal_days": 697, "last_day": "2024-06-28", "train_starts": 246, "evals": 339, "same_set": false, "same_cell": true, "same_score": true, "identical": false, "secs": 103.82012391090393}
   DIFF pick   {"members": [["hm2-straddle-tf30#10|nyam", 40], ["hm2-squeeze-tf5#20|mid", 20], ["hm2-squeeze-tf5#21|pm", 40]], "cell": {"day_lock": 750, "day_take": 1000, "day_stop": 0, "max_day_tr": 0, "target_take": 1}, "train_stable": 0.6951219439506531, "train_p5": 0.707317054271698} 
   DIFF stored {"members": [["hm2-straddle-tf30#10|nyam", 40], ["hm2-squeeze-tf5#20|mid", 20], ["hm2-straddle-tf30#10|pm", 40], ["hm2-tod_drift-tf30#19|mid", 20]], "cell": {"day_lock": 750, "day_take": 1000, "day_stop": 0, "max_day_tr": 0, "target_take": 1}, "train_stable": 0.6951219439506531, "train_p5": 0.707317054271698}
{"firm": "lucid", "quarter": "2024Q2", "mode": "reselect", "cal_days": 634, "last_day": "2024-03-28", "train_starts": 246, "evals": 377, "same_set": false, "same_cell": true, "same_score": false, "identical": false, "secs": 111.0242989063263}
   DIFF pick   {"members": [["hm2-straddle-tf30#20|mid", 40], ["hm2-straddle-tf30#10|pm", 40], ["hm2-straddle-tf30#22|nyam", 40]], "cell": {"day_lock": 750, "day_take": 1500, "day_stop": 0, "max_day_tr": 0, "target_take": 1}, "train_stable": 0.6382113695144653, "train_p5": 0.642276406288147} 
   DIFF stored {"members": [["hm2-straddle-tf30#20|mid", 40], ["hm2-straddle-tf30#10|pm", 40], ["hm2-straddle-tf30#23|nyam", 30]], "cell": {"day_lock": 750, "day_take": 1500, "day_stop": 0, "max_day_tr": 0, "target_take": 1}, "train_stable": 0.6056910753250122, "train_p5": 0.6138211488723755}
{"firm": "lucidpro_nodll", "quarter": "2022Q3", "mode": "reselect", "cal_days": 195, "last_day": "2022-06-30", "train_starts": 191, "evals": 433, "same_set": false, "same_cell": false, "same_score": false, "identical": false, "secs": 52.04723000526428}
   DIFF pick   {"members": [["hm-orb-tf5#10|mid", 40], ["hm2-donchian-tf5#10|pm", 20], ["hm2-straddle-tf30#11|nyam", 40]], "cell": {"day_lock": 0, "day_take": 1500, "day_stop": 0, "max_day_tr": 1, "target_take": 1}, "train_stable": 0.753926694393158, "train_p5": 0.753926694393158} 
   DIFF stored {"members": [["hm-orb-tf5#10|mid", 40], ["hm2-donchian-tf5#10|pm", 20], ["hm2-straddle-tf30#10|pm", 20]], "cell": {"day_lock": 0, "day_take": 2000, "day_stop": 0, "max_day_tr": 1, "target_take": 1}, "train_stable": 0.7801046967506409, "train_p5": 0.7801046967506409}
{"firm": "lucid", "quarter": "2024Q4", "mode": "reselect", "cal_days": 761, "last_day": "2024-09-30", "train_starts": 247, "evals": 350, "same_set": false, "same_cell": false, "same_score": false, "identical": false, "secs": 116.04155325889587}
   DIFF pick   {"members": [["hm2-straddle-tf30#10|nyam", 40], ["hm2-straddle-tf30#20|mid", 10], ["hm2-straddle-tf30#10|pm", 40]], "cell": {"day_lock": 0, "day_take": 1250, "day_stop": 0, "max_day_tr": 1, "target_take": 1}, "train_stable": 0.7004048824310303, "train_p5": 0.7004048824310303} 
   DIFF stored {"members": [["hm2-straddle-tf30#10|nyam", 40], ["hm2-straddle-tf30#20|mid", 10]], "cell": {"day_lock": 0, "day_take": 1000, "day_stop": 0, "max_day_tr": 0, "target_take": 1}, "train_stable": 0.7044534683227539, "train_p5": 0.7044534683227539}
{"firm": "lucidpro_nodll", "quarter": "2022Q4", "mode": "reselect", "cal_days": 259, "last_day": "2022-09-30", "train_starts": 248, "evals": 424, "same_set": true, "same_cell": true, "same_score": true, "identical": true, "secs": 63.847678899765015}
{"firm": "lucid", "quarter": "2024Q1", "mode": "reselect", "cal_days": 573, "last_day": "2023-12-29", "train_starts": 247, "evals": 774, "same_set": false, "same_cell": true, "same_score": true, "identical": false, "secs": 283.4970407485962}
   DIFF pick   {"members": [["hm2-straddle-tf30#20|mid", 40], ["hm2-squeeze-tf5#21|pm", 10], ["hm2-tod_drift-tf30#0|pm", 10], ["hm2-straddle-tf30#20|nyam", 10]], "cell": {"day_lock": 750, "day_take": 1500, "day_stop": 0, "max_day_tr": 0, "target_take": 1}, "train_stable": 0.7125505805015564, "train_p5": 0.7246963381767273} 
   DIFF stored {"members": [["hm2-straddle-tf30#20|mid", 40], ["hm2-squeeze-tf5#21|pm", 10], ["hm2-straddle-tf30#20|nyam", 10], ["hm2-straddle-tf30#10|pm", 10]], "cell": {"day_lock": 750, "day_take": 1500, "day_stop": 0, "max_day_tr": 0, "target_take": 1}, "train_stable": 0.7125505805015564, "train_p5": 0.7246963381767273}
{"firm": "lucidpro_nodll", "quarter": "2023Q1", "mode": "reselect", "cal_days": 322, "last_day": "2022-12-30", "train_starts": 247, "evals": 492, "same_set": true, "same_cell": true, "same_score": true, "identical": true, "secs": 95.25798392295837}
{"firm": "lucidpro_nodll", "quarter": "2023Q2", "mode": "reselect", "cal_days": 384, "last_day": "2023-03-31", "train_starts": 247, "evals": 492, "same_set": true, "same_cell": true, "same_score": true, "identical": true, "secs": 111.6906418800354}
{"firm": "lucidpro_nodll", "quarter": "2023Q3", "mode": "reselect", "cal_days": 447, "last_day": "2023-06-30", "train_starts": 248, "evals": 410, "same_set": true, "same_cell": true, "same_score": true, "identical": true, "secs": 101.61634302139282}
{"firm": "lucidpro_nodll", "quarter": "2023Q4", "mode": "reselect", "cal_days": 510, "last_day": "2023-09-29", "train_starts": 247, "evals": 480, "same_set": false, "same_cell": true, "same_score": false, "identical": false, "secs": 149.19059801101685}
   DIFF pick   {"members": [["hm2-straddle-tf30#21|nyam", 40], ["hm2-squeeze-tf5#22|mid", 10], ["hm2-squeeze-tf5#22|pm", 40], ["hm-orb-tf5#8|mid", 10]], "cell": {"day_lock": 1000, "day_take": 1500, "day_stop": 0, "max_day_tr": 0, "target_take": 1}, "train_stable": 0.7267206311225891, "train_p5": 0.7287449240684509} 
   DIFF stored {"members": [["hm2-straddle-tf30#21|nyam", 40], ["hm2-squeeze-tf5#22|mid", 10]], "cell": {"day_lock": 1000, "day_take": 1500, "day_stop": 0, "max_day_tr": 0, "target_take": 1}, "train_stable": 0.7226720452308655, "train_p5": 0.7246963381767273}
{"firm": "lucidpro_nodll", "quarter": "2024Q1", "mode": "reselect", "cal_days": 573, "last_day": "2023-12-29", "train_starts": 247, "evals": 503, "same_set": false, "same_cell": true, "same_score": true, "identical": false, "secs": 172.79078602790833}
   DIFF pick   {"members": [["hm2-straddle-tf30#21|nyam", 40], ["hm-orb-tf5#10|mid", 10], ["hm2-donchian-tf5#10|pm", 20]], "cell": {"day_lock": 1000, "day_take": 3000, "day_stop": 0, "max_day_tr": 0, "target_take": 1}, "train_stable": 0.7246963381767273, "train_p5": 0.7246963381767273} 
   DIFF stored {"members": [["hm2-straddle-tf30#21|nyam", 40], ["hm-orb-tf5#10|mid", 10], ["hm2-donchian-tf5#10|pm", 30]], "cell": {"day_lock": 1000, "day_take": 3000, "day_stop": 0, "max_day_tr": 0, "target_take": 1}, "train_stable": 0.7246963381767273, "train_p5": 0.7246963381767273}
{"firm": "lucidpro_nodll", "quarter": "2024Q2", "mode": "reselect", "cal_days": 634, "last_day": "2024-03-28", "train_starts": 246, "evals": 725, "same_set": false, "same_cell": false, "same_score": false, "identical": false, "secs": 319.3876910209656}
   DIFF pick   {"members": [["hm2-straddle-tf30#20|mid", 40], ["hm2-donchian-tf5#10|pm", 10], ["hm2-straddle-tf30#10|pm", 10]], "cell": {"day_lock": 1000, "day_take": 0, "day_stop": 0, "max_day_tr": 1, "target_take": 1}, "train_stable": 0.6951219439506531, "train_p5": 0.7154471278190613} 
   DIFF stored {"members": [["hm2-straddle-tf30#20|mid", 40], ["hm2-donchian-tf5#10|pm", 10], ["hm2-vwap_flip-tf5#34|pm", 20]], "cell": {"day_lock": 1000, "day_take": 0, "day_stop": 0, "max_day_tr": 0, "target_take": 1}, "train_stable": 0.6991869807243347, "train_p5": 0.6991869807243347}
{"firm": "lucidpro_nodll", "quarter": "2024Q4", "mode": "reselect", "cal_days": 761, "last_day": "2024-09-30", "train_starts": 247, "evals": 462, "same_set": true, "same_cell": true, "same_score": true, "identical": true, "secs": 207.8082959651947}
{"firm": "lucidpro_nodll", "quarter": "2024Q3", "mode": "reselect", "cal_days": 697, "last_day": "2024-06-28", "train_starts": 246, "evals": 799, "same_set": false, "same_cell": false, "same_score": false, "identical": false, "secs": 395.0840609073639}
   DIFF pick   {"members": [["hm2-straddle-tf30#20|mid", 40], ["hm2-vwap_flip-tf5#34|pm", 30], ["hm2-straddle-tf30#10|pm", 10]], "cell": {"day_lock": 1000, "day_take": 0, "day_stop": 0, "max_day_tr": 1, "target_take": 1}, "train_stable": 0.6991869807243347, "train_p5": 0.6991869807243347} 
   DIFF stored {"members": [["hm2-straddle-tf30#8|mid", 40], ["hm2-vwap_flip-tf5#34|pm", 30], ["hm2-straddle-tf30#10|nyam", 10]], "cell": {"day_lock": 1000, "day_take": 1500, "day_stop": 0, "max_day_tr": 0, "target_take": 1}, "train_stable": 0.6930894255638123, "train_p5": 0.6991869807243347}
IDENTICAL 8 / 20
