{"firm": "lucid", "quarter": "2022Q3", "mode": "fixed", "cal_days": 195, "last_day": "2022-06-30", "train_starts": 191, "same_set": true, "same_cell": true, "same_score": true, "identical": true, "secs": 9.933640956878662}
{"firm": "lucid", "quarter": "2022Q4", "mode": "fixed", "cal_days": 259, "last_day": "2022-09-30", "train_starts": 248, "same_set": true, "same_cell": true, "same_score": true, "identical": true, "secs": 12.489204168319702}
{"firm": "lucid", "quarter": "2023Q1", "mode": "fixed", "cal_days": 322, "last_day": "2022-12-30", "train_starts": 247, "same_set": true, "same_cell": true, "same_score": true, "identical": true, "secs": 14.952063083648682}
{"firm": "lucid", "quarter": "2023Q2", "mode": "fixed", "cal_days": 384, "last_day": "2023-03-31", "train_starts": 247, "same_set": true, "same_cell": true, "same_score": true, "identical": true, "secs": 18.09507393836975}
{"firm": "lucid", "quarter": "2023Q3", "mode": "fixed", "cal_days": 447, "last_day": "2023-06-30", "train_starts": 248, "same_set": true, "same_cell": true, "same_score": true, "identical": true, "secs": 20.217575788497925}
{"firm": "lucid", "quarter": "2023Q4", "mode": "fixed", "cal_days": 510, "last_day": "2023-09-29", "train_starts": 247, "same_set": true, "same_cell": true, "same_score": true, "identical": true, "secs": 22.861796140670776}
{"firm": "lucid", "quarter": "2024Q1", "mode": "fixed", "cal_days": 573, "last_day": "2023-12-29", "train_starts": 247, "same_set": true, "same_cell": true, "same_score": true, "identical": true, "secs": 25.02131986618042}
{"firm": "lucid", "quarter": "2024Q2", "mode": "fixed", "cal_days": 634, "last_day": "2024-03-28", "train_starts": 246, "same_set": true, "same_cell": true, "same_score": true, "identical": true, "secs": 27.17818021774292}
{"firm": "lucid", "quarter": "2024Q3", "mode": "fixed", "cal_days": 697, "last_day": "2024-06-28", "train_starts": 246, "same_set": true, "same_cell": true, "same_score": true, "identical": true, "secs": 29.84833002090454}
{"firm": "lucidpro", "quarter": "2022Q3", "mode": "fixed", "cal_days": 195, "last_day": "2022-06-30", "train_starts": 191, "same_set": true, "same_cell": true, "same_score": true, "identical": true, "secs": 11.947613954544067}
{"firm": "lucidpro", "quarter": "2022Q4", "mode": "fixed", "cal_days": 259, "last_day": "2022-09-30", "train_starts": 248, "same_set": true, "same_cell": true, "same_score": true, "identical": true, "secs": 13.215394973754883}
{"firm": "lucid", "quarter": "2024Q4", "mode": "fixed", "cal_days": 761, "last_day": "2024-09-30", "train_starts": 247, "same_set": true, "same_cell": true, "same_score": true, "identical": true, "secs": 30.382790088653564}
{"firm": "lucidpro", "quarter": "2023Q1", "mode": "fixed", "cal_days": 322, "last_day": "2022-12-30", "train_starts": 247, "same_set": true, "same_cell": true, "same_score": true, "identical": true, "secs": 14.488850831985474}
{"firm": "lucidpro", "quarter": "2023Q2", "mode": "fixed", "cal_days": 384, "last_day": "2023-03-31", "train_starts": 247, "same_set": true, "same_cell": true, "same_score": true, "identical": true, "secs": 18.603336811065674}
{"firm": "lucidpro", "quarter": "2023Q3", "mode": "fixed", "cal_days": 447, "last_day": "2023-06-30", "train_starts": 248, "same_set": true, "same_cell": true, "same_score": true, "identical": true, "secs": 24.023803234100342}
{"firm": "lucidpro", "quarter": "2023Q4", "mode": "fixed", "cal_days": 510, "last_day": "2023-09-29", "train_starts": 247, "same_set": true, "same_cell": true, "same_score": true, "identical": true, "secs": 25.38991403579712}
{"firm": "lucidpro", "quarter": "2024Q1", "mode": "fixed", "cal_days": 573, "last_day": "2023-12-29", "train_starts": 247, "same_set": true, "same_cell": true, "same_score": true, "identical": true, "secs": 27.56050992012024}
{"firm": "lucidpro", "quarter": "2024Q2", "mode": "fixed", "cal_days": 634, "last_day": "2024-03-28", "train_starts": 246, "same_set": true, "same_cell": true, "same_score": true, "identical": true, "secs": 29.972229957580566}
{"firm": "lucidpro", "quarter": "2024Q3", "mode": "fixed", "cal_days": 697, "last_day": "2024-06-28", "train_starts": 246, "same_set": true, "same_cell": true, "same_score": true, "identical": true, "secs": 32.362897872924805}
{"firm": "lucidpro_nodll", "quarter": "2022Q3", "mode": "fixed", "cal_days": 195, "last_day": "2022-06-30", "train_starts": 191, "same_set": true, "same_cell": true, "same_score": true, "identical": true, "secs": 9.22704792022705}
{"firm": "lucidpro_nodll", "quarter": "2022Q4", "mode": "fixed", "cal_days": 259, "last_day": "2022-09-30", "train_starts": 248, "same_set": true, "same_cell": true, "same_score": true, "identical": true, "secs": 13.694080829620361}
{"firm": "lucidpro_nodll", "quarter": "2023Q1", "mode": "fixed", "cal_days": 322, "last_day": "2022-12-30", "train_starts": 247, "same_set": true, "same_cell": true, "same_score": true, "identical": true, "secs": 16.57541823387146}
{"firm": "lucidpro", "quarter": "2024Q4", "mode": "fixed", "cal_days": 761, "last_day": "2024-09-30", "train_starts": 247, "same_set": true, "same_cell": true, "same_score": true, "identical": true, "secs": 37.45628023147583}
{"firm": "lucidpro_nodll", "quarter": "2023Q2", "mode": "fixed", "cal_days": 384, "last_day": "2023-03-31", "train_starts": 247, "same_set": true, "same_cell": true, "same_score": true, "identical": true, "secs": 19.747878074645996}
{"firm": "lucidpro_nodll", "quarter": "2023Q3", "mode": "fixed", "cal_days": 447, "last_day": "2023-06-30", "train_starts": 248, "same_set": true, "same_cell": true, "same_score": true, "identical": true, "secs": 23.42887568473816}
{"firm": "lucidpro_nodll", "quarter": "2023Q4", "mode": "fixed", "cal_days": 510, "last_day": "2023-09-29", "train_starts": 247, "same_set": true, "same_cell": true, "same_score": true, "identical": true, "secs": 26.9175808429718}
{"firm": "lucidpro_nodll", "quarter": "2024Q1", "mode": "fixed", "cal_days": 573, "last_day": "2023-12-29", "train_starts": 247, "same_set": true, "same_cell": true, "same_score": true, "identical": true, "secs": 30.572595834732056}
{"firm": "lucidpro_nodll", "quarter": "2024Q2", "mode": "fixed", "cal_days": 634, "last_day": "2024-03-28", "train_starts": 246, "same_set": true, "same_cell": true, "same_score": true, "identical": true, "secs": 34.310580015182495}
{"firm": "lucidpro_nodll", "quarter": "2024Q3", "mode": "fixed", "cal_days": 697, "last_day": "2024-06-28", "train_starts": 246, "same_set": true, "same_cell": true, "same_score": true, "identical": true, "secs": 37.54089617729187}
{"firm": "apex", "quarter": "2022Q3", "mode": "fixed", "cal_days": 195, "last_day": "2022-06-30", "train_starts": 191, "same_set": true, "same_cell": true, "same_score": true, "identical": true, "secs": 10.27505612373352}
{"firm": "apex", "quarter": "2022Q4", "mode": "fixed", "cal_days": 259, "last_day": "2022-09-30", "train_starts": 248, "same_set": true, "same_cell": true, "same_score": true, "identical": true, "secs": 12.889359712600708}
{"firm": "apex", "quarter": "2023Q1", "mode": "fixed", "cal_days": 322, "last_day": "2022-12-30", "train_starts": 247, "same_set": true, "same_cell": true, "same_score": true, "identical": true, "secs": 14.809448957443237}
{"firm": "lucidpro_nodll", "quarter": "2024Q4", "mode": "fixed", "cal_days": 761, "last_day": "2024-09-30", "train_starts": 247, "same_set": true, "same_cell": true, "same_score": true, "identical": true, "secs": 40.66796898841858}
{"firm": "apex", "quarter": "2023Q2", "mode": "fixed", "cal_days": 384, "last_day": "2023-03-31", "train_starts": 247, "same_set": true, "same_cell": true, "same_score": true, "identical": true, "secs": 17.24429178237915}
{"firm": "apex", "quarter": "2023Q3", "mode": "fixed", "cal_days": 447, "last_day": "2023-06-30", "train_starts": 248, "same_set": true, "same_cell": true, "same_score": true, "identical": true, "secs": 20.166773319244385}
{"firm": "apex", "quarter": "2023Q4", "mode": "fixed", "cal_days": 510, "last_day": "2023-09-29", "train_starts": 247, "same_set": true, "same_cell": true, "same_score": true, "identical": true, "secs": 24.65325689315796}
{"firm": "apex", "quarter": "2024Q1", "mode": "fixed", "cal_days": 573, "last_day": "2023-12-29", "train_starts": 247, "same_set": true, "same_cell": true, "same_score": true, "identical": true, "secs": 26.983054161071777}
{"firm": "apex", "quarter": "2024Q2", "mode": "fixed", "cal_days": 634, "last_day": "2024-03-28", "train_starts": 246, "same_set": true, "same_cell": true, "same_score": true, "identical": true, "secs": 30.650128841400146}
{"firm": "apex", "quarter": "2024Q3", "mode": "fixed", "cal_days": 697, "last_day": "2024-06-28", "train_starts": 246, "same_set": true, "same_cell": true, "same_score": true, "identical": true, "secs": 33.55635714530945}
{"firm": "apex", "quarter": "2024Q4", "mode": "fixed", "cal_days": 761, "last_day": "2024-09-30", "train_starts": 247, "same_set": true, "same_cell": true, "same_score": true, "identical": true, "secs": 35.71223974227905}
{"firm": "apex_eod", "quarter": "2022Q3", "mode": "fixed", "cal_days": 195, "last_day": "2022-06-30", "train_starts": 191, "same_set": true, "same_cell": true, "same_score": true, "identical": true, "secs": 33.45117688179016}
{"firm": "apex_eod", "quarter": "2022Q4", "mode": "fixed", "cal_days": 259, "last_day": "2022-09-30", "train_starts": 248, "same_set": true, "same_cell": true, "same_score": true, "identical": true, "secs": 42.28332018852234}
{"firm": "apex_eod", "quarter": "2023Q1", "mode": "fixed", "cal_days": 322, "last_day": "2022-12-30", "train_starts": 247, "same_set": true, "same_cell": true, "same_score": true, "identical": true, "secs": 52.039159059524536}
{"firm": "apex_eod", "quarter": "2023Q2", "mode": "fixed", "cal_days": 384, "last_day": "2023-03-31", "train_starts": 247, "same_set": true, "same_cell": true, "same_score": true, "identical": true, "secs": 61.62654113769531}
{"firm": "apex_eod", "quarter": "2023Q3", "mode": "fixed", "cal_days": 447, "last_day": "2023-06-30", "train_starts": 248, "same_set": true, "same_cell": true, "same_score": true, "identical": true, "secs": 71.24977803230286}
{"firm": "apex_eod", "quarter": "2023Q4", "mode": "fixed", "cal_days": 510, "last_day": "2023-09-29", "train_starts": 247, "same_set": true, "same_cell": true, "same_score": true, "identical": true, "secs": 82.12038207054138}
{"firm": "apex_eod", "quarter": "2024Q1", "mode": "fixed", "cal_days": 573, "last_day": "2023-12-29", "train_starts": 247, "same_set": true, "same_cell": true, "same_score": true, "identical": true, "secs": 93.2066912651062}
{"firm": "apex_eod", "quarter": "2024Q2", "mode": "fixed", "cal_days": 634, "last_day": "2024-03-28", "train_starts": 246, "same_set": true, "same_cell": true, "same_score": true, "identical": true, "secs": 101.6938111782074}
{"firm": "apex_eod", "quarter": "2024Q3", "mode": "fixed", "cal_days": 697, "last_day": "2024-06-28", "train_starts": 246, "same_set": true, "same_cell": true, "same_score": true, "identical": true, "secs": 110.81027936935425}
{"firm": "apex_eod", "quarter": "2024Q4", "mode": "fixed", "cal_days": 761, "last_day": "2024-09-30", "train_starts": 247, "same_set": true, "same_cell": true, "same_score": true, "identical": true, "secs": 122.15442419052124}
IDENTICAL 50 / 50
