analyst opened 57 | my BUILD passers 56 | opened but not my passer ['orb_confirm-ES-tf1|pm|dir=long', 'tema_slope-NQ-tf15|pre|', 'tema_slope-NQ-tf30|mid|', 'vwap_band-NQ-tf30|eve|', 'vwap_flip-NQ-tf15|pm|', 'vwap_trend_pull-NQ-tf1|pm|'] | my passer not opened ['donchian-NQ-tf30|nyam|', 'donchian-NQ-tf5|pm|', 'pinbar-NQ-tf5|pre|', 'straddle-NQ-tf30|pm|', 'vol_spike_break-NQ-tf5|pm|']
donchian-ES-tf30|pm|                         cells  64 share 0.266 avg     -2001 med     -2224 (4)f (5)f {'c1': -2753.47} (6)None stress None surv 0 def None admit False []
donchian-ES-tf5|pm|                          cells 128 share 0.234 avg     -6346 med     -5566 (4)f (5)f {'c1': -8570.52} (6)None stress None surv 0 def None admit False []
donchian-NQ-tf15|pm|                         cells 127 share 0.685 avg      4382 med      4349 (4)P (5)f {'c1': -9642.23} (6)None stress None surv 0 def None admit False []
donchian-NQ-tf30|pm|                         cells  64 share 0.438 avg      -973 med      -564 (4)f (5)f {'c1': -5505.49} (6)None stress None surv 0 def None admit False []
donchian_thin-NQ-tf30|nyam|                  cells  59 share 0.644 avg      1524 med       865 (4)P (5)f {'c1': 2528.68, 'c2': -2954.97, 'base': -52.81} (6)None stress None surv 0 def None admit False []
ema_pullback-NQ-tf15|eve|                    cells  32 share 0.500 avg       -80 med     -1300 (4)f (5)P {'c1': 331.51} (6)None stress None surv 0 def None admit False []
ema_pullback-NQ-tf15|mid|                    cells  32 share 0.562 avg       815 med      2728 (4)P (5)P {'c1': 2447.7} (6)False stress -2636.46875 surv 0 def None admit False []
ema_pullback-NQ-tf15|pre|                    cells  32 share 0.594 avg      2884 med      2900 (4)P (5)f {'c1': -14796.04} (6)None stress None surv 0 def None admit False []
ema_pullback-NQ-tf1|nyam|                    cells  32 share 0.750 avg     20655 med     19746 (4)P (5)f {'c1': -659.74} (6)None stress None surv 0 def None admit False []
ema_pullback-NQ-tf1|pm|                      cells  32 share 0.250 avg     -7214 med     -9140 (4)f (5)f {'c1': -20356.34} (6)None stress None surv 0 def None admit False []
ema_pullback-NQ-tf5|pm|                      cells  32 share 0.000 avg    -13374 med    -12374 (4)f (5)f {'c1': -17666.55} (6)None stress None surv 0 def None admit False []
first_bar_mom-ES-tf15|mid|                   cells  95 share 0.558 avg      2681 med      1133 (4)P (5)P {'c1': 3489.82} (6)True stress 435.7894736842105 surv 25 def k1p5_atr1p5-r2 admit True []
first_bar_mom-ES-tf15|pm|                    cells  92 share 0.543 avg      -335 med       264 (4)f (5)f {'c1': -1468.27} (6)None stress None surv 0 def None admit False []
first_bar_mom-GC-tf30|mid|                   cells  93 share 0.065 avg     -5302 med     -2656 (4)f (5)f {'c1': -3905.51} (6)None stress None surv 0 def None admit False []
first_bar_mom-NQ-tf15|mid|                   cells  96 share 0.500 avg      3985 med       170 (4)P (5)P {'c1': 3453.07} (6)True stress 3250.9270833333335 surv 39 def k1p5_atr3-r2 admit True []
first_bar_mom-NQ-tf30|mid|                   cells  96 share 0.865 avg     11239 med      6914 (4)P (5)P {'c1': 8483.62} (6)True stress 9150.40625 surv 43 def k1p5_pts45-r3 admit True []
first_bar_mom-NQ-tf5|mid|                    cells  94 share 0.543 avg       195 med       392 (4)P (5)f {'c1': -685.14} (6)None stress None surv 0 def None admit False []
flow_exhaust-NQ-tf1|eve|                     cells  96 share 0.052 avg    -11638 med    -11714 (4)f (5)f {'c1': -24982.61, 'c2': -5562.99} (6)None stress None surv 0 def None admit False []
ib-ES-tf30|mid|mode=break                    cells  32 share 0.219 avg     -2830 med     -3562 (4)f (5)f {'c1': -3532.48} (6)None stress None surv 0 def None admit False []
ib-NQ-tf15|mid|mode=break                    cells  32 share 0.312 avg     -4614 med     -3114 (4)f (5)f {'c1': -15077.21} (6)None stress None surv 0 def None admit False []
ib-NQ-tf30|mid|mode=break                    cells  32 share 0.312 avg     -5321 med     -3266 (4)f (5)f {'c1': -16865.97} (6)None stress None surv 0 def None admit False []
ib-NQ-tf5|mid|mode=break                     cells  32 share 0.344 avg     -4164 med     -3114 (4)f (5)f {'c1': -19197.29} (6)None stress None surv 0 def None admit False []
orb-NQ-tf15|pre|                             cells  96 share 0.677 avg     10886 med      5616 (4)P (5)P {'c1': 3956.69} (6)True stress 8258.125 surv 50 def or_min15_pct0p1-r0 admit True []
rsi2-ES-tf30|eve|                            cells  96 share 0.052 avg    -11976 med    -11463 (4)f (5)f {'c1': -20175.76} (6)None stress None surv 0 def None admit False []
squeeze-NQ-tf30|pm|                          cells  87 share 0.195 avg     -3925 med     -2761 (4)f (5)f {'c1': -3747.09} (6)None stress None surv 0 def None admit False []
straddle_t_0830-NQ-tf30|pre|                 cells 160 share 0.588 avg      7328 med      2228 (4)P (5)P {'shift': 11284.16} (6)True stress 5599.23125 surv 67 def offatr0p25_pct0p1-r0 admit True []
straddle_t_1105-NQ-tf30|mid|                 cells 160 share 0.569 avg      5842 med      1780 (4)P (5)f {'shift': -4774.21} (6)None stress None surv 0 def None admit False []
straddle_t_1800-NQ-tf30|eve|                 cells 160 share 0.650 avg     12460 med      6343 (4)P (5)P {'shift': 141.67} (6)True stress 6810.0625 surv 61 def offatr0p25_pts45-r2 admit True []
supertrend-GC-tf30|nyam|                     cells  32 share 0.188 avg     -1676 med     -1745 (4)f (5)f {'c1': -4631.58} (6)None stress None surv 0 def None admit False []
tema_slope-NQ-tf15|pre|                      cells  96 share 0.188 avg     -9612 med     -8592 (4)f (5)f {'c1': -22589.49} (6)None stress None surv 0 def None admit False []
tema_slope-NQ-tf30|eve|                      cells  96 share 0.729 avg     11967 med      5879 (4)P (5)P {'c1': 1343.65} (6)True stress 9762.71875 surv 51 def n40_pct0p1-r0 admit True []
tema_slope-NQ-tf30|mid|                      cells  94 share 0.489 avg      -873 med      -752 (4)f (5)P {'c1': 563.94} (6)None stress None surv 0 def None admit False []
tema_slope-NQ-tf30|pre|                      cells  96 share 0.542 avg     -1652 med       468 (4)f (5)f {'c1': -16054.35} (6)None stress None surv 0 def None admit False []
tod_drift-NQ-tf30|pm|dir=long                cells 123 share 0.260 avg     -8750 med     -7346 (4)f (5)f {'c1': -10380.28} (6)None stress None surv 0 def None admit False []
vwap_band-NQ-tf30|eve|                       cells 113 share 0.496 avg     -2350 med      -209 (4)f (5)f {'c1': -14540.67} (6)None stress None surv 0 def None admit False []
vwap_flip-NQ-tf15|pm|                        cells  90 share 0.089 avg     -8216 med     -7690 (4)f (5)f {'c1': -20983.97} (6)None stress None surv 0 def None admit False []
vwap_flip-NQ-tf15|pre|                       cells  64 share 0.125 avg     -9669 med     -8060 (4)f (5)f {'c1': -6093.85} (6)None stress None surv 0 def None admit False []
vwap_flip-NQ-tf5|pre|                        cells  96 share 0.333 avg     -3599 med     -4692 (4)f (5)f {'c1': -1425.83} (6)None stress None surv 0 def None admit False []
orb_confirm-ES-tf1|pm|dir=long               cells  96 share 0.573 avg      -120 med       850 (4)f (5)f {'c1': -3979.73} (6)None stress None surv 0 def None admit False []
orb_confirm-ES-tf5|pm|dir=long               cells  96 share 0.167 avg     -1774 med     -1672 (4)f (5)f {'c1': -5647.03} (6)None stress None surv 0 def None admit False []
orb_confirm-NQ-tf15|pm|dir=long              cells  90 share 0.533 avg     -1776 med      1036 (4)f (5)f {'c1': -6917.52} (6)None stress None surv 0 def None admit False []
orb_confirm-NQ-tf5|pm|dir=long               cells  96 share 0.583 avg      2007 med      3197 (4)P (5)f {'c1': -4952.91} (6)None stress None surv 0 def None admit False []
straddle_tight_0830-GC-tf30|pre|             cells  27 share 0.704 avg      2727 med      1970 (4)P (5)P {'shift': 8650.52} (6)False stress -1784.5185185185185 surv 0 def None admit False []
straddle_tight_0830-NQ-tf30|pre|             cells  27 share 0.815 avg      5548 med      6005 (4)P (5)P {'shift': 9354.13} (6)True stress 3473.5185185185187 surv 19 def offA_pts8-r3 admit True []
vol_spike_break-ES-tf30|pm|                  cells  96 share 0.500 avg       158 med        19 (4)P (5)f {'c1': -949.91} (6)None stress None surv 0 def None admit False []
vol_spike_break-NQ-tf30|pm|                  cells  96 share 0.531 avg       333 med       799 (4)P (5)P {'c1': 1006.29} (6)False stress -506.96875 surv 0 def None admit False []
vwap_trend_pull-ES-tf30|pm|                  cells  81 share 0.025 avg     -2222 med     -2196 (4)f (5)f {'c1': -2046.78} (6)None stress None surv 0 def None admit False []
vwap_trend_pull-NQ-tf1|pm|                   cells  96 share 0.625 avg      2020 med      2154 (4)P (5)f {'c1': -20983.63} (6)None stress None surv 0 def None admit False []
vwap_trend_pull-NQ-tf5|pm|                   cells  96 share 0.615 avg      3203 med      2406 (4)P (5)f {'c1': -10824.29} (6)None stress None surv 0 def None admit False []
E1-A-NQ                                      cells  27 share 0.963 avg      3937 med      4506 (4)P (5)P {'days': 17.44, 'shift': 5414.41} (6)True stress 3000.8518518518517 surv 24 def offB_pts5-r3 admit True []
E1-A-GC                                      cells  27 share 1.000 avg      5910 med      5756 (4)P (5)P {'days': 49.97, 'shift': 9590.26} (6)True stress 4104.666666666667 surv 24 def offC_pts2-r2 admit True []
E1-B-NQ                                      cells  27 share 0.815 avg      3272 med      2838 (4)P (5)P {'days': 24.55, 'shift': 4452.96} (6)True stress 2673.814814814815 surv 20 def offA_pts5-r3 admit True []
E1-B-ES                                      cells  27 share 1.000 avg      1197 med      1028 (4)P (5)P {'days': 21.57, 'shift': 3308.69} (6)False stress -159.8148148148148 surv 0 def None admit False []
E1-B-GC                                      cells  27 share 0.963 avg      4414 med      4088 (4)P (5)P {'days': 53.33, 'shift': 6607.07} (6)True stress 3011.3333333333335 surv 22 def offC_pts2-r2 admit True []
E3-C-NQ                                      cells  27 share 1.000 avg      3242 med      2591 (4)P (5)P {'days': 74.92, 'shift': 3494.5} (6)True stress 2619.185185185185 surv 26 def offA_pts5-r3 admit True []
E3-C-ES                                      cells  27 share 0.630 avg       178 med       116 (4)P (5)P {'days': 35.16, 'shift': 1728.33} (6)False stress -799.4629629629629 surv 0 def None admit False []
E3-C-GC                                      cells  27 share 1.000 avg      4309 med      3396 (4)P (5)P {'days': 97.27, 'shift': 4710.7} (6)True stress 3301.1111111111113 surv 25 def offA_pts1-r2 admit True []
mine: (4) 29 (4)+(5) 19 +(6) 14 admit 14
