donchian-ES-tf15|pm|                 analyst p 0.880 (seed0 0.880) | 20 seeds: min 0.770 max 0.905 pass  0/20 | 4000 draws p 0.8442 | analyst BUILD pass False | other controls ok True
donchian-ES-tf5|pm|                  analyst p 0.990 (seed0 0.990) | 20 seeds: min 0.980 max 1.000 pass 20/20 | 4000 draws p 0.9952 | analyst BUILD pass True | other controls ok True
donchian-NQ-tf15|pm|                 analyst p 0.990 (seed0 0.990) | 20 seeds: min 0.980 max 1.000 pass 20/20 | 4000 draws p 0.9922 | analyst BUILD pass True | other controls ok True
donchian-NQ-tf30|nyam|               analyst p 0.935 (seed0 0.935) | 20 seeds: min 0.920 max 0.980 pass 16/20 | 4000 draws p 0.9553 | analyst BUILD pass False | other controls ok True
donchian-NQ-tf5|pm|                  analyst p 0.930 (seed0 0.930) | 20 seeds: min 0.930 max 0.970 pass 13/20 | 4000 draws p 0.9517 | analyst BUILD pass False | other controls ok True
donchian_fbook-NQ-tf30|nyam|         analyst p 0.960 (seed0 0.960) | 20 seeds: min 0.950 max 0.990 pass 20/20 | 4000 draws p 0.9735 | analyst BUILD pass False | other controls ok False
donchian_fbook-NQ-tf30|pm|           analyst p 0.960 (seed0 0.960) | 20 seeds: min 0.930 max 0.990 pass 14/20 | 4000 draws p 0.9585 | analyst BUILD pass False | other controls ok False
donchian_fbook-NQ-tf5|pm|            analyst p 0.895 (seed0 0.895) | 20 seeds: min 0.845 max 0.925 pass  0/20 | 4000 draws p 0.8842 | analyst BUILD pass False | other controls ok False
donchian_xbook-NQ-tf30|pm|           analyst p 0.985 (seed0 0.985) | 20 seeds: min 0.985 max 1.000 pass 20/20 | 4000 draws p 0.9972 | analyst BUILD pass False | other controls ok False
ema_pullback-NQ-tf15|eve|            analyst p 0.975 (seed0 0.975) | 20 seeds: min 0.950 max 0.990 pass 20/20 | 4000 draws p 0.9657 | analyst BUILD pass True | other controls ok True
ema_pullback-NQ-tf15|pm|             analyst p 0.900 (seed0 0.900) | 20 seeds: min 0.865 max 0.945 pass  0/20 | 4000 draws p 0.8988 | analyst BUILD pass False | other controls ok True
ema_pullback-NQ-tf15|pre|            analyst p 0.980 (seed0 0.980) | 20 seeds: min 0.960 max 0.990 pass 20/20 | 4000 draws p 0.9780 | analyst BUILD pass True | other controls ok True
ema_pullback-NQ-tf1|nyam|            analyst p 0.950 (seed0 0.950) | 20 seeds: min 0.910 max 0.970 pass 11/20 | 4000 draws p 0.9480 | analyst BUILD pass True | other controls ok True
ema_pullback-NQ-tf30|pm|             analyst p 0.915 (seed0 0.915) | 20 seeds: min 0.860 max 0.950 pass  3/20 | 4000 draws p 0.9130 | analyst BUILD pass False | other controls ok True
ema_pullback-NQ-tf5|mid|             analyst p 0.935 (seed0 0.935) | 20 seeds: min 0.905 max 0.965 pass  4/20 | 4000 draws p 0.9347 | analyst BUILD pass False | other controls ok True
ema_ribbon-ES-tf30|pm|               analyst p 0.895 (seed0 0.895) | 20 seeds: min 0.825 max 0.915 pass  0/20 | 4000 draws p 0.8742 | analyst BUILD pass False | other controls ok True
first_bar_mom-ES-tf15|mid|           analyst p 0.975 (seed0 0.975) | 20 seeds: min 0.960 max 1.000 pass 20/20 | 4000 draws p 0.9828 | analyst BUILD pass True | other controls ok True
first_bar_mom-ES-tf15|pm|            analyst p 0.970 (seed0 0.970) | 20 seeds: min 0.945 max 0.990 pass 18/20 | 4000 draws p 0.9705 | analyst BUILD pass True | other controls ok True
first_bar_mom-ES-tf5|mid|            analyst p 0.900 (seed0 0.900) | 20 seeds: min 0.850 max 0.935 pass  0/20 | 4000 draws p 0.8925 | analyst BUILD pass False | other controls ok True
first_bar_mom-GC-tf15|mid|           analyst p 0.925 (seed0 0.925) | 20 seeds: min 0.905 max 0.970 pass  8/20 | 4000 draws p 0.9383 | analyst BUILD pass False | other controls ok True
first_bar_mom-NQ-tf30|mid|           analyst p 0.980 (seed0 0.980) | 20 seeds: min 0.980 max 1.000 pass 20/20 | 4000 draws p 0.9902 | analyst BUILD pass True | other controls ok True
first_bar_mom-NQ-tf30|pre|           analyst p 0.930 (seed0 0.930) | 20 seeds: min 0.920 max 0.980 pass 10/20 | 4000 draws p 0.9487 | analyst BUILD pass False | other controls ok True
flow_exhaust-NQ-tf1|eve|             analyst p 0.955 (seed0 0.955) | 20 seeds: min 0.905 max 0.970 pass  9/20 | 4000 draws p 0.9395 | analyst BUILD pass True | other controls ok True
ib-ES-tf30|mid|mode=break            analyst p 0.965 (seed0 0.965) | 20 seeds: min 0.955 max 1.000 pass 20/20 | 4000 draws p 0.9758 | analyst BUILD pass True | other controls ok True
ib-NQ-tf15|mid|mode=break            analyst p 0.995 (seed0 0.995) | 20 seeds: min 0.995 max 1.000 pass 20/20 | 4000 draws p 0.9990 | analyst BUILD pass True | other controls ok True
ib-NQ-tf5|mid|mode=break             analyst p 0.985 (seed0 0.985) | 20 seeds: min 0.970 max 1.000 pass 20/20 | 4000 draws p 0.9850 | analyst BUILD pass True | other controls ok True
orb-NQ-tf15|pre|                     analyst p 0.970 (seed0 0.970) | 20 seeds: min 0.945 max 0.990 pass 19/20 | 4000 draws p 0.9677 | analyst BUILD pass True | other controls ok True
orb-NQ-tf30|pre|                     analyst p 0.900 (seed0 0.900) | 20 seeds: min 0.895 max 0.940 pass  0/20 | 4000 draws p 0.9110 | analyst BUILD pass False | other controls ok True
orb_thin-NQ-tf15|pre|                analyst p 0.910 (seed0 0.910) | 20 seeds: min 0.845 max 0.935 pass  0/20 | 4000 draws p 0.8920 | analyst BUILD pass False | other controls ok False
orb_thin-NQ-tf30|pre|                analyst p 0.930 (seed0 0.930) | 20 seeds: min 0.925 max 0.975 pass  8/20 | 4000 draws p 0.9450 | analyst BUILD pass False | other controls ok False
orb_thin-NQ-tf5|pre|                 analyst p 0.930 (seed0 0.930) | 20 seeds: min 0.870 max 0.940 pass  0/20 | 4000 draws p 0.9117 | analyst BUILD pass False | other controls ok False
pinbar-NQ-tf5|pre|                   analyst p 0.940 (seed0 0.940) | 20 seeds: min 0.920 max 0.975 pass  9/20 | 4000 draws p 0.9460 | analyst BUILD pass False | other controls ok True
rsi2-ES-tf30|eve|                    analyst p 0.995 (seed0 0.995) | 20 seeds: min 0.995 max 1.000 pass 20/20 | 4000 draws p 0.9998 | analyst BUILD pass True | other controls ok True
straddle-NQ-tf1|pm|                  analyst p 0.910 (seed0 0.910) | 20 seeds: min 0.850 max 0.940 pass  0/20 | 4000 draws p 0.8988 | analyst BUILD pass False | other controls ok True
straddle-NQ-tf30|pm|                 analyst p 0.910 (seed0 0.910) | 20 seeds: min 0.910 max 0.970 pass  7/20 | 4000 draws p 0.9427 | analyst BUILD pass False | other controls ok True
supertrend-GC-tf30|nyam|             analyst p 0.995 (seed0 0.995) | 20 seeds: min 0.975 max 1.000 pass 20/20 | 4000 draws p 0.9910 | analyst BUILD pass True | other controls ok True
supertrend-NQ-tf30|mid|              analyst p 0.935 (seed0 0.935) | 20 seeds: min 0.890 max 0.970 pass  3/20 | 4000 draws p 0.9267 | analyst BUILD pass False | other controls ok True
sweep_rev-NQ-tf1|eve|                analyst p 0.935 (seed0 0.935) | 20 seeds: min 0.905 max 0.965 pass  5/20 | 4000 draws p 0.9345 | analyst BUILD pass False | other controls ok True
tema_slope-NQ-tf15|pre|              analyst p 0.955 (seed0 0.955) | 20 seeds: min 0.920 max 0.975 pass 12/20 | 4000 draws p 0.9503 | analyst BUILD pass True | other controls ok True
tema_slope-NQ-tf30|eve|              analyst p 0.985 (seed0 0.985) | 20 seeds: min 0.960 max 0.995 pass 20/20 | 4000 draws p 0.9828 | analyst BUILD pass True | other controls ok True
tema_slope-NQ-tf30|mid|              analyst p 0.950 (seed0 0.950) | 20 seeds: min 0.905 max 0.975 pass 12/20 | 4000 draws p 0.9490 | analyst BUILD pass True | other controls ok True
tema_slope-NQ-tf30|pre|              analyst p 0.975 (seed0 0.975) | 20 seeds: min 0.950 max 0.990 pass 20/20 | 4000 draws p 0.9680 | analyst BUILD pass True | other controls ok True
tod_drift-NQ-tf30|pm|dir=long        analyst p 0.970 (seed0 0.970) | 20 seeds: min 0.960 max 0.990 pass 20/20 | 4000 draws p 0.9808 | analyst BUILD pass True | other controls ok True
vwap_band-NQ-tf15|eve|               analyst p 0.925 (seed0 0.925) | 20 seeds: min 0.850 max 0.950 pass  1/20 | 4000 draws p 0.8980 | analyst BUILD pass False | other controls ok True
vwap_band-NQ-tf30|eve|               analyst p 0.950 (seed0 0.950) | 20 seeds: min 0.885 max 0.950 pass  2/20 | 4000 draws p 0.9207 | analyst BUILD pass True | other controls ok True
vwap_flip-NQ-tf15|pm|                analyst p 0.960 (seed0 0.960) | 20 seeds: min 0.915 max 0.975 pass  6/20 | 4000 draws p 0.9433 | analyst BUILD pass True | other controls ok True
vwap_flip-NQ-tf15|pre|               analyst p 0.975 (seed0 0.975) | 20 seeds: min 0.950 max 0.995 pass 20/20 | 4000 draws p 0.9748 | analyst BUILD pass True | other controls ok True
vwap_flip-NQ-tf5|pre|                analyst p 0.980 (seed0 0.980) | 20 seeds: min 0.960 max 0.995 pass 20/20 | 4000 draws p 0.9732 | analyst BUILD pass True | other controls ok True
vwap_z-ES-tf30|asia|                 analyst p 0.880 (seed0 0.880) | 20 seeds: min 0.845 max 0.915 pass  0/20 | 4000 draws p 0.8785 | analyst BUILD pass False | other controls ok True
vwap_z-NQ-tf30|mid|                  analyst p 0.945 (seed0 0.945) | 20 seeds: min 0.920 max 0.975 pass 11/20 | 4000 draws p 0.9503 | analyst BUILD pass False | other controls ok True
orb_confirm-ES-tf15|pm|dir=long      analyst p 0.895 (seed0 0.895) | 20 seeds: min 0.875 max 0.960 pass  2/20 | 4000 draws p 0.9093 | analyst BUILD pass False | other controls ok True
orb_confirm-ES-tf1|pm|dir=long       analyst p 0.950 (seed0 0.950) | 20 seeds: min 0.905 max 0.960 pass 11/20 | 4000 draws p 0.9455 | analyst BUILD pass True | other controls ok True
orb_confirm-NQ-tf15|mid|dir=long     analyst p 0.905 (seed0 0.905) | 20 seeds: min 0.875 max 0.940 pass  0/20 | 4000 draws p 0.9180 | analyst BUILD pass False | other controls ok True
vol_spike_break-ES-tf30|pm|          analyst p 0.990 (seed0 0.990) | 20 seeds: min 0.985 max 1.000 pass 20/20 | 4000 draws p 0.9960 | analyst BUILD pass True | other controls ok True
vol_spike_break-NQ-tf5|pm|           analyst p 0.930 (seed0 0.930) | 20 seeds: min 0.930 max 0.985 pass 15/20 | 4000 draws p 0.9595 | analyst BUILD pass False | other controls ok True
vwap_trend_pull-ES-tf5|pm|           analyst p 0.910 (seed0 0.910) | 20 seeds: min 0.840 max 0.945 pass  0/20 | 4000 draws p 0.9097 | analyst BUILD pass False | other controls ok True
vwap_trend_pull-NQ-tf1|pm|           analyst p 0.955 (seed0 0.955) | 20 seeds: min 0.925 max 0.980 pass 15/20 | 4000 draws p 0.9525 | analyst BUILD pass True | other controls ok True
