check donchian-ES-tf5 pm: 10 days, 128 cells, 2048 stored trades, cells that differ: 0
check c1-ES-tf5 pm: 10 days, 64 cells, 1337 stored trades, cells that differ: 0
check donchian-NQ-tf15 pm: 10 days, 128 cells, 1059 stored trades, cells that differ: 0
check c1-NQ-tf15 pm: 10 days, 64 cells, 1187 stored trades, cells that differ: 0
check donchian_thin-NQ-tf30 nyam: 10 days, 64 cells, 96 stored trades, cells that differ: 0
check donchian_thin-NQ-tf30-c2s1 nyam: 10 days, 64 cells, 32 stored trades, cells that differ: 0
check donchian_thin-NQ-tf30-c2s2 nyam: 10 days, 64 cells, 32 stored trades, cells that differ: 0
check ema_pullback-NQ-tf1 nyam: 10 days, 32 cells, 824 stored trades, cells that differ: 0
check c1-NQ-tf1 nyam: 10 days, 64 cells, 1700 stored trades, cells that differ: 0
check ema_pullback-NQ-tf1 pm: 10 days, 32 cells, 703 stored trades, cells that differ: 0
check c1-NQ-tf1 pm: 10 days, 64 cells, 1433 stored trades, cells that differ: 0
check ema_pullback-NQ-tf15 eve: 10 days, 32 cells, 260 stored trades, cells that differ: 0
check c1-NQ-tf15 eve: 10 days, 64 cells, 1144 stored trades, cells that differ: 0
check ema_pullback-NQ-tf15 mid: 10 days, 32 cells, 254 stored trades, cells that differ: 0
check c1-NQ-tf15 mid: 10 days, 64 cells, 1223 stored trades, cells that differ: 0
check ema_pullback-NQ-tf15 pre: 10 days, 32 cells, 190 stored trades, cells that differ: 0
check c1-NQ-tf15 pre: 10 days, 64 cells, 754 stored trades, cells that differ: 0
check ema_pullback-NQ-tf5 pm: 10 days, 32 cells, 595 stored trades, cells that differ: 0
check first_bar_mom-ES-tf15 mid: 10 days, 96 cells, 352 stored trades, cells that differ: 0
check c1-ES-tf15 mid: 10 days, 64 cells, 1217 stored trades, cells that differ: 0
check first_bar_mom-ES-tf15 pm: 10 days, 96 cells, 96 stored trades, cells that differ: 0
check c1-ES-tf15 pm: 10 days, 64 cells, 1166 stored trades, cells that differ: 0
check first_bar_mom-GC-tf30 mid: 10 days, 96 cells, 192 stored trades, cells that differ: 0
check c1-GC-tf30 mid: 10 days, 64 cells, 685 stored trades, cells that differ: 0
check first_bar_mom-NQ-tf15 mid: 10 days, 96 cells, 288 stored trades, cells that differ: 0
check first_bar_mom-NQ-tf30 mid: 10 days, 96 cells, 544 stored trades, cells that differ: 0
check c1-NQ-tf30 mid: 10 days, 64 cells, 912 stored trades, cells that differ: 0
check first_bar_mom-NQ-tf5 mid: 10 days, 96 cells, 192 stored trades, cells that differ: 0
check c1-NQ-tf5 mid: 10 days, 64 cells, 1482 stored trades, cells that differ: 0
check flow_exhaust-NQ-tf1 eve: 10 days, 96 cells, 510 stored trades, cells that differ: 0
check c1-NQ-tf1 eve: 10 days, 64 cells, 1284 stored trades, cells that differ: 0
check flow_exhaust-NQ-tf1-c2s1 eve: 10 days, 96 cells, 0 stored trades, cells that differ: 0
check flow_exhaust-NQ-tf1-c2s2 eve: 10 days, 96 cells, 0 stored trades, cells that differ: 0
check ib-ES-tf30 mid: 10 days, 32 cells, 192 stored trades, cells that differ: 0
check c1-ES-tf30 mid: 10 days, 64 cells, 868 stored trades, cells that differ: 0
check ib-NQ-tf15 mid: 10 days, 32 cells, 128 stored trades, cells that differ: 0
check ib-NQ-tf30 mid: 10 days, 32 cells, 128 stored trades, cells that differ: 0
check ib-NQ-tf5 mid: 10 days, 32 cells, 128 stored trades, cells that differ: 0
check orb-NQ-tf15 pre: 10 days, 96 cells, 832 stored trades, cells that differ: 0
check orb_confirm-ES-tf1 pm: 10 days, 96 cells, 576 stored trades, cells that differ: 0
check c1-ES-tf1 pm: 10 days, 64 cells, 1409 stored trades, cells that differ: 0
check orb_confirm-ES-tf5 pm: 10 days, 96 cells, 576 stored trades, cells that differ: 0
check orb_confirm-NQ-tf15 pm: 10 days, 96 cells, 576 stored trades, cells that differ: 0
check orb_confirm-NQ-tf5 pm: 10 days, 96 cells, 576 stored trades, cells that differ: 0
check rsi2-ES-tf30 eve: 10 days, 96 cells, 980 stored trades, cells that differ: 0
check c1-ES-tf30 eve: 10 days, 64 cells, 1039 stored trades, cells that differ: 0
check squeeze-NQ-tf30 pm: 10 days, 96 cells, 192 stored trades, cells that differ: 0
check straddle_t_0830-NQ-tf30-shift pre: 10 days, 320 cells, 3040 stored trades, cells that differ: 0
check straddle_t_1105-NQ-tf30 mid: 10 days, 160 cells, 1568 stored trades, cells that differ: 0
check straddle_t_1105-NQ-tf30-shift mid: 10 days, 320 cells, 3008 stored trades, cells that differ: 0
check straddle_t_1800-NQ-tf30 eve: 10 days, 160 cells, 1088 stored trades, cells that differ: 0
check straddle_t_1800-NQ-tf30-shift eve: 10 days, 320 cells, 2080 stored trades, cells that differ: 0
check straddle_tight_0830-ES-tf30 pre: 10 days, 27 cells, 225 stored trades, cells that differ: 0
check straddle_tight_0830-ES-tf30-shift pre: 10 days, 54 cells, 432 stored trades, cells that differ: 0
check straddle_tight_1000-ES-tf30 nyam: 10 days, 27 cells, 252 stored trades, cells that differ: 0
check straddle_tight_1000-ES-tf30-shift nyam: 10 days, 54 cells, 477 stored trades, cells that differ: 0
check straddle_tight_1000-NQ-tf30 nyam: 10 days, 27 cells, 270 stored trades, cells that differ: 0
check straddle_tight_1000-NQ-tf30-shift nyam: 10 days, 54 cells, 513 stored trades, cells that differ: 0
check supertrend-GC-tf30 nyam: 10 days, 32 cells, 32 stored trades, cells that differ: 0
check c1-GC-tf30 nyam: 10 days, 64 cells, 487 stored trades, cells that differ: 0
check tema_slope-NQ-tf15 pre: 10 days, 96 cells, 504 stored trades, cells that differ: 0
check tema_slope-NQ-tf30 eve: 10 days, 96 cells, 661 stored trades, cells that differ: 0
check tema_slope-NQ-tf30 mid: 10 days, 96 cells, 479 stored trades, cells that differ: 0
check tema_slope-NQ-tf30 pre: 10 days, 96 cells, 320 stored trades, cells that differ: 0
check c1-NQ-tf30 pre: 10 days, 64 cells, 474 stored trades, cells that differ: 0
check tod_drift-NQ-tf30 pm: 10 days, 128 cells, 1024 stored trades, cells that differ: 0
check vol_spike_break-ES-tf30 pm: 10 days, 96 cells, 444 stored trades, cells that differ: 0
check vwap_band-NQ-tf30 eve: 10 days, 128 cells, 353 stored trades, cells that differ: 0
check vwap_flip-NQ-tf15 pm: 10 days, 96 cells, 862 stored trades, cells that differ: 0
check vwap_flip-NQ-tf15 pre: 10 days, 64 cells, 256 stored trades, cells that differ: 0
check vwap_flip-NQ-tf5 pre: 10 days, 96 cells, 752 stored trades, cells that differ: 0
check c1-NQ-tf5 pre: 10 days, 64 cells, 999 stored trades, cells that differ: 0
check vwap_trend_pull-ES-tf30 pm: 10 days, 96 cells, 160 stored trades, cells that differ: 0
check vwap_trend_pull-NQ-tf1 pm: 10 days, 96 cells, 1659 stored trades, cells that differ: 0
