donchian-ES-tf30|pm|                       no    survivors   0 default None failed ['4', '5', '6']
donchian-ES-tf5|pm|                        no    survivors   0 default None failed ['4', '5', '6']
donchian-NQ-tf15|pm|                       no    survivors   0 default None failed ['5', '6']
donchian-NQ-tf30|pm|                       no    survivors   0 default None failed ['4', '5', '6']
donchian_thin-NQ-tf30|nyam|                no    survivors   0 default None failed ['5', '6']
ema_pullback-NQ-tf15|eve|                  no    survivors   0 default None failed ['4', '6']
ema_pullback-NQ-tf15|mid|                  no    survivors   0 default None failed ['6']
ema_pullback-NQ-tf15|pre|                  no    survivors   0 default None failed ['5', '6']
ema_pullback-NQ-tf1|nyam|                  no    survivors   0 default None failed ['5', '6']
ema_pullback-NQ-tf1|pm|                    no    survivors   0 default None failed ['4', '5', '6']
ema_pullback-NQ-tf5|pm|                    no    survivors   0 default None failed ['4', '5', '6']
first_bar_mom-ES-tf15|mid|                 ADMIT survivors  25 default k1p5_atr1p5-r2 failed []
first_bar_mom-ES-tf15|pm|                  no    survivors   0 default None failed ['4', '5', '6']
first_bar_mom-GC-tf30|mid|                 no    survivors   0 default None failed ['4', '5', '6']
first_bar_mom-NQ-tf15|mid|                 ADMIT survivors  39 default k1p5_atr3-r2 failed []
first_bar_mom-NQ-tf30|mid|                 ADMIT survivors  43 default k1p5_pts45-r3 failed []
first_bar_mom-NQ-tf5|mid|                  no    survivors   0 default None failed ['5', '6']
flow_exhaust-NQ-tf1|eve|                   no    survivors   0 default None failed ['4', '5', '6']
ib-ES-tf30|mid|mode=break                  no    survivors   0 default None failed ['4', '5', '6']
ib-NQ-tf15|mid|mode=break                  no    survivors   0 default None failed ['4', '5', '6']
ib-NQ-tf30|mid|mode=break                  no    survivors   0 default None failed ['4', '5', '6']
ib-NQ-tf5|mid|mode=break                   no    survivors   0 default None failed ['4', '5', '6']
orb-NQ-tf15|pre|                           ADMIT survivors  50 default or_min15_pct0p1-r0 failed []
rsi2-ES-tf30|eve|                          no    survivors   0 default None failed ['4', '5', '6']
squeeze-NQ-tf30|pm|                        no    survivors   0 default None failed ['4', '5', '6']
straddle_t_0830-NQ-tf30|pre|               ADMIT survivors  67 default offatr0p25_pct0p1-r0 failed []
straddle_t_1105-NQ-tf30|mid|               no    survivors   0 default None failed ['5', '6']
straddle_t_1800-NQ-tf30|eve|               ADMIT survivors  61 default offatr0p25_pts45-r2 failed []
supertrend-GC-tf30|nyam|                   no    survivors   0 default None failed ['4', '5', '6']
tema_slope-NQ-tf15|pre|                    no    survivors   0 default None failed ['4', '5', '6']
tema_slope-NQ-tf30|eve|                    ADMIT survivors  51 default n40_pct0p1-r0 failed []
tema_slope-NQ-tf30|mid|                    no    survivors   0 default None failed ['4', '6']
tema_slope-NQ-tf30|pre|                    no    survivors   0 default None failed ['4', '5', '6']
tod_drift-NQ-tf30|pm|dir=long              no    survivors   0 default None failed ['4', '5', '6']
vwap_band-NQ-tf30|eve|                     no    survivors   0 default None failed ['4', '5', '6']
vwap_flip-NQ-tf15|pm|                      no    survivors   0 default None failed ['4', '5', '6']
vwap_flip-NQ-tf15|pre|                     no    survivors   0 default None failed ['4', '5', '6']
vwap_flip-NQ-tf5|pre|                      no    survivors   0 default None failed ['4', '5', '6']
orb_confirm-ES-tf1|pm|dir=long             no    survivors   0 default None failed ['4', '5', '6']
orb_confirm-ES-tf5|pm|dir=long             no    survivors   0 default None failed ['4', '5', '6']
orb_confirm-NQ-tf15|pm|dir=long            no    survivors   0 default None failed ['4', '5', '6']
orb_confirm-NQ-tf5|pm|dir=long             no    survivors   0 default None failed ['5', '6']
straddle_tight_0830-GC-tf30|pre|           no    survivors   0 default None failed ['6']
straddle_tight_0830-NQ-tf30|pre|           ADMIT survivors  19 default offA_pts8-r3 failed []
vol_spike_break-ES-tf30|pm|                no    survivors   0 default None failed ['5', '6']
vol_spike_break-NQ-tf30|pm|                no    survivors   0 default None failed ['6']
vwap_trend_pull-ES-tf30|pm|                no    survivors   0 default None failed ['4', '5', '6']
vwap_trend_pull-NQ-tf1|pm|                 no    survivors   0 default None failed ['5', '6']
vwap_trend_pull-NQ-tf5|pm|                 no    survivors   0 default None failed ['5', '6']
E1-A-NQ                                    ADMIT survivors  24 default offB_pts5-r3 failed []
E1-A-GC                                    ADMIT survivors  24 default offC_pts2-r2 failed []
E1-B-NQ                                    ADMIT survivors  20 default offA_pts5-r3 failed []
E1-B-ES                                    no    survivors   0 default None failed ['6']
E1-B-GC                                    ADMIT survivors  22 default offC_pts2-r2 failed []
E3-C-NQ                                    ADMIT survivors  26 default offA_pts5-r3 failed []
E3-C-ES                                    no    survivors   0 default None failed ['6']
E3-C-GC                                    ADMIT survivors  25 default offA_pts1-r2 failed []
pass all six: 14 of 57
