done donchian-ES-tf5-pm-pick: 128 cells, 41266 trades, wall 24 s
done c1-ES-tf5-pm-pick: 64 cells, 34217 trades, wall 13 s
done donchian-NQ-tf15-pm-pick: 128 cells, 17559 trades, wall 21 s
done c1-NQ-tf15-pm-pick: 64 cells, 30197 trades, wall 12 s
done donchian_thin-NQ-tf30-nyam-pick: 64 cells, 1728 trades, wall 8 s
done donchian_thin-NQ-tf30-nyam-pick-c2s1: 64 cells, 1888 trades, wall 11 s
done donchian_thin-NQ-tf30-nyam-pick-c2s2: 64 cells, 1974 trades, wall 10 s
done ema_pullback-NQ-tf1-nyam-pick: 32 cells, 20816 trades, wall 8 s
done c1-NQ-tf1-nyam-pick: 64 cells, 43250 trades, wall 14 s
done ema_pullback-NQ-tf1-pm-pick: 32 cells, 19373 trades, wall 9 s
done c1-NQ-tf1-pm-pick: 64 cells, 39796 trades, wall 19 s
done ema_pullback-NQ-tf15-eve-pick: 32 cells, 3734 trades, wall 4 s
done c1-NQ-tf15-eve-pick: 64 cells, 29620 trades, wall 12 s
done ema_pullback-NQ-tf15-mid-pick: 32 cells, 7955 trades, wall 6 s
done c1-NQ-tf15-mid-pick: 64 cells, 32471 trades, wall 12 s
done ema_pullback-NQ-tf15-pre-pick: 32 cells, 6860 trades, wall 5 s
done c1-NQ-tf15-pre-pick: 64 cells, 20604 trades, wall 9 s
done ema_pullback-NQ-tf5-pm-pick: 32 cells, 13950 trades, wall 7 s
done first_bar_mom-ES-tf15-mid-pick: 96 cells, 9280 trades, wall 14 s
done c1-ES-tf15-mid-pick: 64 cells, 29910 trades, wall 12 s
done first_bar_mom-ES-tf15-pm-pick: 96 cells, 4704 trades, wall 16 s
done c1-ES-tf15-pm-pick: 64 cells, 28885 trades, wall 12 s
done first_bar_mom-GC-tf30-mid-pick: 96 cells, 7712 trades, wall 13 s
done c1-GC-tf30-mid-pick: 64 cells, 20299 trades, wall 11 s
done first_bar_mom-NQ-tf15-mid-pick: 96 cells, 9184 trades, wall 14 s
done first_bar_mom-NQ-tf30-mid-pick: 96 cells, 12544 trades, wall 15 s
done c1-NQ-tf30-mid-pick: 64 cells, 23259 trades, wall 12 s
done first_bar_mom-NQ-tf5-mid-pick: 96 cells, 4864 trades, wall 15 s
done c1-NQ-tf5-mid-pick: 64 cells, 37122 trades, wall 13 s
done flow_exhaust-NQ-tf1-eve-pick: 96 cells, 22651 trades, wall 61 s
done c1-NQ-tf1-eve-pick: 64 cells, 35146 trades, wall 15 s
done flow_exhaust-NQ-tf1-eve-pick-c2s1: 96 cells, 7211 trades, wall 71 s
done flow_exhaust-NQ-tf1-eve-pick-c2s2: 96 cells, 6720 trades, wall 75 s
done ib-ES-tf30-mid-pick: 32 cells, 4800 trades, wall 5 s
done c1-ES-tf30-mid-pick: 64 cells, 21809 trades, wall 12 s
done ib-NQ-tf15-mid-pick: 32 cells, 4448 trades, wall 6 s
done ib-NQ-tf30-mid-pick: 32 cells, 4448 trades, wall 6 s
done ib-NQ-tf5-mid-pick: 32 cells, 4448 trades, wall 7 s
done orb-NQ-tf15-pre-pick: 96 cells, 21248 trades, wall 13 s
done orb_confirm-ES-tf1-pm-pick: 96 cells, 13664 trades, wall 26 s
done c1-ES-tf1-pm-pick: 64 cells, 38210 trades, wall 18 s
done orb_confirm-ES-tf5-pm-pick: 96 cells, 12896 trades, wall 20 s
done orb_confirm-NQ-tf15-pm-pick: 96 cells, 11072 trades, wall 20 s
done orb_confirm-NQ-tf5-pm-pick: 96 cells, 11904 trades, wall 24 s
done rsi2-ES-tf30-eve-pick: 96 cells, 24766 trades, wall 19 s
done c1-ES-tf30-eve-pick: 64 cells, 22931 trades, wall 17 s
done squeeze-NQ-tf30-pm-pick: 96 cells, 9913 trades, wall 20 s
done straddle_t_0830-NQ-tf30-pre-pick-shift: 320 cells, 76224 trades, wall 50 s
done straddle_t_1105-NQ-tf30-mid-pick: 160 cells, 38752 trades, wall 34 s
done straddle_t_1105-NQ-tf30-mid-pick-shift: 320 cells, 77792 trades, wall 66 s
done straddle_t_1800-NQ-tf30-eve-pick: 160 cells, 33440 trades, wall 19 s
done straddle_t_1800-NQ-tf30-eve-pick-shift: 320 cells, 62272 trades, wall 37 s
done straddle_tight_0830-ES-tf30-pre-pick: 27 cells, 6084 trades, wall 3 s
done straddle_tight_0830-ES-tf30-pre-pick-shift: 54 cells, 10719 trades, wall 6 s
done straddle_tight_1000-ES-tf30-nyam-pick: 27 cells, 6741 trades, wall 4 s
done straddle_tight_1000-ES-tf30-nyam-pick-shift: 54 cells, 12600 trades, wall 7 s
done straddle_tight_1000-NQ-tf30-nyam-pick: 27 cells, 6804 trades, wall 4 s
done straddle_tight_1000-NQ-tf30-nyam-pick-shift: 54 cells, 13140 trades, wall 7 s
done supertrend-GC-tf30-nyam-pick: 32 cells, 1120 trades, wall 4 s
done c1-GC-tf30-nyam-pick: 64 cells, 14195 trades, wall 10 s
done tema_slope-NQ-tf15-pre-pick: 96 cells, 17483 trades, wall 14 s
done tema_slope-NQ-tf30-eve-pick: 96 cells, 13422 trades, wall 14 s
done tema_slope-NQ-tf30-mid-pick: 96 cells, 15357 trades, wall 19 s
done tema_slope-NQ-tf30-pre-pick: 96 cells, 11226 trades, wall 13 s
done c1-NQ-tf30-pre-pick: 64 cells, 14150 trades, wall 10 s
done tod_drift-NQ-tf30-pm-pick: 128 cells, 31872 trades, wall 25 s
done vol_spike_break-ES-tf30-pm-pick: 96 cells, 5693 trades, wall 17 s
done vwap_band-NQ-tf30-eve-pick: 128 cells, 10472 trades, wall 14 s
done vwap_flip-NQ-tf15-pm-pick: 96 cells, 18676 trades, wall 20 s
done vwap_flip-NQ-tf15-pre-pick: 64 cells, 6912 trades, wall 9 s
done vwap_flip-NQ-tf5-pre-pick: 96 cells, 21968 trades, wall 16 s
done c1-NQ-tf5-pre-pick: 64 cells, 27622 trades, wall 11 s
done vwap_trend_pull-ES-tf30-pm-pick: 96 cells, 4852 trades, wall 20 s
done vwap_trend_pull-NQ-tf1-pm-pick: 96 cells, 46427 trades, wall 35 s
EXIT 0
