CHAIN A START 2026-10-05T14:13:36Z
done donchian-NQ-tf30-nyam-pick-stress: 64 cells, 8308 trades, wall 7 s
done runs_check2025/straddle_t_0830-NQ-tf30-pre-check: 160 cells, 36576 trades, sessions 252, used 248-248, errors 0, outside session 0, cells without a trade 0, wall 22 s
done runs_check2025/straddle_t_0830-NQ-tf30-pre-check-stress: 160 cells, 36992 trades, sessions 252, used 248-248, errors 0, outside session 0, cells without a trade 0, wall 108 s
done runs_check2025/straddle_tight_0830-NQ-tf30-pre-check: 27 cells, 6417 trades, sessions 252, used 248-248, errors 0, outside session 0, cells without a trade 0, wall 22 s
done runs_check2025/straddle_tight_0830-NQ-tf30-pre-check-stress: 27 cells, 6507 trades, sessions 252, used 248-248, errors 0, outside session 0, cells without a trade 0, wall 22 s
done runs_check2025/straddle_tight_1000-NQ-tf30-nyam-check: 27 cells, 6687 trades, sessions 252, used 248-248, errors 0, outside session 0, cells without a trade 0, wall 24 s
done runs_check2025/straddle_tight_1000-NQ-tf30-nyam-check-stress: 27 cells, 6903 trades, sessions 252, used 248-248, errors 0, outside session 0, cells without a trade 0, wall 25 s
done runs_check2025/first_bar_mom-NQ-tf30-mid-check: 96 cells, 11392 trades, sessions 252, used 248-248, errors 0, outside session 0, cells without a trade 0, wall 114 s
done runs_check2025/first_bar_mom-NQ-tf30-mid-check-stress: 96 cells, 11392 trades, sessions 252, used 248-248, errors 0, outside session 0, cells without a trade 0, wall 49 s
done runs_check2025/first_bar_mom-NQ-tf15-mid-check: 96 cells, 7200 trades, sessions 252, used 248-248, errors 0, outside session 0, cells without a trade 0, wall 15 s
done runs_check2025/first_bar_mom-NQ-tf15-mid-check-stress: 96 cells, 7200 trades, sessions 252, used 248-248, errors 0, outside session 0, cells without a trade 0, wall 14 s
done runs_check2025/orb-NQ-tf15-pre-check: 96 cells, 21216 trades, sessions 252, used 248-248, errors 0, outside session 0, cells without a trade 0, wall 11 s
done runs_check2025/orb-NQ-tf15-pre-check-stress: 96 cells, 21248 trades, sessions 252, used 248-248, errors 0, outside session 0, cells without a trade 0, wall 14 s
done runs_check2025/straddle_t_1800-NQ-tf30-eve-check: 160 cells, 35616 trades, sessions 252, used 248-248, errors 0, outside session 0, cells without a trade 0, wall 27 s
done runs_check2025/straddle_t_1800-NQ-tf30-eve-check-stress: 160 cells, 35616 trades, sessions 252, used 248-248, errors 0, outside session 0, cells without a trade 0, wall 29 s
done runs_check2025/tema_slope-NQ-tf30-eve-check: 96 cells, 13314 trades, sessions 252, used 248-248, errors 0, outside session 0, cells without a trade 0, wall 19 s
done runs_check2025/tema_slope-NQ-tf30-eve-check-stress: 96 cells, 13329 trades, sessions 252, used 248-248, errors 0, outside session 0, cells without a trade 0, wall 19 s
done runs_check2025/donchian-NQ-tf30-nyam-check: 64 cells, 8887 trades, sessions 252, used 248-248, errors 0, outside session 0, cells without a trade 0, wall 16 s
done runs_check2025/donchian-NQ-tf30-nyam-check-stress: 64 cells, 8912 trades, sessions 252, used 248-248, errors 0, outside session 0, cells without a trade 0, wall 16 s
done runs_check2025/straddle_t_0830-NQ-tf30-pre-check-shift: 320 cells, 75232 trades, sessions 252, used 248-248, errors 0, outside session 0, cells without a trade 0, wall 70 s
done runs_check2025/straddle_tight_0830-NQ-tf30-pre-check-shift: 54 cells, 12177 trades, sessions 252, used 248-248, errors 0, outside session 0, cells without a trade 0, wall 11 s
done runs_check2025/straddle_tight_1000-NQ-tf30-nyam-check-shift: 54 cells, 13032 trades, sessions 252, used 248-248, errors 0, outside session 0, cells without a trade 0, wall 12 s
done runs_check2025/straddle_t_1800-NQ-tf30-eve-check-shift: 320 cells, 64704 trades, sessions 252, used 248-248, errors 0, outside session 0, cells without a trade 0, wall 59 s
done runs_check2025/c1-NQ-tf30-mid-check: 64 cells, 23425 trades, sessions 252, used 248-248, errors 0, outside session 0, cells without a trade 0, wall 20 s
done runs_check2025/c1-NQ-tf15-mid-check: 64 cells, 32584 trades, sessions 252, used 248-248, errors 0, outside session 0, cells without a trade 0, wall 22 s
done runs_check2025/c1-NQ-tf15-pre-check: 64 cells, 20121 trades, sessions 252, used 248-248, errors 0, outside session 0, cells without a trade 0, wall 15 s
done runs_check2025/c1-NQ-tf30-eve-check: 64 cells, 28268 trades, sessions 252, used 248-248, errors 0, outside session 0, cells without a trade 0, wall 20 s
done runs_check2025/c1-NQ-tf30-nyam-check: 64 cells, 14215 trades, sessions 252, used 248-248, errors 0, outside session 0, cells without a trade 0, wall 17 s
done runs_seeds/straddle_t_0830-NQ-tf30-pre-check-shift-s3to10: 1280 cells, 302496 trades, sessions 252, used 248-248, errors 0, outside session 0, cells without a trade 0, wall 258 s
done runs_seeds/straddle_tight_0830-NQ-tf30-pre-check-shift-s3to10: 216 cells, 48744 trades, sessions 252, used 248-248, errors 0, outside session 0, cells without a trade 0, wall 22 s
done runs_seeds/straddle_tight_1000-NQ-tf30-nyam-check-shift-s3to10: 216 cells, 51813 trades, sessions 252, used 248-248, errors 0, outside session 0, cells without a trade 0, wall 22 s
done runs_seeds/straddle_t_1800-NQ-tf30-eve-check-shift-s3to10: 1280 cells, 263232 trades, sessions 252, used 248-248, errors 0, outside session 0, cells without a trade 0, wall 140 s
done runs_seeds/c1-NQ-tf30-mid-check-s3to10: 256 cells, 93446 trades, sessions 252, used 248-248, errors 0, outside session 0, cells without a trade 0, wall 43 s
done runs_seeds/c1-NQ-tf15-mid-check-s3to10: 256 cells, 131965 trades, sessions 252, used 248-248, errors 0, outside session 0, cells without a trade 0, wall 46 s
done runs_seeds/c1-NQ-tf15-pre-check-s3to10: 256 cells, 81597 trades, sessions 252, used 248-248, errors 0, outside session 0, cells without a trade 0, wall 32 s
done runs_seeds/c1-NQ-tf30-eve-check-s3to10: 256 cells, 114006 trades, sessions 252, used 248-248, errors 0, outside session 0, cells without a trade 0, wall 42 s
done runs_seeds/c1-NQ-tf30-nyam-check-s3to10: 256 cells, 58429 trades, sessions 252, used 248-248, errors 0, outside session 0, cells without a trade 0, wall 44 s
done runs_seeds/straddle_t_0830-NQ-tf30-pre-pick-shift-s3to10: 1280 cells, 307136 trades, sessions 252, used 252-252, errors 0, outside session 0, cells without a trade 0, wall 209 s
done runs_seeds/straddle_tight_0830-NQ-tf30-pre-pick-shift-s3to10: 216 cells, 46791 trades, sessions 252, used 252-252, errors 0, outside session 0, cells without a trade 0, wall 178 s
done runs_seeds/straddle_tight_1000-NQ-tf30-nyam-pick-shift-s3to10: 216 cells, 51975 trades, sessions 252, used 252-252, errors 0, outside session 0, cells without a trade 0, wall 26 s
done runs_seeds/straddle_t_1800-NQ-tf30-eve-pick-shift-s3to10: 1280 cells, 244672 trades, sessions 252, used 252-252, errors 0, outside session 0, cells without a trade 0, wall 143 s
done runs_seeds/c1-NQ-tf30-mid-pick-s3to10: 256 cells, 93396 trades, sessions 252, used 252-252, errors 0, outside session 0, cells without a trade 0, wall 47 s
done runs_seeds/c1-NQ-tf15-mid-pick-s3to10: 256 cells, 129161 trades, sessions 252, used 252-252, errors 0, outside session 0, cells without a trade 0, wall 42 s
done runs_seeds/c1-NQ-tf15-pre-pick-s3to10: 256 cells, 81667 trades, sessions 252, used 252-252, errors 0, outside session 0, cells without a trade 0, wall 33 s
done runs_seeds/c1-NQ-tf30-eve-pick-s3to10: 256 cells, 100699 trades, sessions 252, used 252-252, errors 0, outside session 0, cells without a trade 0, wall 44 s
done runs_seeds/c1-NQ-tf30-nyam-pick-s3to10: 256 cells, 59826 trades, sessions 252, used 252-252, errors 0, outside session 0, cells without a trade 0, wall 35 s
done runs_seeds/straddle_t_0830-NQ-tf30-pre-build-shift-s3to10: 1280 cells, 686656 trades, sessions 573, used 568-568, errors 0, outside session 0, cells without a trade 0, wall 344 s
done runs_seeds/straddle_tight_0830-NQ-tf30-pre-build-shift-s3to10: 216 cells, 103968 trades, sessions 573, used 568-568, errors 0, outside session 0, cells without a trade 0, wall 45 s
done runs_seeds/straddle_tight_1000-NQ-tf30-nyam-build-shift-s3to10: 216 cells, 116973 trades, sessions 573, used 568-568, errors 0, outside session 0, cells without a trade 0, wall 48 s
done runs_seeds/straddle_t_1800-NQ-tf30-eve-build-shift-s3to10: 1280 cells, 524096 trades, sessions 573, used 567-567, errors 0, outside session 0, cells without a trade 0, wall 242 s
done runs_seeds/c1-NQ-tf30-mid-build-s3to10: 256 cells, 211472 trades, sessions 573, used 568-568, errors 0, outside session 0, cells without a trade 0, wall 88 s
done runs_seeds/c1-NQ-tf15-mid-build-s3to10: 256 cells, 296096 trades, sessions 573, used 568-568, errors 0, outside session 0, cells without a trade 0, wall 96 s
done runs_seeds/c1-NQ-tf15-pre-build-s3to10: 256 cells, 187651 trades, sessions 573, used 568-568, errors 0, outside session 0, cells without a trade 0, wall 69 s
done runs_seeds/c1-NQ-tf30-eve-build-s3to10: 256 cells, 243846 trades, sessions 573, used 567-567, errors 0, outside session 0, cells without a trade 0, wall 84 s
done runs_seeds/c1-NQ-tf30-nyam-build-s3to10: 256 cells, 133824 trades, sessions 573, used 568-568, errors 0, outside session 0, cells without a trade 0, wall 66 s
done runs_seeds/c1-NQ-tf5-pm-build-s3to10: 256 cells, 339738 trades, sessions 573, used 568-568, errors 0, outside session 0, cells without a trade 0, wall 98 s
CHAIN A DONE 2026-10-05T15:10:40Z
