ema_ribbon NQ 5 ok 2116
tema_slope NQ 5 ok 11311
ema_pullback NQ 5 ok 3687
supertrend NQ 5 ok 2043
rsi2 NQ 5 ok 12777
first_bar_mom NQ 5 ok 2240
tod_drift NQ 5 ok 15488
mid_fade NQ 5 ok 32
ema_ribbon NQ 1 ok 4378
tema_slope NQ 1 ok 14807
ema_pullback NQ 1 ok 4999
supertrend NQ 1 ok 3878
rsi2 NQ 1 ok 15172
first_bar_mom NQ 1 ok 2496
tod_drift NQ 1 ok 15488
mid_fade NQ 1 ok 32
ema_ribbon NQ 15 ok 848
tema_slope NQ 15 ok 7557
ema_pullback NQ 15 ok 2085
supertrend NQ 15 ok 705
rsi2 NQ 15 ok 9320
first_bar_mom NQ 15 ok 2208
tod_drift NQ 15 ok 12928
mid_fade NQ 15 ok 32
ema_ribbon NQ 30 ok 320
tema_slope NQ 30 ok 3909
ema_pullback NQ 30 ok 766
supertrend NQ 30 ok 320
rsi2 NQ 30 ok 5359
first_bar_mom NQ 30 ok 2720
tod_drift NQ 30 ok 11648
mid_fade NQ 30 ok 32
ema_ribbon ES 5 ok 2124
tema_slope ES 5 ok 11105
ema_pullback ES 5 ok 3660
supertrend ES 5 ok 1890
rsi2 ES 5 ok 12185
first_bar_mom ES 5 ok 2080
tod_drift ES 5 ok 15488
mid_fade ES 5 ok 96
ema_ribbon GC 5 ok 1755
tema_slope GC 5 ok 10560
ema_pullback GC 5 ok 3061
supertrend GC 5 ok 1653
rsi2 GC 5 ok 10999
first_bar_mom GC 5 ok 1440
tod_drift GC 5 ok 14592
mid_fade GC 5 ok 96
