# port3 smoke (run_menus.py smoke <family> --root R --tf T --days 10 --workers 1), 2026-10-02 ET: 10 fixed BUILD days, COUNTS ONLY
vwap_band NQ tf5       ok=True cells=128 trades=7230 per_cell=4-157 empty_cells=0 err=0 eve_skipped=0 L/S=4095/3135 parity=True both=0 | eve=1154 asia=1156 london=1329 pre=451 nyam=811 mid=1150 pm=1179
vwap_band ES tf5       ok=True cells=128 trades=7336 per_cell=3-161 empty_cells=0 err=0 eve_skipped=0 L/S=3820/3516 parity=True both=0 | eve=1103 asia=1282 london=1231 pre=552 nyam=934 mid=1202 pm=1032
vwap_band GC tf5       ok=True cells=128 trades=6357 per_cell=6-137 empty_cells=0 err=0 eve_skipped=0 L/S=3472/2885 parity=True both=0 | eve=1679 asia=1076 london=1258 pre=272 nyam=555 mid=800 pm=717
vwap_band NQ tf1       ok=True cells=128 trades=12803 per_cell=26-199 empty_cells=0 err=0 eve_skipped=0 L/S=6789/6014 parity=True both=0 | eve=1712 asia=1747 london=2010 pre=1430 nyam=2034 mid=1935 pm=1935
vwap_band NQ tf15      ok=True cells=128 trades=3190 per_cell=0-73 empty_cells=32 err=0 eve_skipped=0 L/S=1839/1351 parity=True both=0 | eve=689 asia=619 london=797 pre=128 nyam=256 mid=257 pm=444
vwap_band NQ tf30      ok=True cells=128 trades=1181 per_cell=0-28 empty_cells=32 err=0 eve_skipped=0 L/S=485/696 parity=True both=0 | eve=353 asia=352 london=284 pre=0 nyam=0 mid=128 pm=64
vwap_z NQ tf5          ok=True cells=128 trades=7988 per_cell=4-177 empty_cells=0 err=0 eve_skipped=0 L/S=4449/3539 parity=True both=0 | eve=1206 asia=1139 london=1355 pre=549 nyam=1145 mid=1297 pm=1297
vwap_z ES tf5          ok=True cells=128 trades=8110 per_cell=3-181 empty_cells=0 err=0 eve_skipped=0 L/S=4183/3927 parity=True both=0 | eve=1131 asia=1259 london=1249 pre=672 nyam=1304 mid=1316 pm=1179
vwap_z GC tf5          ok=True cells=128 trades=6630 per_cell=6-148 empty_cells=0 err=0 eve_skipped=0 L/S=3767/2863 parity=True both=0 | eve=1691 asia=1085 london=1183 pre=416 nyam=655 mid=813 pm=787
vwap_z NQ tf1          ok=True cells=128 trades=13102 per_cell=26-202 empty_cells=0 err=0 eve_skipped=0 L/S=6891/6211 parity=True both=0 | eve=1769 asia=1702 london=2097 pre=1457 nyam=2082 mid=1970 pm=2025
vwap_z NQ tf15         ok=True cells=128 trades=4376 per_cell=0-116 empty_cells=32 err=0 eve_skipped=0 L/S=2372/2004 parity=True both=0 | eve=790 asia=608 london=879 pre=192 nyam=680 mid=501 pm=726
vwap_z NQ tf30         ok=True cells=128 trades=1673 per_cell=0-43 empty_cells=32 err=0 eve_skipped=0 L/S=809/864 parity=True both=0 | eve=385 asia=375 london=393 pre=0 nyam=0 mid=216 pm=304
vwap_flip NQ tf5       ok=True cells=96 trades=9982 per_cell=74-147 empty_cells=0 err=0 eve_skipped=0 L/S=5053/4929 parity=True both=0 | eve=1569 asia=1530 london=1788 pre=752 nyam=1288 mid=1406 pm=1649
vwap_flip ES tf5       ok=True cells=96 trades=9903 per_cell=79-145 empty_cells=0 err=0 eve_skipped=0 L/S=5132/4771 parity=True both=0 | eve=1641 asia=1469 london=1778 pre=836 nyam=1284 mid=1271 pm=1624
vwap_flip GC tf5       ok=True cells=96 trades=7967 per_cell=58-124 empty_cells=0 err=0 eve_skipped=0 L/S=3638/4329 parity=True both=0 | eve=1487 asia=1242 london=1397 pre=841 nyam=1127 mid=719 pm=1154
vwap_flip NQ tf1       ok=True cells=96 trades=13336 per_cell=86-192 empty_cells=0 err=0 eve_skipped=0 L/S=7187/6149 parity=True both=0 | eve=1756 asia=1911 london=2224 pre=1471 nyam=2033 mid=1995 pm=1946
vwap_flip NQ tf15      ok=True cells=96 trades=5715 per_cell=38-90 empty_cells=0 err=0 eve_skipped=0 L/S=2982/2733 parity=True both=0 | eve=1338 asia=967 london=1248 pre=256 nyam=448 mid=596 pm=862
vwap_flip NQ tf30      ok=True cells=96 trades=2568 per_cell=13-50 empty_cells=0 err=0 eve_skipped=0 L/S=1204/1364 parity=True both=0 | eve=972 asia=380 london=768 pre=0 nyam=0 mid=192 pm=256
pinbar NQ tf5          ok=True cells=96 trades=3924 per_cell=19-78 empty_cells=0 err=0 eve_skipped=0 L/S=2062/1862 parity=True both=0 | eve=964 asia=481 london=821 pre=256 nyam=548 mid=614 pm=240
pinbar ES tf5          ok=True cells=96 trades=4324 per_cell=26-84 empty_cells=0 err=0 eve_skipped=0 L/S=2127/2197 parity=True both=0 | eve=1081 asia=737 london=888 pre=288 nyam=360 mid=457 pm=513
pinbar GC tf5          ok=True cells=96 trades=3343 per_cell=23-57 empty_cells=0 err=0 eve_skipped=0 L/S=1678/1665 parity=True both=0 | eve=953 asia=472 london=546 pre=64 nyam=541 mid=431 pm=336
pinbar NQ tf1          ok=True cells=96 trades=8063 per_cell=51-139 empty_cells=0 err=0 eve_skipped=0 L/S=3895/4168 parity=True both=0 | eve=1421 asia=1433 london=1223 pre=604 nyam=989 mid=1430 pm=963
pinbar NQ tf15         ok=True cells=96 trades=1520 per_cell=7-31 empty_cells=0 err=0 eve_skipped=0 L/S=900/620 parity=True both=0 | eve=424 asia=96 london=564 pre=0 nyam=0 mid=308 pm=128
pinbar NQ tf30         ok=True cells=96 trades=908 per_cell=3-16 empty_cells=0 err=0 eve_skipped=0 L/S=448/460 parity=True both=0 | eve=256 asia=0 london=396 pre=0 nyam=0 mid=224 pm=32
sweep_rev NQ tf5       ok=True cells=96 trades=2924 per_cell=15-47 empty_cells=0 err=0 eve_skipped=0 L/S=1284/1640 parity=True both=0 | eve=64 asia=64 london=901 pre=128 nyam=570 mid=604 pm=593
sweep_rev ES tf5       ok=True cells=96 trades=3057 per_cell=13-51 empty_cells=0 err=0 eve_skipped=0 L/S=1389/1668 parity=True both=0 | eve=0 asia=64 london=920 pre=256 nyam=616 mid=577 pm=624
sweep_rev GC tf5       ok=True cells=96 trades=2252 per_cell=14-37 empty_cells=0 err=0 eve_skipped=0 L/S=1242/1010 parity=True both=0 | eve=128 asia=64 london=596 pre=292 nyam=512 mid=292 pm=368
sweep_rev NQ tf1       ok=True cells=96 trades=3077 per_cell=15-50 empty_cells=0 err=0 eve_skipped=0 L/S=1393/1684 parity=True both=0 | eve=0 asia=64 london=960 pre=192 nyam=618 mid=636 pm=607
sweep_rev NQ tf15      ok=True cells=96 trades=2826 per_cell=15-47 empty_cells=0 err=0 eve_skipped=0 L/S=1100/1726 parity=True both=0 | eve=64 asia=64 london=840 pre=128 nyam=544 mid=593 pm=593
sweep_rev NQ tf30      ok=True cells=96 trades=2333 per_cell=13-37 empty_cells=0 err=0 eve_skipped=0 L/S=882/1451 parity=True both=0 | eve=64 asia=64 london=760 pre=0 nyam=480 mid=527 pm=438
