2026-10-03T14:30:24+00:00 null c1-NQ-tf1: 64 cells, 621655 trades, 117.24 s (wall 118 s, 8 workers)
2026-10-03T14:31:59+00:00 null c1-NQ-tf5: 64 cells, 565853 trades, 92.46 s (wall 93 s, 8 workers)
2026-10-03T14:33:28+00:00 null c1-NQ-tf15: 64 cells, 472198 trades, 87.44 s (wall 88 s, 8 workers)
2026-10-03T14:34:53+00:00 null c1-NQ-tf30: 64 cells, 342626 trades, 83.23 s (wall 83 s, 8 workers)
2026-10-03T14:35:55+00:00 build straddle_t_1800-NQ-tf30: 160 cells, 70112 trades, 61.63 s (wall 62 s, 8 workers)
2026-10-03T14:35:55+00:00 null straddle_t_1800-NQ-tf30-shift: 320 cells, 131104 trades, 61.63 s (wall 62 s, 8 workers)
2026-10-03T14:37:10+00:00 build straddle_t_2000-NQ-tf30: 160 cells, 73632 trades, 74.09 s (wall 74 s, 8 workers)
2026-10-03T14:37:10+00:00 null straddle_t_2000-NQ-tf30-shift: 320 cells, 136160 trades, 74.09 s (wall 74 s, 8 workers)
2026-10-03T14:37:58+00:00 build straddle_t_0000-NQ-tf30: 160 cells, 56736 trades, 47.13 s (wall 47 s, 8 workers)
2026-10-03T14:37:58+00:00 null straddle_t_0000-NQ-tf30-shift: 320 cells, 130208 trades, 47.13 s (wall 47 s, 8 workers)
2026-10-03T14:38:51+00:00 build straddle_t_0200-NQ-tf30: 160 cells, 78816 trades, 52.33 s (wall 52 s, 8 workers)
2026-10-03T14:38:51+00:00 null straddle_t_0200-NQ-tf30-shift: 320 cells, 152480 trades, 52.33 s (wall 53 s, 8 workers)
2026-10-03T14:40:07+00:00 build straddle_t_0300-NQ-tf30: 160 cells, 86976 trades, 74.88 s (wall 75 s, 8 workers)
2026-10-03T14:40:07+00:00 null straddle_t_0300-NQ-tf30-shift: 320 cells, 166112 trades, 74.88 s (wall 75 s, 8 workers)
2026-10-03T14:41:25+00:00 build straddle_t_0830-NQ-tf30: 160 cells, 84096 trades, 77.37 s (wall 77 s, 8 workers)
2026-10-03T14:41:25+00:00 null straddle_t_0830-NQ-tf30-shift: 320 cells, 172960 trades, 77.37 s (wall 78 s, 8 workers)
2026-10-03T14:42:51+00:00 build straddle_t_0930-NQ-tf30: 160 cells, 90816 trades, 84.87 s (wall 85 s, 8 workers)
2026-10-03T14:42:51+00:00 null straddle_t_0930-NQ-tf30-shift: 320 cells, 178304 trades, 84.87 s (wall 85 s, 8 workers)
2026-10-03T14:44:33+00:00 build straddle_t_1105-NQ-tf30: 160 cells, 87200 trades, 101.6 s (wall 102 s, 8 workers)
2026-10-03T14:44:34+00:00 null straddle_t_1105-NQ-tf30-shift: 320 cells, 173600 trades, 101.6 s (wall 102 s, 8 workers)
2026-10-03T14:46:25+00:00 build straddle_t_1330-NQ-tf30: 160 cells, 81152 trades, 110.87 s (wall 111 s, 8 workers)
2026-10-03T14:46:25+00:00 null straddle_t_1330-NQ-tf30-shift: 320 cells, 163776 trades, 110.87 s (wall 111 s, 8 workers)
2026-10-03T14:49:16+00:00 build orb-NQ-tf1: 96 cells, 372256 trades, 169.48 s (wall 170 s, 8 workers)
2026-10-03T14:51:21+00:00 build orb-NQ-tf5: 96 cells, 336000 trades, 123.36 s (wall 124 s, 8 workers)
2026-10-03T14:53:10+00:00 build orb-NQ-tf15: 96 cells, 264032 trades, 108.04 s (wall 108 s, 8 workers)
2026-10-03T14:54:58+00:00 build orb-NQ-tf30: 96 cells, 264032 trades, 106.79 s (wall 107 s, 8 workers)
2026-10-03T14:57:34+00:00 build straddle-NQ-tf1: 96 cells, 272256 trades, 154.96 s (wall 155 s, 8 workers)
2026-10-03T14:59:28+00:00 build straddle-NQ-tf5: 96 cells, 272192 trades, 112.87 s (wall 113 s, 8 workers)
2026-10-03T15:01:16+00:00 build straddle-NQ-tf15: 96 cells, 270048 trades, 106.39 s (wall 107 s, 8 workers)
2026-10-03T15:03:03+00:00 build straddle-NQ-tf30: 96 cells, 265472 trades, 106.03 s (wall 106 s, 8 workers)
2026-10-03T15:07:11+00:00 build donchian-NQ-tf1: 128 cells, 1181267 trades, 243.68 s (wall 245 s, 8 workers)
2026-10-03T15:10:02+00:00 build donchian-NQ-tf5: 128 cells, 665203 trades, 168.04 s (wall 169 s, 8 workers)
2026-10-03T15:12:20+00:00 build donchian-NQ-tf15: 128 cells, 241389 trades, 136.7 s (wall 137 s, 8 workers)
2026-10-03T15:14:28+00:00 build donchian-NQ-tf30: 128 cells, 82328 trades, 127.85 s (wall 128 s, 8 workers)
2026-10-03T15:18:00+00:00 build squeeze-NQ-tf1: 96 cells, 793033 trades, 209.08 s (wall 210 s, 8 workers)
2026-10-03T15:20:18+00:00 build squeeze-NQ-tf5: 96 cells, 490330 trades, 136.05 s (wall 136 s, 8 workers)
2026-10-03T15:22:12+00:00 build squeeze-NQ-tf15: 96 cells, 233402 trades, 112.75 s (wall 113 s, 8 workers)
2026-10-03T15:23:56+00:00 build squeeze-NQ-tf30: 96 cells, 116598 trades, 103.29 s (wall 103 s, 8 workers)
2026-10-03T15:24:56+00:00 build ib-NQ-tf1: 64 cells, 72204 trades, 59.67 s (wall 60 s, 8 workers)
2026-10-03T15:25:41+00:00 build ib-NQ-tf5: 64 cells, 55148 trades, 43.66 s (wall 44 s, 8 workers)
2026-10-03T15:26:21+00:00 build ib-NQ-tf15: 64 cells, 43448 trades, 40.41 s (wall 40 s, 8 workers)
2026-10-03T15:27:01+00:00 build ib-NQ-tf30: 64 cells, 37016 trades, 39.38 s (wall 39 s, 8 workers)
2026-10-03T15:27:26+00:00 build lon_break-NQ-tf1: 96 cells, 52608 trades, 24.72 s (wall 25 s, 8 workers)
2026-10-03T15:27:45+00:00 build lon_break-NQ-tf5: 96 cells, 52384 trades, 18.6 s (wall 19 s, 8 workers)
2026-10-03T15:28:03+00:00 build lon_break-NQ-tf15: 96 cells, 52160 trades, 17.77 s (wall 18 s, 8 workers)
2026-10-03T15:28:22+00:00 build lon_break-NQ-tf30: 96 cells, 51648 trades, 17.69 s (wall 18 s, 8 workers)
2026-10-03T15:28:42+00:00 build gap-NQ-tf1: 64 cells, 25280 trades, 20.17 s (wall 20 s, 8 workers)
2026-10-03T15:28:55+00:00 build gap-NQ-tf5: 64 cells, 24768 trades, 12.99 s (wall 13 s, 8 workers)
2026-10-03T15:29:08+00:00 build gap-NQ-tf15: 64 cells, 24000 trades, 11.93 s (wall 12 s, 8 workers)
2026-10-03T15:29:20+00:00 build gap-NQ-tf30: 64 cells, 23552 trades, 11.83 s (wall 12 s, 8 workers)
2026-10-03T15:30:28+00:00 build ema_ribbon-NQ-tf1: 32 cells, 265381 trades, 67.09 s (wall 67 s, 8 workers)
2026-10-03T15:31:12+00:00 build ema_ribbon-NQ-tf5: 32 cells, 120371 trades, 43.11 s (wall 43 s, 8 workers)
2026-10-03T15:31:47+00:00 build ema_ribbon-NQ-tf15: 32 cells, 43807 trades, 35.09 s (wall 35 s, 8 workers)
2026-10-03T15:32:20+00:00 build ema_ribbon-NQ-tf30: 32 cells, 17524 trades, 32.51 s (wall 33 s, 8 workers)
2026-10-03T15:35:48+00:00 build tema_slope-NQ-tf1: 96 cells, 912670 trades, 204.43 s (wall 205 s, 8 workers)
2026-10-03T15:38:17+00:00 build tema_slope-NQ-tf5: 96 cells, 704224 trades, 145.66 s (wall 146 s, 8 workers)
2026-10-03T15:40:26+00:00 build tema_slope-NQ-tf15: 96 cells, 432387 trades, 127.29 s (wall 128 s, 8 workers)
2026-10-03T15:42:19+00:00 build tema_slope-NQ-tf30: 96 cells, 223189 trades, 112.15 s (wall 112 s, 8 workers)
2026-10-03T15:43:25+00:00 build ema_pullback-NQ-tf1: 32 cells, 299094 trades, 64.76 s (wall 65 s, 8 workers)
2026-10-03T15:44:13+00:00 build ema_pullback-NQ-tf5: 32 cells, 216172 trades, 46.57 s (wall 47 s, 8 workers)
2026-10-03T15:44:52+00:00 build ema_pullback-NQ-tf15: 32 cells, 109650 trades, 38.06 s (wall 38 s, 8 workers)
2026-10-03T15:45:25+00:00 build ema_pullback-NQ-tf30: 32 cells, 41415 trades, 33.14 s (wall 33 s, 8 workers)
2026-10-03T15:46:36+00:00 build supertrend-NQ-tf1: 32 cells, 254186 trades, 69.5 s (wall 70 s, 8 workers)
2026-10-03T15:47:19+00:00 build supertrend-NQ-tf5: 32 cells, 101629 trades, 42.69 s (wall 43 s, 8 workers)
2026-10-03T15:47:55+00:00 build supertrend-NQ-tf15: 32 cells, 40608 trades, 35.4 s (wall 35 s, 8 workers)
2026-10-03T15:48:29+00:00 build supertrend-NQ-tf30: 32 cells, 15552 trades, 33.23 s (wall 33 s, 8 workers)
2026-10-03T15:51:59+00:00 build rsi2-NQ-tf1: 96 cells, 923221 trades, 206.75 s (wall 207 s, 8 workers)
2026-10-03T15:54:29+00:00 build rsi2-NQ-tf5: 96 cells, 767690 trades, 146.77 s (wall 147 s, 8 workers)
2026-10-03T15:56:40+00:00 build rsi2-NQ-tf15: 96 cells, 544931 trades, 129.23 s (wall 130 s, 8 workers)
2026-10-03T15:58:40+00:00 build rsi2-NQ-tf30: 96 cells, 344987 trades, 118.65 s (wall 119 s, 8 workers)
2026-10-03T16:01:10+00:00 build first_bar_mom-NQ-tf1: 96 cells, 139584 trades, 149.38 s (wall 149 s, 8 workers)
2026-10-03T16:02:59+00:00 build first_bar_mom-NQ-tf5: 96 cells, 125056 trades, 108.08 s (wall 108 s, 8 workers)
2026-10-03T16:04:42+00:00 build first_bar_mom-NQ-tf15: 96 cells, 139104 trades, 102.17 s (wall 102 s, 8 workers)
2026-10-03T16:06:24+00:00 build first_bar_mom-NQ-tf30: 96 cells, 150688 trades, 101.36 s (wall 101 s, 8 workers)
2026-10-03T16:12:54+00:00 build tod_drift-NQ-tf1: 256 cells, 907584 trades, 387.11 s (wall 388 s, 8 workers)
2026-10-03T16:17:43+00:00 build tod_drift-NQ-tf5: 256 cells, 907584 trades, 286.42 s (wall 287 s, 8 workers)
2026-10-03T16:22:19+00:00 build tod_drift-NQ-tf15: 256 cells, 762304 trades, 272.69 s (wall 273 s, 8 workers)
2026-10-03T16:26:54+00:00 build tod_drift-NQ-tf30: 256 cells, 689664 trades, 272.72 s (wall 273 s, 8 workers)
2026-10-03T16:27:13+00:00 build mid_fade-NQ-tf1: 32 cells, 6112 trades, 18.77 s (wall 19 s, 8 workers)
2026-10-03T16:27:23+00:00 build mid_fade-NQ-tf5: 32 cells, 6112 trades, 9.31 s (wall 9 s, 8 workers)
2026-10-03T16:27:31+00:00 build mid_fade-NQ-tf15: 32 cells, 6112 trades, 7.87 s (wall 8 s, 8 workers)
2026-10-03T16:27:38+00:00 build mid_fade-NQ-tf30: 32 cells, 6112 trades, 7.4 s (wall 7 s, 8 workers)
2026-10-03T16:31:44+00:00 build vwap_band-NQ-tf1: 128 cells, 777786 trades, 242.93 s (wall 244 s, 8 workers)
2026-10-03T16:34:32+00:00 build vwap_band-NQ-tf5: 128 cells, 433262 trades, 166.02 s (wall 166 s, 8 workers)
2026-10-03T16:36:57+00:00 build vwap_band-NQ-tf15: 128 cells, 199211 trades, 143.35 s (wall 144 s, 8 workers)
2026-10-03T16:39:10+00:00 build vwap_band-NQ-tf30: 128 cells, 73560 trades, 132.82 s (wall 133 s, 8 workers)
2026-10-03T16:43:08+00:00 build vwap_z-NQ-tf1: 128 cells, 792908 trades, 234.94 s (wall 236 s, 8 workers)
2026-10-03T16:45:55+00:00 build vwap_z-NQ-tf5: 128 cells, 478841 trades, 165.5 s (wall 166 s, 8 workers)
2026-10-03T16:48:22+00:00 build vwap_z-NQ-tf15: 128 cells, 253777 trades, 145.06 s (wall 145 s, 8 workers)
2026-10-03T16:50:37+00:00 build vwap_z-NQ-tf30: 128 cells, 108480 trades, 134.96 s (wall 135 s, 8 workers)
2026-10-03T16:53:49+00:00 build vwap_flip-NQ-tf1: 96 cells, 775544 trades, 188.72 s (wall 189 s, 8 workers)
2026-10-03T16:56:07+00:00 build vwap_flip-NQ-tf5: 96 cells, 584557 trades, 135.47 s (wall 136 s, 8 workers)
2026-10-03T16:58:09+00:00 build vwap_flip-NQ-tf15: 96 cells, 333955 trades, 120.21 s (wall 120 s, 8 workers)
2026-10-03T16:59:57+00:00 build vwap_flip-NQ-tf30: 96 cells, 144793 trades, 107.29 s (wall 107 s, 8 workers)
2026-10-03T17:02:52+00:00 build pinbar-NQ-tf1: 96 cells, 434398 trades, 173.46 s (wall 174 s, 8 workers)
2026-10-03T17:04:49+00:00 build pinbar-NQ-tf5: 96 cells, 199107 trades, 115.89 s (wall 116 s, 8 workers)
2026-10-03T17:06:31+00:00 build pinbar-NQ-tf15: 96 cells, 89407 trades, 101.48 s (wall 102 s, 8 workers)
2026-10-03T17:08:08+00:00 build pinbar-NQ-tf30: 96 cells, 43600 trades, 96.61 s (wall 97 s, 8 workers)
2026-10-03T17:10:46+00:00 build sweep_rev-NQ-tf1: 96 cells, 203812 trades, 156.96 s (wall 157 s, 8 workers)
2026-10-03T17:12:38+00:00 build sweep_rev-NQ-tf5: 96 cells, 184619 trades, 111.63 s (wall 112 s, 8 workers)
2026-10-03T17:14:22+00:00 build sweep_rev-NQ-tf15: 96 cells, 160302 trades, 103.27 s (wall 103 s, 8 workers)
2026-10-03T17:16:04+00:00 build sweep_rev-NQ-tf30: 96 cells, 131824 trades, 100.85 s (wall 101 s, 8 workers)
2026-10-03T17:22:30+00:00 build vwap_ema_x-NQ-tf1: 192 cells, 1107240 trades, 382.11 s (wall 383 s, 8 workers)
2026-10-03T17:26:52+00:00 build vwap_ema_x-NQ-tf5: 192 cells, 639422 trades, 259.97 s (wall 261 s, 8 workers)
2026-10-03T17:30:41+00:00 build vwap_ema_x-NQ-tf15: 192 cells, 358017 trades, 227.5 s (wall 228 s, 8 workers)
2026-10-03T17:33:14+00:00 build bimb_follow_d1-NQ-tf5: 96 cells, 440917 trades, 151.14 s (wall 152 s, 8 workers)
2026-10-03T17:35:49+00:00 null bimb_follow_d1-NQ-tf5-c2s1: 96 cells, 428002 trades, 152.73 s (wall 153 s, 8 workers)
2026-10-03T17:38:23+00:00 null bimb_follow_d1-NQ-tf5-c2s2: 96 cells, 429178 trades, 153.23 s (wall 154 s, 8 workers)
2026-10-03T17:45:36+00:00 build flow_exhaust-NQ-tf1: 96 cells, 249445 trades, 431.11 s (wall 431 s, 8 workers)
2026-10-03T17:53:17+00:00 null flow_exhaust-NQ-tf1-c2s1: 96 cells, 152116 trades, 460.09 s (wall 460 s, 8 workers)
2026-10-03T18:00:53+00:00 null flow_exhaust-NQ-tf1-c2s2: 96 cells, 160064 trades, 456.25 s (wall 456 s, 8 workers)
2026-10-03T18:03:48+00:00 build flow_exhaust-NQ-tf5: 96 cells, 82768 trades, 174.05 s (wall 174 s, 8 workers)
2026-10-03T18:06:44+00:00 null flow_exhaust-NQ-tf5-c2s1: 96 cells, 95743 trades, 175.78 s (wall 176 s, 8 workers)
2026-10-03T18:09:41+00:00 null flow_exhaust-NQ-tf5-c2s2: 96 cells, 93780 trades, 176.44 s (wall 177 s, 8 workers)
2026-10-03T18:10:09+00:00 build straddle_t_1800_fbook-NQ-tf30: 160 cells, 5440 trades, 25.11 s (wall 25 s, 8 workers)
2026-10-03T18:10:32+00:00 build straddle_t_1800_xbook-NQ-tf30: 160 cells, 70112 trades, 23.33 s (wall 23 s, 8 workers)
2026-10-03T18:10:56+00:00 build straddle_t_1800_thin-NQ-tf30: 160 cells, 1088 trades, 24.16 s (wall 24 s, 8 workers)
2026-10-03T18:11:27+00:00 build straddle_t_0300_fbook-NQ-tf30: 160 cells, 32896 trades, 30.43 s (wall 31 s, 8 workers)
2026-10-03T18:12:46+00:00 build straddle_t_0300_xbook-NQ-tf30: 160 cells, 86976 trades, 78.61 s (wall 79 s, 8 workers)
2026-10-03T18:13:15+00:00 build straddle_t_0300_thin-NQ-tf30: 160 cells, 9216 trades, 28.77 s (wall 29 s, 8 workers)
2026-10-03T18:13:46+00:00 build straddle_t_0830_fbook-NQ-tf30: 160 cells, 33984 trades, 30.7 s (wall 31 s, 8 workers)
2026-10-03T18:15:13+00:00 build straddle_t_0830_xbook-NQ-tf30: 160 cells, 84096 trades, 86.75 s (wall 87 s, 8 workers)
2026-10-03T18:15:42+00:00 build straddle_t_0830_thin-NQ-tf30: 160 cells, 29120 trades, 28.92 s (wall 29 s, 8 workers)
2026-10-03T18:16:22+00:00 build straddle_t_1105_fbook-NQ-tf30: 160 cells, 36128 trades, 40.05 s (wall 40 s, 8 workers)
2026-10-03T18:18:26+00:00 build straddle_t_1105_xbook-NQ-tf30: 160 cells, 87200 trades, 123.43 s (wall 123 s, 8 workers)
2026-10-03T18:19:04+00:00 build straddle_t_1105_thin-NQ-tf30: 160 cells, 6176 trades, 38.34 s (wall 38 s, 8 workers)
2026-10-03T18:22:19+00:00 build orb_fbook-NQ-tf1: 96 cells, 127616 trades, 193.18 s (wall 194 s, 8 workers)
2026-10-03T18:29:32+00:00 build orb_xbook-NQ-tf1: 96 cells, 372256 trades, 432.4 s (wall 433 s, 8 workers)
2026-10-03T18:32:39+00:00 build orb_thin-NQ-tf1: 96 cells, 33696 trades, 185.65 s (wall 186 s, 8 workers)
2026-10-03T18:35:05+00:00 build orb_fbook-NQ-tf5: 96 cells, 114848 trades, 145.39 s (wall 146 s, 8 workers)
2026-10-03T18:41:35+00:00 build orb_xbook-NQ-tf5: 96 cells, 336000 trades, 389.43 s (wall 390 s, 8 workers)
2026-10-03T18:43:53+00:00 build orb_thin-NQ-tf5: 96 cells, 31968 trades, 137.16 s (wall 138 s, 8 workers)
2026-10-03T18:45:58+00:00 build orb_fbook-NQ-tf15: 96 cells, 93376 trades, 124.23 s (wall 125 s, 8 workers)
2026-10-03T18:52:14+00:00 build orb_xbook-NQ-tf15: 96 cells, 264032 trades, 375.36 s (wall 376 s, 8 workers)
2026-10-03T18:54:14+00:00 build orb_thin-NQ-tf15: 96 cells, 27712 trades, 119.63 s (wall 120 s, 8 workers)
2026-10-03T18:56:17+00:00 build orb_fbook-NQ-tf30: 96 cells, 93376 trades, 122.28 s (wall 123 s, 8 workers)
2026-10-03T19:02:31+00:00 build orb_xbook-NQ-tf30: 96 cells, 264032 trades, 372.94 s (wall 373 s, 8 workers)
2026-10-03T19:04:36+00:00 build orb_thin-NQ-tf30: 96 cells, 27712 trades, 124.77 s (wall 125 s, 8 workers)
2026-10-03T19:07:29+00:00 build straddle_fbook-NQ-tf1: 96 cells, 126208 trades, 171.46 s (wall 172 s, 8 workers)
2026-10-03T19:14:43+00:00 build straddle_xbook-NQ-tf1: 96 cells, 272256 trades, 433.45 s (wall 434 s, 8 workers)
2026-10-03T19:17:29+00:00 build straddle_thin-NQ-tf1: 96 cells, 46688 trades, 164.91 s (wall 165 s, 8 workers)
2026-10-03T19:19:37+00:00 build straddle_fbook-NQ-tf5: 96 cells, 119776 trades, 126.8 s (wall 127 s, 8 workers)
2026-10-03T19:26:01+00:00 build straddle_xbook-NQ-tf5: 96 cells, 272192 trades, 383.53 s (wall 384 s, 8 workers)
2026-10-03T19:28:05+00:00 build straddle_thin-NQ-tf5: 96 cells, 46336 trades, 123.94 s (wall 124 s, 8 workers)
2026-10-03T19:30:10+00:00 build straddle_fbook-NQ-tf15: 96 cells, 114784 trades, 123.47 s (wall 124 s, 8 workers)
2026-10-03T19:36:22+00:00 build straddle_xbook-NQ-tf15: 96 cells, 270048 trades, 371.81 s (wall 372 s, 8 workers)
2026-10-03T19:38:22+00:00 build straddle_thin-NQ-tf15: 96 cells, 44384 trades, 118.68 s (wall 119 s, 8 workers)
2026-10-03T19:40:28+00:00 build straddle_fbook-NQ-tf30: 96 cells, 107552 trades, 125.91 s (wall 126 s, 8 workers)
2026-10-03T19:46:42+00:00 build straddle_xbook-NQ-tf30: 96 cells, 265472 trades, 372.69 s (wall 373 s, 8 workers)
2026-10-03T19:48:41+00:00 build straddle_thin-NQ-tf30: 96 cells, 41184 trades, 119.16 s (wall 119 s, 8 workers)
2026-10-03T19:51:31+00:00 build donchian_fbook-NQ-tf5: 128 cells, 338526 trades, 168.47 s (wall 169 s, 8 workers)
2026-10-03T20:00:11+00:00 build donchian_xbook-NQ-tf5: 128 cells, 855162 trades, 517.18 s (wall 518 s, 8 workers)
2026-10-03T20:02:49+00:00 build donchian_thin-NQ-tf5: 128 cells, 148043 trades, 156.96 s (wall 157 s, 8 workers)
2026-10-03T20:05:13+00:00 build donchian_fbook-NQ-tf15: 128 cells, 114232 trades, 143.68 s (wall 144 s, 8 workers)
2026-10-03T20:13:34+00:00 build donchian_xbook-NQ-tf15: 128 cells, 310010 trades, 499.3 s (wall 500 s, 8 workers)
2026-10-03T20:15:54+00:00 build donchian_thin-NQ-tf15: 128 cells, 47554 trades, 139.77 s (wall 140 s, 8 workers)
2026-10-03T20:18:09+00:00 build donchian_fbook-NQ-tf30: 128 cells, 36402 trades, 134.83 s (wall 135 s, 8 workers)
2026-10-03T20:26:20+00:00 build donchian_xbook-NQ-tf30: 128 cells, 98380 trades, 491.09 s (wall 491 s, 8 workers)
2026-10-03T20:28:34+00:00 build donchian_thin-NQ-tf30: 128 cells, 14975 trades, 133.31 s (wall 133 s, 8 workers)
2026-10-03T20:28:58+00:00 null straddle_t_1800_xbook-NQ-tf30-c2s1: 160 cells, 70112 trades, 23.97 s (wall 24 s, 8 workers)
2026-10-03T20:29:23+00:00 null straddle_t_1800_xbook-NQ-tf30-c2s2: 160 cells, 70112 trades, 24.89 s (wall 25 s, 8 workers)
2026-10-03T20:30:43+00:00 null straddle_t_0300_xbook-NQ-tf30-c2s1: 160 cells, 86976 trades, 79.97 s (wall 80 s, 8 workers)
2026-10-03T20:32:03+00:00 null straddle_t_0300_xbook-NQ-tf30-c2s2: 160 cells, 86976 trades, 79.81 s (wall 80 s, 8 workers)
2026-10-03T20:32:36+00:00 null straddle_t_0830_fbook-NQ-tf30-c2s1: 160 cells, 38688 trades, 32.07 s (wall 32 s, 8 workers)
2026-10-03T20:33:09+00:00 null straddle_t_0830_fbook-NQ-tf30-c2s2: 160 cells, 39808 trades, 32.49 s (wall 33 s, 8 workers)
2026-10-03T20:34:39+00:00 null straddle_t_0830_xbook-NQ-tf30-c2s1: 160 cells, 84096 trades, 89.8 s (wall 90 s, 8 workers)
2026-10-03T20:36:08+00:00 null straddle_t_0830_xbook-NQ-tf30-c2s2: 160 cells, 84096 trades, 88.75 s (wall 89 s, 8 workers)
2026-10-03T20:36:38+00:00 null straddle_t_0830_thin-NQ-tf30-c2s1: 160 cells, 24160 trades, 30.53 s (wall 31 s, 8 workers)
2026-10-03T20:37:09+00:00 null straddle_t_0830_thin-NQ-tf30-c2s2: 160 cells, 26016 trades, 30.69 s (wall 31 s, 8 workers)
2026-10-03T20:37:52+00:00 null straddle_t_1105_fbook-NQ-tf30-c2s1: 160 cells, 39456 trades, 42.3 s (wall 42 s, 8 workers)
2026-10-03T20:38:33+00:00 null straddle_t_1105_fbook-NQ-tf30-c2s2: 160 cells, 40960 trades, 41.53 s (wall 42 s, 8 workers)
2026-10-03T20:40:42+00:00 null straddle_t_1105_xbook-NQ-tf30-c2s1: 160 cells, 87200 trades, 128.18 s (wall 128 s, 8 workers)
2026-10-03T20:42:50+00:00 null straddle_t_1105_xbook-NQ-tf30-c2s2: 160 cells, 87200 trades, 128.16 s (wall 128 s, 8 workers)
2026-10-03T20:50:08+00:00 null orb_xbook-NQ-tf1-c2s1: 96 cells, 372256 trades, 436.78 s (wall 437 s, 8 workers)
2026-10-03T20:57:33+00:00 null orb_xbook-NQ-tf1-c2s2: 96 cells, 372256 trades, 443.78 s (wall 444 s, 8 workers)
2026-10-03T21:00:40+00:00 null orb_thin-NQ-tf1-c2s1: 96 cells, 45280 trades, 186.31 s (wall 187 s, 8 workers)
2026-10-03T21:03:49+00:00 null orb_thin-NQ-tf1-c2s2: 96 cells, 45920 trades, 188.13 s (wall 189 s, 8 workers)
2026-10-03T21:06:15+00:00 null orb_fbook-NQ-tf5-c2s1: 96 cells, 157824 trades, 145.26 s (wall 146 s, 8 workers)
2026-10-03T21:08:43+00:00 null orb_fbook-NQ-tf5-c2s2: 96 cells, 160864 trades, 146.86 s (wall 147 s, 8 workers)
2026-10-03T21:15:20+00:00 null orb_xbook-NQ-tf5-c2s1: 96 cells, 336000 trades, 395.94 s (wall 396 s, 8 workers)
2026-10-03T21:21:57+00:00 null orb_xbook-NQ-tf5-c2s2: 96 cells, 336000 trades, 395.85 s (wall 396 s, 8 workers)
2026-10-03T21:24:20+00:00 null orb_thin-NQ-tf5-c2s1: 96 cells, 42016 trades, 141.98 s (wall 142 s, 8 workers)
2026-10-03T21:26:41+00:00 null orb_thin-NQ-tf5-c2s2: 96 cells, 43264 trades, 140.42 s (wall 141 s, 8 workers)
2026-10-03T21:28:44+00:00 null orb_fbook-NQ-tf15-c2s1: 96 cells, 124608 trades, 122.62 s (wall 123 s, 8 workers)
2026-10-03T21:30:47+00:00 null orb_fbook-NQ-tf15-c2s2: 96 cells, 126816 trades, 122.58 s (wall 123 s, 8 workers)
2026-10-03T21:37:06+00:00 null orb_xbook-NQ-tf15-c2s1: 96 cells, 264032 trades, 378.11 s (wall 378 s, 8 workers)
2026-10-03T21:43:27+00:00 null orb_xbook-NQ-tf15-c2s2: 96 cells, 264032 trades, 379.63 s (wall 380 s, 8 workers)
2026-10-03T21:45:28+00:00 null orb_thin-NQ-tf15-c2s1: 96 cells, 33792 trades, 120.1 s (wall 120 s, 8 workers)
2026-10-03T21:47:31+00:00 null orb_thin-NQ-tf15-c2s2: 96 cells, 35520 trades, 122.7 s (wall 123 s, 8 workers)
2026-10-03T21:49:37+00:00 null orb_fbook-NQ-tf30-c2s1: 96 cells, 124608 trades, 125.65 s (wall 126 s, 8 workers)
2026-10-03T21:51:44+00:00 null orb_fbook-NQ-tf30-c2s2: 96 cells, 126816 trades, 125.87 s (wall 126 s, 8 workers)
2026-10-03T21:58:01+00:00 null orb_xbook-NQ-tf30-c2s1: 96 cells, 264032 trades, 376.76 s (wall 377 s, 8 workers)
2026-10-03T22:04:16+00:00 null orb_xbook-NQ-tf30-c2s2: 96 cells, 264032 trades, 373.43 s (wall 374 s, 8 workers)
2026-10-03T22:06:17+00:00 null orb_thin-NQ-tf30-c2s1: 96 cells, 33792 trades, 120.59 s (wall 121 s, 8 workers)
2026-10-03T22:08:18+00:00 null orb_thin-NQ-tf30-c2s2: 96 cells, 35520 trades, 121.26 s (wall 122 s, 8 workers)
2026-10-03T22:11:07+00:00 null straddle_fbook-NQ-tf1-c2s1: 96 cells, 125472 trades, 167.4 s (wall 168 s, 8 workers)
2026-10-03T22:13:54+00:00 null straddle_fbook-NQ-tf1-c2s2: 96 cells, 128320 trades, 166.59 s (wall 167 s, 8 workers)
2026-10-03T22:21:04+00:00 null straddle_xbook-NQ-tf1-c2s1: 96 cells, 272256 trades, 429.02 s (wall 429 s, 8 workers)
2026-10-03T22:28:14+00:00 null straddle_xbook-NQ-tf1-c2s2: 96 cells, 272256 trades, 429.07 s (wall 429 s, 8 workers)
2026-10-03T22:31:01+00:00 null straddle_thin-NQ-tf1-c2s1: 96 cells, 40224 trades, 166.26 s (wall 167 s, 8 workers)
2026-10-03T22:33:47+00:00 null straddle_thin-NQ-tf1-c2s2: 96 cells, 42528 trades, 165.59 s (wall 166 s, 8 workers)
2026-10-03T22:40:11+00:00 null straddle_xbook-NQ-tf5-c2s1: 96 cells, 272192 trades, 382.62 s (wall 383 s, 8 workers)
2026-10-03T22:46:37+00:00 null straddle_xbook-NQ-tf5-c2s2: 96 cells, 272192 trades, 385.24 s (wall 386 s, 8 workers)
2026-10-03T22:48:43+00:00 null straddle_thin-NQ-tf5-c2s1: 96 cells, 43168 trades, 125.73 s (wall 126 s, 8 workers)
2026-10-03T22:50:50+00:00 null straddle_thin-NQ-tf5-c2s2: 96 cells, 45280 trades, 126.27 s (wall 127 s, 8 workers)
2026-10-03T22:57:06+00:00 null straddle_xbook-NQ-tf15-c2s1: 96 cells, 270048 trades, 375.08 s (wall 375 s, 8 workers)
2026-10-03T23:03:23+00:00 null straddle_xbook-NQ-tf15-c2s2: 96 cells, 270048 trades, 376.89 s (wall 377 s, 8 workers)
2026-10-03T23:05:25+00:00 null straddle_thin-NQ-tf15-c2s1: 96 cells, 43232 trades, 120.97 s (wall 122 s, 8 workers)
2026-10-03T23:07:27+00:00 null straddle_thin-NQ-tf15-c2s2: 96 cells, 44608 trades, 121.68 s (wall 122 s, 8 workers)
2026-10-03T23:13:46+00:00 null straddle_xbook-NQ-tf30-c2s1: 96 cells, 265472 trades, 377.4 s (wall 378 s, 8 workers)
2026-10-03T23:20:02+00:00 null straddle_xbook-NQ-tf30-c2s2: 96 cells, 265472 trades, 375.48 s (wall 376 s, 8 workers)
2026-10-03T23:22:05+00:00 null straddle_thin-NQ-tf30-c2s1: 96 cells, 43040 trades, 122.25 s (wall 123 s, 8 workers)
2026-10-03T23:24:08+00:00 null straddle_thin-NQ-tf30-c2s2: 96 cells, 42496 trades, 122.64 s (wall 123 s, 8 workers)
2026-10-03T23:27:51+00:00 null donchian_fbook-NQ-tf5-c2s1: 128 cells, 446798 trades, 220.29 s (wall 221 s, 8 workers)
2026-10-03T23:32:48+00:00 null donchian_fbook-NQ-tf5-c2s2: 128 cells, 444221 trades, 295.45 s (wall 296 s, 8 workers)
2026-10-03T23:37:18+00:00 null donchian_thin-NQ-tf5-c2s1: 128 cells, 149080 trades, 268.23 s (wall 268 s, 8 workers)
2026-10-03T23:41:48+00:00 null donchian_thin-NQ-tf5-c2s2: 128 cells, 151155 trades, 269.37 s (wall 270 s, 8 workers)
2026-10-03T23:45:49+00:00 null donchian_fbook-NQ-tf15-c2s1: 128 cells, 139472 trades, 240.81 s (wall 241 s, 8 workers)
2026-10-03T23:50:03+00:00 null donchian_fbook-NQ-tf15-c2s2: 128 cells, 137593 trades, 252.81 s (wall 253 s, 8 workers)
2026-10-04T00:06:33+00:00 null donchian_xbook-NQ-tf15-c2s1: 128 cells, 309930 trades, 988.12 s (wall 988 s, 5 workers)
2026-10-04T00:22:13+00:00 null donchian_xbook-NQ-tf15-c2s2: 128 cells, 308266 trades, 938.14 s (wall 939 s, 5 workers)
2026-10-04T00:25:55+00:00 null donchian_thin-NQ-tf15-c2s1: 128 cells, 41978 trades, 222.12 s (wall 222 s, 8 workers)
2026-10-04T00:29:38+00:00 null donchian_thin-NQ-tf15-c2s2: 128 cells, 43028 trades, 222.68 s (wall 223 s, 8 workers)
2026-10-04T00:33:14+00:00 null donchian_fbook-NQ-tf30-c2s1: 128 cells, 44140 trades, 215.98 s (wall 216 s, 8 workers)
2026-10-04T00:36:49+00:00 null donchian_fbook-NQ-tf30-c2s2: 128 cells, 41892 trades, 214.88 s (wall 215 s, 8 workers)
2026-10-04T00:49:38+00:00 null donchian_xbook-NQ-tf30-c2s1: 128 cells, 98298 trades, 767.71 s (wall 768 s, 8 workers)
2026-10-04T01:02:18+00:00 null donchian_xbook-NQ-tf30-c2s2: 128 cells, 98269 trades, 759.56 s (wall 760 s, 8 workers)
2026-10-04T01:05:45+00:00 null donchian_thin-NQ-tf30-c2s1: 128 cells, 14115 trades, 206.72 s (wall 207 s, 8 workers)
2026-10-04T01:09:11+00:00 null donchian_thin-NQ-tf30-c2s2: 128 cells, 14190 trades, 206.2 s (wall 206 s, 8 workers)
2026-10-04T01:12:37+00:00 null c1-ES-tf1: 64 cells, 606100 trades, 202.25 s (wall 203 s, 8 workers)
2026-10-04T01:15:15+00:00 null c1-ES-tf5: 64 cells, 549733 trades, 155.55 s (wall 156 s, 8 workers)
2026-10-04T01:17:42+00:00 null c1-ES-tf15: 64 cells, 459273 trades, 144.71 s (wall 145 s, 8 workers)
2026-10-04T01:20:01+00:00 null c1-ES-tf30: 64 cells, 335982 trades, 137.01 s (wall 137 s, 8 workers)
2026-10-04T01:21:49+00:00 build straddle_t_1800-ES-tf30: 160 cells, 72288 trades, 107.08 s (wall 107 s, 8 workers)
2026-10-04T01:21:50+00:00 null straddle_t_1800-ES-tf30-shift: 320 cells, 133792 trades, 107.08 s (wall 107 s, 8 workers)
2026-10-04T01:23:56+00:00 build straddle_t_2000-ES-tf30: 160 cells, 74560 trades, 125.83 s (wall 126 s, 8 workers)
2026-10-04T01:23:57+00:00 null straddle_t_2000-ES-tf30-shift: 320 cells, 139072 trades, 125.83 s (wall 126 s, 8 workers)
2026-10-04T01:25:17+00:00 build straddle_t_0000-ES-tf30: 160 cells, 56672 trades, 79.87 s (wall 80 s, 8 workers)
2026-10-04T01:25:18+00:00 null straddle_t_0000-ES-tf30-shift: 320 cells, 130976 trades, 79.87 s (wall 80 s, 8 workers)
2026-10-04T01:26:46+00:00 build straddle_t_0200-ES-tf30: 160 cells, 78208 trades, 87.73 s (wall 88 s, 8 workers)
2026-10-04T01:26:47+00:00 null straddle_t_0200-ES-tf30-shift: 320 cells, 153504 trades, 87.73 s (wall 88 s, 8 workers)
2026-10-04T01:28:52+00:00 build straddle_t_0300-ES-tf30: 160 cells, 87072 trades, 125.03 s (wall 125 s, 8 workers)
2026-10-04T01:28:53+00:00 null straddle_t_0300-ES-tf30-shift: 320 cells, 166688 trades, 125.03 s (wall 125 s, 8 workers)
2026-10-04T01:31:01+00:00 build straddle_t_0830-ES-tf30: 160 cells, 84320 trades, 127.09 s (wall 127 s, 8 workers)
2026-10-04T01:31:01+00:00 null straddle_t_0830-ES-tf30-shift: 320 cells, 172864 trades, 127.09 s (wall 127 s, 8 workers)
2026-10-04T01:33:23+00:00 build straddle_t_0930-ES-tf30: 160 cells, 91264 trades, 140.67 s (wall 141 s, 8 workers)
2026-10-04T01:33:23+00:00 null straddle_t_0930-ES-tf30-shift: 320 cells, 178016 trades, 140.67 s (wall 141 s, 8 workers)
2026-10-04T01:36:08+00:00 build straddle_t_1105-ES-tf30: 160 cells, 86336 trades, 164.02 s (wall 164 s, 8 workers)
2026-10-04T01:36:09+00:00 null straddle_t_1105-ES-tf30-shift: 320 cells, 174304 trades, 164.02 s (wall 164 s, 8 workers)
2026-10-04T01:39:06+00:00 build straddle_t_1330-ES-tf30: 160 cells, 81760 trades, 175.83 s (wall 176 s, 8 workers)
2026-10-04T01:39:06+00:00 null straddle_t_1330-ES-tf30-shift: 320 cells, 165344 trades, 175.83 s (wall 176 s, 8 workers)
2026-10-04T01:43:41+00:00 build orb-ES-tf1: 96 cells, 375072 trades, 272.5 s (wall 273 s, 8 workers)
2026-10-04T01:47:04+00:00 build orb-ES-tf5: 96 cells, 338528 trades, 201.02 s (wall 201 s, 8 workers)
2026-10-04T01:49:58+00:00 build orb-ES-tf15: 96 cells, 266080 trades, 172.99 s (wall 173 s, 8 workers)
2026-10-04T01:52:53+00:00 build orb-ES-tf30: 96 cells, 266080 trades, 173.02 s (wall 173 s, 8 workers)
2026-10-04T01:56:58+00:00 build straddle-ES-tf1: 96 cells, 273696 trades, 243.73 s (wall 244 s, 8 workers)
2026-10-04T02:00:02+00:00 build straddle-ES-tf5: 96 cells, 273664 trades, 182.06 s (wall 182 s, 8 workers)
2026-10-04T02:02:56+00:00 build straddle-ES-tf15: 96 cells, 271968 trades, 171.98 s (wall 172 s, 8 workers)
2026-10-04T02:05:49+00:00 build straddle-ES-tf30: 96 cells, 267712 trades, 171.68 s (wall 172 s, 8 workers)
2026-10-04T02:12:32+00:00 build donchian-ES-tf1: 128 cells, 1145371 trades, 396.91 s (wall 398 s, 8 workers)
2026-10-04T02:17:08+00:00 build donchian-ES-tf5: 128 cells, 636226 trades, 271.64 s (wall 272 s, 8 workers)
2026-10-04T02:20:47+00:00 build donchian-ES-tf15: 128 cells, 233563 trades, 217.87 s (wall 218 s, 8 workers)
2026-10-04T02:24:09+00:00 build donchian-ES-tf30: 128 cells, 80372 trades, 200.96 s (wall 201 s, 8 workers)
2026-10-04T02:31:53+00:00 build squeeze-ES-tf1: 96 cells, 757593 trades, 459.39 s (wall 460 s, 8 workers)
2026-10-04T02:38:42+00:00 build squeeze-ES-tf5: 96 cells, 450652 trades, 405.83 s (wall 407 s, 8 workers)
2026-10-04T02:44:14+00:00 build squeeze-ES-tf15: 96 cells, 209550 trades, 330.44 s (wall 331 s, 8 workers)
2026-10-04T02:49:17+00:00 build squeeze-ES-tf30: 96 cells, 105737 trades, 301.73 s (wall 302 s, 8 workers)
2026-10-04T02:52:16+00:00 build ib-ES-tf1: 64 cells, 77368 trades, 177.38 s (wall 178 s, 8 workers)
2026-10-04T02:54:25+00:00 build ib-ES-tf5: 64 cells, 58312 trades, 127.97 s (wall 128 s, 8 workers)
2026-10-04T02:56:24+00:00 build ib-ES-tf15: 64 cells, 45816 trades, 117.84 s (wall 118 s, 8 workers)
2026-10-04T02:58:19+00:00 build ib-ES-tf30: 64 cells, 39392 trades, 114.51 s (wall 115 s, 8 workers)
2026-10-04T02:59:34+00:00 build lon_break-ES-tf1: 96 cells, 52032 trades, 73.69 s (wall 74 s, 8 workers)
2026-10-04T03:00:30+00:00 build lon_break-ES-tf5: 96 cells, 51968 trades, 55.9 s (wall 56 s, 8 workers)
2026-10-04T03:01:25+00:00 build lon_break-ES-tf15: 96 cells, 51584 trades, 53.15 s (wall 53 s, 8 workers)
2026-10-04T03:02:19+00:00 build lon_break-ES-tf30: 96 cells, 51360 trades, 53.52 s (wall 54 s, 8 workers)
2026-10-04T03:05:32+00:00 build ema_pullback-ES-tf1: 32 cells, 291219 trades, 190.36 s (wall 191 s, 8 workers)
2026-10-04T03:07:50+00:00 build ema_pullback-ES-tf5: 32 cells, 211230 trades, 136.69 s (wall 137 s, 8 workers)
2026-10-04T03:09:43+00:00 build ema_pullback-ES-tf15: 32 cells, 106591 trades, 111.23 s (wall 111 s, 8 workers)
2026-10-04T03:11:19+00:00 build ema_pullback-ES-tf30: 32 cells, 41563 trades, 95.58 s (wall 96 s, 8 workers)
2026-10-04T03:17:30+00:00 build first_bar_mom-ES-tf1: 96 cells, 137024 trades, 369.95 s (wall 370 s, 8 workers)
2026-10-04T03:20:53+00:00 build first_bar_mom-ES-tf5: 96 cells, 125056 trades, 201.69 s (wall 202 s, 8 workers)
2026-10-04T03:23:15+00:00 build first_bar_mom-ES-tf15: 96 cells, 137376 trades, 142.04 s (wall 142 s, 8 workers)
2026-10-04T03:24:57+00:00 build first_bar_mom-ES-tf30: 96 cells, 147552 trades, 100.3 s (wall 100 s, 8 workers)
2026-10-04T03:31:38+00:00 build tod_drift-ES-tf1: 256 cells, 912576 trades, 398.79 s (wall 399 s, 8 workers)
2026-10-04T03:36:38+00:00 build tod_drift-ES-tf5: 256 cells, 912512 trades, 296.91 s (wall 298 s, 8 workers)
2026-10-04T03:41:25+00:00 build tod_drift-ES-tf15: 256 cells, 766400 trades, 284.32 s (wall 285 s, 8 workers)
2026-10-04T03:46:25+00:00 build tod_drift-ES-tf30: 256 cells, 693312 trades, 297.41 s (wall 298 s, 8 workers)
2026-10-04T03:50:50+00:00 build vwap_band-ES-tf1: 128 cells, 784562 trades, 261.8 s (wall 262 s, 8 workers)
2026-10-04T03:53:48+00:00 build vwap_band-ES-tf5: 128 cells, 439343 trades, 176.19 s (wall 177 s, 8 workers)
2026-10-04T03:56:18+00:00 build vwap_band-ES-tf15: 128 cells, 203628 trades, 148.73 s (wall 149 s, 8 workers)
2026-10-04T03:58:35+00:00 build vwap_band-ES-tf30: 128 cells, 75823 trades, 136.15 s (wall 136 s, 8 workers)
2026-10-04T04:02:46+00:00 build vwap_z-ES-tf1: 128 cells, 798213 trades, 248.23 s (wall 249 s, 8 workers)
2026-10-04T04:05:42+00:00 build vwap_z-ES-tf5: 128 cells, 480578 trades, 173.71 s (wall 174 s, 8 workers)
2026-10-04T04:08:16+00:00 build vwap_z-ES-tf15: 128 cells, 255676 trades, 152.29 s (wall 152 s, 8 workers)
2026-10-04T04:10:37+00:00 build vwap_z-ES-tf30: 128 cells, 111257 trades, 140.44 s (wall 141 s, 8 workers)
2026-10-04T04:14:00+00:00 build vwap_flip-ES-tf1: 96 cells, 760974 trades, 199.68 s (wall 200 s, 8 workers)
2026-10-04T04:16:26+00:00 build vwap_flip-ES-tf5: 96 cells, 579367 trades, 144.06 s (wall 144 s, 8 workers)
2026-10-04T04:18:35+00:00 build vwap_flip-ES-tf15: 96 cells, 328314 trades, 127.13 s (wall 127 s, 8 workers)
2026-10-04T04:20:29+00:00 build vwap_flip-ES-tf30: 96 cells, 144598 trades, 113.79 s (wall 114 s, 8 workers)
2026-10-04T04:23:18+00:00 build sweep_rev-ES-tf1: 96 cells, 206111 trades, 167.65 s (wall 168 s, 8 workers)
2026-10-04T04:25:18+00:00 build sweep_rev-ES-tf5: 96 cells, 186307 trades, 118.93 s (wall 119 s, 8 workers)
2026-10-04T04:27:08+00:00 build sweep_rev-ES-tf15: 96 cells, 162969 trades, 109.13 s (wall 109 s, 8 workers)
2026-10-04T04:28:54+00:00 build sweep_rev-ES-tf30: 96 cells, 133057 trades, 105.59 s (wall 106 s, 8 workers)
2026-10-04T04:35:44+00:00 build vwap_ema_x-ES-tf1: 192 cells, 1095955 trades, 405.57 s (wall 406 s, 8 workers)
2026-10-04T04:40:17+00:00 build vwap_ema_x-ES-tf5: 192 cells, 639898 trades, 270.6 s (wall 271 s, 8 workers)
2026-10-04T04:44:15+00:00 build vwap_ema_x-ES-tf15: 192 cells, 364586 trades, 236.23 s (wall 237 s, 8 workers)
2026-10-04T04:44:36+00:00 build gap-ES-tf1: 64 cells, 26304 trades, 19.95 s (wall 20 s, 8 workers)
2026-10-04T04:44:49+00:00 build gap-ES-tf5: 64 cells, 25920 trades, 13.57 s (wall 14 s, 8 workers)
2026-10-04T04:45:02+00:00 build gap-ES-tf15: 64 cells, 25536 trades, 12.41 s (wall 12 s, 8 workers)
2026-10-04T04:45:15+00:00 build gap-ES-tf30: 64 cells, 25024 trades, 12.43 s (wall 12 s, 8 workers)
2026-10-04T04:48:22+00:00 build pinbar-ES-tf1: 96 cells, 466337 trades, 185.46 s (wall 186 s, 8 workers)
2026-10-04T04:50:28+00:00 build pinbar-ES-tf5: 96 cells, 209614 trades, 124.35 s (wall 125 s, 8 workers)
2026-10-04T04:52:17+00:00 build pinbar-ES-tf15: 96 cells, 96601 trades, 108.07 s (wall 108 s, 8 workers)
2026-10-04T04:53:58+00:00 build pinbar-ES-tf30: 96 cells, 45874 trades, 101.3 s (wall 101 s, 8 workers)
2026-10-04T04:55:11+00:00 build supertrend-ES-tf1: 32 cells, 249802 trades, 71.6 s (wall 72 s, 8 workers)
2026-10-04T04:55:56+00:00 build supertrend-ES-tf5: 32 cells, 102115 trades, 44.17 s (wall 44 s, 8 workers)
2026-10-04T04:56:33+00:00 build supertrend-ES-tf15: 32 cells, 39002 trades, 36.17 s (wall 36 s, 8 workers)
2026-10-04T04:57:06+00:00 build supertrend-ES-tf30: 32 cells, 14784 trades, 33.46 s (wall 33 s, 8 workers)
2026-10-04T04:58:19+00:00 build ema_ribbon-ES-tf1: 32 cells, 259722 trades, 71.08 s (wall 71 s, 8 workers)
2026-10-04T04:59:05+00:00 build ema_ribbon-ES-tf5: 32 cells, 119334 trades, 45.64 s (wall 46 s, 8 workers)
2026-10-04T04:59:43+00:00 build ema_ribbon-ES-tf15: 32 cells, 44437 trades, 36.92 s (wall 37 s, 8 workers)
2026-10-04T05:00:17+00:00 build ema_ribbon-ES-tf30: 32 cells, 17520 trades, 33.78 s (wall 34 s, 8 workers)
2026-10-04T05:03:59+00:00 build tema_slope-ES-tf1: 96 cells, 892290 trades, 219.06 s (wall 220 s, 8 workers)
2026-10-04T05:06:35+00:00 build tema_slope-ES-tf5: 96 cells, 690721 trades, 152.62 s (wall 153 s, 8 workers)
2026-10-04T05:08:47+00:00 build tema_slope-ES-tf15: 96 cells, 427695 trades, 130.55 s (wall 131 s, 8 workers)
2026-10-04T05:10:43+00:00 build tema_slope-ES-tf30: 96 cells, 222066 trades, 114.74 s (wall 115 s, 8 workers)
2026-10-04T05:14:23+00:00 build rsi2-ES-tf1: 96 cells, 900293 trades, 216.8 s (wall 218 s, 8 workers)
2026-10-04T05:17:01+00:00 build rsi2-ES-tf5: 96 cells, 746288 trades, 154.78 s (wall 155 s, 8 workers)
2026-10-04T05:19:20+00:00 build rsi2-ES-tf15: 96 cells, 533068 trades, 136.86 s (wall 137 s, 8 workers)
2026-10-04T05:21:28+00:00 build rsi2-ES-tf30: 96 cells, 338441 trades, 126.39 s (wall 127 s, 8 workers)
2026-10-04T05:21:48+00:00 build mid_fade-ES-tf1: 32 cells, 5248 trades, 19.37 s (wall 19 s, 8 workers)
2026-10-04T05:21:58+00:00 build mid_fade-ES-tf5: 32 cells, 5248 trades, 9.63 s (wall 10 s, 8 workers)
2026-10-04T05:22:06+00:00 build mid_fade-ES-tf15: 32 cells, 5248 trades, 7.69 s (wall 8 s, 8 workers)
2026-10-04T05:22:14+00:00 build mid_fade-ES-tf30: 32 cells, 5248 trades, 7.42 s (wall 7 s, 8 workers)
2026-10-04T05:24:32+00:00 null c1-GC-tf1: 64 cells, 545612 trades, 135.84 s (wall 136 s, 8 workers)
2026-10-04T05:26:16+00:00 null c1-GC-tf5: 64 cells, 485104 trades, 102.06 s (wall 102 s, 8 workers)
2026-10-04T05:27:52+00:00 null c1-GC-tf15: 64 cells, 400970 trades, 94.29 s (wall 95 s, 8 workers)
2026-10-04T05:29:22+00:00 null c1-GC-tf30: 64 cells, 304800 trades, 89.54 s (wall 90 s, 8 workers)
2026-10-04T05:30:21+00:00 build straddle_t_1800-GC-tf30: 160 cells, 45504 trades, 57.7 s (wall 58 s, 8 workers)
2026-10-04T05:30:21+00:00 null straddle_t_1800-GC-tf30-shift: 320 cells, 96352 trades, 57.7 s (wall 58 s, 8 workers)
2026-10-04T05:31:35+00:00 build straddle_t_2000-GC-tf30: 160 cells, 66720 trades, 73.32 s (wall 73 s, 8 workers)
2026-10-04T05:31:35+00:00 null straddle_t_2000-GC-tf30-shift: 320 cells, 108736 trades, 73.32 s (wall 74 s, 8 workers)
2026-10-04T05:32:27+00:00 build straddle_t_0000-GC-tf30: 160 cells, 52384 trades, 51.23 s (wall 51 s, 8 workers)
2026-10-04T05:32:27+00:00 null straddle_t_0000-GC-tf30-shift: 320 cells, 119232 trades, 51.23 s (wall 51 s, 8 workers)
2026-10-04T05:33:26+00:00 build straddle_t_0200-GC-tf30: 160 cells, 70048 trades, 58.08 s (wall 58 s, 8 workers)
2026-10-04T05:33:26+00:00 null straddle_t_0200-GC-tf30-shift: 320 cells, 132096 trades, 58.08 s (wall 58 s, 8 workers)
2026-10-04T05:34:47+00:00 build straddle_t_0300-GC-tf30: 160 cells, 75392 trades, 80.44 s (wall 81 s, 8 workers)
2026-10-04T05:34:47+00:00 null straddle_t_0300-GC-tf30-shift: 320 cells, 144288 trades, 80.44 s (wall 81 s, 8 workers)
2026-10-04T05:36:11+00:00 build straddle_t_0830-GC-tf30: 160 cells, 83872 trades, 83.36 s (wall 83 s, 8 workers)
2026-10-04T05:36:11+00:00 null straddle_t_0830-GC-tf30-shift: 320 cells, 165088 trades, 83.36 s (wall 84 s, 8 workers)
2026-10-04T05:37:45+00:00 build straddle_t_0930-GC-tf30: 160 cells, 87168 trades, 92.76 s (wall 93 s, 8 workers)
2026-10-04T05:37:45+00:00 null straddle_t_0930-GC-tf30-shift: 320 cells, 166592 trades, 92.76 s (wall 93 s, 8 workers)
2026-10-04T05:39:31+00:00 build straddle_t_1105-GC-tf30: 160 cells, 70368 trades, 104.9 s (wall 105 s, 8 workers)
2026-10-04T05:39:31+00:00 null straddle_t_1105-GC-tf30-shift: 320 cells, 142176 trades, 104.9 s (wall 105 s, 8 workers)
2026-10-04T05:41:22+00:00 build straddle_t_1330-GC-tf30: 160 cells, 53088 trades, 110.24 s (wall 110 s, 8 workers)
2026-10-04T05:41:22+00:00 null straddle_t_1330-GC-tf30-shift: 320 cells, 117056 trades, 110.24 s (wall 110 s, 8 workers)
2026-10-04T05:44:23+00:00 build orb-GC-tf1: 96 cells, 368352 trades, 179.49 s (wall 180 s, 8 workers)
2026-10-04T05:46:35+00:00 build orb-GC-tf5: 96 cells, 331840 trades, 131.01 s (wall 131 s, 8 workers)
2026-10-04T05:48:30+00:00 build orb-GC-tf15: 96 cells, 260128 trades, 113.9 s (wall 114 s, 8 workers)
2026-10-04T05:50:24+00:00 build orb-GC-tf30: 96 cells, 260128 trades, 112.44 s (wall 113 s, 8 workers)
2026-10-04T05:53:06+00:00 build straddle-GC-tf1: 96 cells, 271200 trades, 160.89 s (wall 161 s, 8 workers)
2026-10-04T05:55:05+00:00 build straddle-GC-tf5: 96 cells, 270816 trades, 118.14 s (wall 118 s, 8 workers)
2026-10-04T05:56:58+00:00 build straddle-GC-tf15: 96 cells, 263744 trades, 112.08 s (wall 112 s, 8 workers)
2026-10-04T05:58:50+00:00 build straddle-GC-tf30: 96 cells, 253728 trades, 110.54 s (wall 111 s, 8 workers)
2026-10-04T06:03:17+00:00 build donchian-GC-tf1: 128 cells, 1010285 trades, 262.75 s (wall 263 s, 8 workers)
2026-10-04T06:06:14+00:00 build donchian-GC-tf5: 128 cells, 520820 trades, 174.94 s (wall 175 s, 8 workers)
2026-10-04T06:08:32+00:00 build donchian-GC-tf15: 128 cells, 172846 trades, 136.85 s (wall 137 s, 8 workers)
2026-10-04T06:10:39+00:00 build donchian-GC-tf30: 128 cells, 52472 trades, 126.82 s (wall 127 s, 8 workers)
2026-10-04T06:14:22+00:00 build squeeze-GC-tf1: 96 cells, 657821 trades, 220.18 s (wall 221 s, 8 workers)
2026-10-04T06:16:45+00:00 build squeeze-GC-tf5: 96 cells, 423215 trades, 141.41 s (wall 142 s, 8 workers)
2026-10-04T06:18:40+00:00 build squeeze-GC-tf15: 96 cells, 217245 trades, 113.74 s (wall 114 s, 8 workers)
2026-10-04T06:20:23+00:00 build squeeze-GC-tf30: 96 cells, 118055 trades, 102.5 s (wall 103 s, 8 workers)
2026-10-04T06:21:24+00:00 build ib-GC-tf1: 64 cells, 55348 trades, 60.22 s (wall 60 s, 8 workers)
2026-10-04T06:22:07+00:00 build ib-GC-tf5: 64 cells, 44516 trades, 43.38 s (wall 43 s, 8 workers)
2026-10-04T06:22:48+00:00 build ib-GC-tf15: 64 cells, 36276 trades, 39.96 s (wall 40 s, 8 workers)
2026-10-04T06:23:27+00:00 build ib-GC-tf30: 64 cells, 32008 trades, 38.75 s (wall 39 s, 8 workers)
2026-10-04T06:23:53+00:00 build lon_break-GC-tf1: 96 cells, 46848 trades, 25.99 s (wall 26 s, 8 workers)
2026-10-04T06:24:13+00:00 build lon_break-GC-tf5: 96 cells, 46528 trades, 19.68 s (wall 20 s, 8 workers)
2026-10-04T06:24:33+00:00 build lon_break-GC-tf15: 96 cells, 45792 trades, 18.82 s (wall 19 s, 8 workers)
2026-10-04T06:24:52+00:00 build lon_break-GC-tf30: 96 cells, 44736 trades, 18.66 s (wall 19 s, 8 workers)
2026-10-04T06:26:00+00:00 build ema_pullback-GC-tf1: 32 cells, 258814 trades, 67.13 s (wall 67 s, 8 workers)
2026-10-04T06:26:49+00:00 build ema_pullback-GC-tf5: 32 cells, 179062 trades, 47.56 s (wall 48 s, 8 workers)
2026-10-04T06:27:27+00:00 build ema_pullback-GC-tf15: 32 cells, 87974 trades, 37.93 s (wall 38 s, 8 workers)
2026-10-04T06:27:59+00:00 build ema_pullback-GC-tf30: 32 cells, 26719 trades, 31.65 s (wall 32 s, 8 workers)
2026-10-04T06:30:29+00:00 build first_bar_mom-GC-tf1: 96 cells, 112128 trades, 149.39 s (wall 149 s, 8 workers)
2026-10-04T06:32:16+00:00 build first_bar_mom-GC-tf5: 96 cells, 94400 trades, 106.56 s (wall 107 s, 8 workers)
2026-10-04T06:33:58+00:00 build first_bar_mom-GC-tf15: 96 cells, 111808 trades, 101.13 s (wall 101 s, 8 workers)
2026-10-04T06:35:38+00:00 build first_bar_mom-GC-tf30: 96 cells, 113344 trades, 99.3 s (wall 99 s, 8 workers)
2026-10-04T06:42:02+00:00 build tod_drift-GC-tf1: 256 cells, 904000 trades, 381.69 s (wall 382 s, 8 workers)
2026-10-04T06:46:43+00:00 build tod_drift-GC-tf5: 256 cells, 903232 trades, 278.23 s (wall 279 s, 8 workers)
2026-10-04T06:51:11+00:00 build tod_drift-GC-tf15: 256 cells, 759360 trades, 265.51 s (wall 266 s, 8 workers)
2026-10-04T06:55:43+00:00 build tod_drift-GC-tf30: 256 cells, 687040 trades, 270.07 s (wall 271 s, 8 workers)
2026-10-04T06:59:56+00:00 build vwap_band-GC-tf1: 128 cells, 680338 trades, 249.97 s (wall 251 s, 8 workers)
2026-10-04T07:02:43+00:00 build vwap_band-GC-tf5: 128 cells, 383081 trades, 165.27 s (wall 166 s, 8 workers)
2026-10-04T07:05:06+00:00 build vwap_band-GC-tf15: 128 cells, 187686 trades, 142.05 s (wall 142 s, 8 workers)
2026-10-04T07:07:15+00:00 build vwap_band-GC-tf30: 128 cells, 76396 trades, 128.45 s (wall 129 s, 8 workers)
2026-10-04T07:11:20+00:00 build vwap_z-GC-tf1: 128 cells, 689112 trades, 242.21 s (wall 243 s, 8 workers)
2026-10-04T07:14:05+00:00 build vwap_z-GC-tf5: 128 cells, 406632 trades, 163.58 s (wall 164 s, 8 workers)
2026-10-04T07:16:30+00:00 build vwap_z-GC-tf15: 128 cells, 222195 trades, 143.36 s (wall 144 s, 8 workers)
2026-10-04T07:18:41+00:00 build vwap_z-GC-tf30: 128 cells, 104894 trades, 130.2 s (wall 130 s, 8 workers)
2026-10-04T07:21:59+00:00 build vwap_flip-GC-tf1: 96 cells, 671979 trades, 195.47 s (wall 196 s, 8 workers)
2026-10-04T07:24:21+00:00 build vwap_flip-GC-tf5: 96 cells, 517164 trades, 140.59 s (wall 141 s, 8 workers)
2026-10-04T07:26:26+00:00 build vwap_flip-GC-tf15: 96 cells, 321181 trades, 123.68 s (wall 124 s, 8 workers)
2026-10-04T07:28:14+00:00 build vwap_flip-GC-tf30: 96 cells, 145901 trades, 106.41 s (wall 107 s, 8 workers)
2026-10-04T07:30:52+00:00 build sweep_rev-GC-tf1: 96 cells, 174010 trades, 157.54 s (wall 158 s, 8 workers)
2026-10-04T07:32:45+00:00 build sweep_rev-GC-tf5: 96 cells, 158980 trades, 112.48 s (wall 113 s, 8 workers)
2026-10-04T07:34:29+00:00 build sweep_rev-GC-tf15: 96 cells, 141065 trades, 102.49 s (wall 103 s, 8 workers)
2026-10-04T07:36:08+00:00 build sweep_rev-GC-tf30: 96 cells, 115555 trades, 99.04 s (wall 99 s, 8 workers)
2026-10-04T07:42:47+00:00 build vwap_ema_x-GC-tf1: 192 cells, 987493 trades, 395.44 s (wall 396 s, 8 workers)
2026-10-04T07:47:09+00:00 build vwap_ema_x-GC-tf5: 192 cells, 595867 trades, 259.39 s (wall 260 s, 8 workers)
2026-10-04T07:50:53+00:00 build vwap_ema_x-GC-tf15: 192 cells, 348054 trades, 223.02 s (wall 223 s, 8 workers)
2026-10-04T07:51:13+00:00 build gap-GC-tf1: 64 cells, 26560 trades, 19.01 s (wall 19 s, 8 workers)
2026-10-04T07:51:26+00:00 build gap-GC-tf5: 64 cells, 26528 trades, 12.78 s (wall 13 s, 8 workers)
2026-10-04T07:51:39+00:00 build gap-GC-tf15: 64 cells, 26272 trades, 12.36 s (wall 12 s, 8 workers)
2026-10-04T07:51:51+00:00 build gap-GC-tf30: 64 cells, 25952 trades, 12.37 s (wall 12 s, 8 workers)
2026-10-04T07:54:50+00:00 build pinbar-GC-tf1: 96 cells, 408463 trades, 176.56 s (wall 177 s, 8 workers)
2026-10-04T07:56:47+00:00 build pinbar-GC-tf5: 96 cells, 204706 trades, 116.22 s (wall 116 s, 8 workers)
2026-10-04T07:58:28+00:00 build pinbar-GC-tf15: 96 cells, 98573 trades, 100.99 s (wall 101 s, 8 workers)
2026-10-04T08:00:04+00:00 build pinbar-GC-tf30: 96 cells, 51217 trades, 94.93 s (wall 95 s, 8 workers)
2026-10-04T08:01:15+00:00 build supertrend-GC-tf1: 32 cells, 224228 trades, 70.32 s (wall 71 s, 8 workers)
2026-10-04T08:01:59+00:00 build supertrend-GC-tf5: 32 cells, 93843 trades, 42.74 s (wall 43 s, 8 workers)
2026-10-04T08:02:33+00:00 build supertrend-GC-tf15: 32 cells, 35887 trades, 33.7 s (wall 34 s, 8 workers)
2026-10-04T08:03:04+00:00 build supertrend-GC-tf30: 32 cells, 11776 trades, 30.76 s (wall 31 s, 8 workers)
2026-10-04T08:04:14+00:00 build ema_ribbon-GC-tf1: 32 cells, 227770 trades, 69.5 s (wall 70 s, 8 workers)
2026-10-04T08:04:58+00:00 build ema_ribbon-GC-tf5: 32 cells, 109381 trades, 43.42 s (wall 44 s, 8 workers)
2026-10-04T08:05:33+00:00 build ema_ribbon-GC-tf15: 32 cells, 40514 trades, 34.27 s (wall 34 s, 8 workers)
2026-10-04T08:06:04+00:00 build ema_ribbon-GC-tf30: 32 cells, 14760 trades, 30.61 s (wall 31 s, 8 workers)
2026-10-04T08:09:43+00:00 build tema_slope-GC-tf1: 96 cells, 794701 trades, 215.67 s (wall 216 s, 8 workers)
2026-10-04T08:12:10+00:00 build tema_slope-GC-tf5: 96 cells, 595707 trades, 144.89 s (wall 145 s, 8 workers)
2026-10-04T08:14:17+00:00 build tema_slope-GC-tf15: 96 cells, 382428 trades, 124.76 s (wall 125 s, 8 workers)
2026-10-04T08:16:03+00:00 build tema_slope-GC-tf30: 96 cells, 195787 trades, 105.9 s (wall 106 s, 8 workers)
2026-10-04T08:19:38+00:00 build rsi2-GC-tf1: 96 cells, 809326 trades, 211.47 s (wall 212 s, 8 workers)
2026-10-04T08:22:09+00:00 build rsi2-GC-tf5: 96 cells, 659836 trades, 148.16 s (wall 149 s, 8 workers)
2026-10-04T08:24:20+00:00 build rsi2-GC-tf15: 96 cells, 468520 trades, 129.27 s (wall 130 s, 8 workers)
2026-10-04T08:26:19+00:00 build rsi2-GC-tf30: 96 cells, 301311 trades, 117.78 s (wall 118 s, 8 workers)
2026-10-04T08:26:38+00:00 build mid_fade-GC-tf1: 32 cells, 4704 trades, 17.83 s (wall 18 s, 8 workers)
2026-10-04T08:26:46+00:00 build mid_fade-GC-tf5: 32 cells, 4704 trades, 8.48 s (wall 8 s, 8 workers)
2026-10-04T08:26:54+00:00 build mid_fade-GC-tf15: 32 cells, 4704 trades, 7.06 s (wall 7 s, 8 workers)
2026-10-04T08:27:01+00:00 build mid_fade-GC-tf30: 32 cells, 4704 trades, 6.81 s (wall 7 s, 8 workers)
2026-10-04T10:39:14+00:00 build late_mom-NQ-tf30: 288 cells, 127808 trades, 188.61 s (wall 189 s, 8 workers)
2026-10-04T10:39:15+00:00 null late_mom-NQ-tf30-shift: 576 cells, 255616 trades, 188.61 s (wall 189 s, 8 workers)
2026-10-04T10:39:54+00:00 build open_fade-NQ-tf1: 120 cells, 175406 trades, 38.61 s (wall 39 s, 8 workers)
2026-10-04T10:40:21+00:00 build open_fade-NQ-tf5: 120 cells, 81430 trades, 27.15 s (wall 27 s, 8 workers)
2026-10-04T10:43:19+00:00 build orb_confirm-NQ-tf1: 198 cells, 163520 trades, 177.77 s (wall 178 s, 8 workers)
2026-10-04T10:45:30+00:00 build orb_confirm-NQ-tf5: 198 cells, 152044 trades, 129.98 s (wall 130 s, 8 workers)
2026-10-04T10:47:31+00:00 build orb_confirm-NQ-tf15: 198 cells, 137354 trades, 120.38 s (wall 120 s, 8 workers)
2026-10-04T10:47:42+00:00 build straddle_tight_0830-NQ-tf30: 27 cells, 14328 trades, 11.42 s (wall 11 s, 8 workers)
2026-10-04T10:47:42+00:00 null straddle_tight_0830-NQ-tf30-shift: 54 cells, 26316 trades, 11.42 s (wall 11 s, 8 workers)
2026-10-04T10:47:56+00:00 build straddle_tight_0930-NQ-tf30: 27 cells, 15336 trades, 13.02 s (wall 13 s, 8 workers)
2026-10-04T10:47:56+00:00 null straddle_tight_0930-NQ-tf30-shift: 54 cells, 28737 trades, 13.02 s (wall 13 s, 8 workers)
2026-10-04T10:48:09+00:00 build straddle_tight_1000-NQ-tf30: 27 cells, 15309 trades, 13.08 s (wall 13 s, 8 workers)
2026-10-04T10:48:09+00:00 null straddle_tight_1000-NQ-tf30-shift: 54 cells, 29322 trades, 13.08 s (wall 13 s, 8 workers)
2026-10-04T10:48:09+00:00 prepare va_reclaim NQ: {'path': '/Users/ramoscapital/ramos-quant-homebase/research/edge-library/engine/cache/va70_NQ.json', 'dates': 573, 'added': 0}
2026-10-04T10:50:53+00:00 build va_reclaim-NQ-tf1: 96 cells, 169351 trades, 163.37 s (wall 164 s, 8 workers)
2026-10-04T10:50:53+00:00 prepare va_reclaim NQ: {'path': '/Users/ramoscapital/ramos-quant-homebase/research/edge-library/engine/cache/va70_NQ.json', 'dates': 573, 'added': 0}
2026-10-04T10:52:47+00:00 build va_reclaim-NQ-tf5: 96 cells, 146379 trades, 113.94 s (wall 114 s, 8 workers)
2026-10-04T10:52:47+00:00 prepare va_reclaim NQ: {'path': '/Users/ramoscapital/ramos-quant-homebase/research/edge-library/engine/cache/va70_NQ.json', 'dates': 573, 'added': 0}
2026-10-04T10:54:32+00:00 build va_reclaim-NQ-tf15: 96 cells, 122745 trades, 104.33 s (wall 104 s, 8 workers)
2026-10-04T10:54:32+00:00 prepare va_reclaim NQ: {'path': '/Users/ramoscapital/ramos-quant-homebase/research/edge-library/engine/cache/va70_NQ.json', 'dates': 573, 'added': 0}
2026-10-04T10:56:13+00:00 build va_reclaim-NQ-tf30: 96 cells, 96979 trades, 100.48 s (wall 101 s, 8 workers)
2026-10-04T10:59:09+00:00 build vol_spike_break-NQ-tf1: 96 cells, 520799 trades, 174.85 s (wall 175 s, 8 workers)
2026-10-04T11:01:09+00:00 build vol_spike_break-NQ-tf5: 96 cells, 246588 trades, 118.33 s (wall 119 s, 8 workers)
2026-10-04T11:02:49+00:00 build vol_spike_break-NQ-tf15: 96 cells, 108269 trades, 99.9 s (wall 100 s, 8 workers)
2026-10-04T11:04:25+00:00 build vol_spike_break-NQ-tf30: 96 cells, 55607 trades, 95.47 s (wall 96 s, 8 workers)
2026-10-04T11:06:12+00:00 build vwap_trend_pull-NQ-tf1: 96 cells, 331023 trades, 106.14 s (wall 106 s, 8 workers)
2026-10-04T11:07:25+00:00 build vwap_trend_pull-NQ-tf5: 96 cells, 229171 trades, 72.56 s (wall 73 s, 8 workers)
2026-10-04T11:08:31+00:00 build vwap_trend_pull-NQ-tf15: 99 cells, 125051 trades, 64.91 s (wall 65 s, 8 workers)
2026-10-04T11:09:28+00:00 build vwap_trend_pull-NQ-tf30: 96 cells, 38047 trades, 57.77 s (wall 58 s, 8 workers)
2026-10-04T11:12:45+00:00 build late_mom-ES-tf30: 288 cells, 117376 trades, 195.76 s (wall 196 s, 8 workers)
2026-10-04T11:12:45+00:00 null late_mom-ES-tf30-shift: 576 cells, 234752 trades, 195.76 s (wall 196 s, 8 workers)
2026-10-04T11:13:25+00:00 build open_fade-ES-tf1: 120 cells, 163500 trades, 39.87 s (wall 40 s, 8 workers)
2026-10-04T11:13:53+00:00 build open_fade-ES-tf5: 120 cells, 72780 trades, 27.51 s (wall 28 s, 8 workers)
2026-10-04T11:16:53+00:00 build orb_confirm-ES-tf1: 198 cells, 170106 trades, 178.72 s (wall 179 s, 8 workers)
2026-10-04T11:19:06+00:00 build orb_confirm-ES-tf5: 198 cells, 157140 trades, 132.66 s (wall 133 s, 8 workers)
2026-10-04T11:21:09+00:00 build orb_confirm-ES-tf15: 198 cells, 142003 trades, 122.97 s (wall 123 s, 8 workers)
2026-10-04T11:21:20+00:00 build straddle_tight_0830-ES-tf30: 27 cells, 14346 trades, 11.08 s (wall 11 s, 8 workers)
2026-10-04T11:21:20+00:00 null straddle_tight_0830-ES-tf30-shift: 54 cells, 26316 trades, 11.08 s (wall 11 s, 8 workers)
2026-10-04T11:21:34+00:00 build straddle_tight_0930-ES-tf30: 27 cells, 15408 trades, 13.12 s (wall 13 s, 8 workers)
2026-10-04T11:21:34+00:00 null straddle_tight_0930-ES-tf30-shift: 54 cells, 28611 trades, 13.12 s (wall 13 s, 8 workers)
2026-10-04T11:21:47+00:00 build straddle_tight_1000-ES-tf30: 27 cells, 15309 trades, 12.87 s (wall 13 s, 8 workers)
2026-10-04T11:21:47+00:00 null straddle_tight_1000-ES-tf30-shift: 54 cells, 29196 trades, 12.87 s (wall 13 s, 8 workers)
2026-10-04T11:21:47+00:00 prepare va_reclaim ES: {'path': '/Users/ramoscapital/ramos-quant-homebase/research/edge-library/engine/cache/va70_ES.json', 'dates': 573, 'added': 0}
2026-10-04T11:24:35+00:00 build va_reclaim-ES-tf1: 96 cells, 168655 trades, 168.15 s (wall 168 s, 8 workers)
2026-10-04T11:24:35+00:00 prepare va_reclaim ES: {'path': '/Users/ramoscapital/ramos-quant-homebase/research/edge-library/engine/cache/va70_ES.json', 'dates': 573, 'added': 0}
2026-10-04T11:26:33+00:00 build va_reclaim-ES-tf5: 96 cells, 143639 trades, 116.73 s (wall 117 s, 8 workers)
2026-10-04T11:26:33+00:00 prepare va_reclaim ES: {'path': '/Users/ramoscapital/ramos-quant-homebase/research/edge-library/engine/cache/va70_ES.json', 'dates': 573, 'added': 0}
2026-10-04T11:28:19+00:00 build va_reclaim-ES-tf15: 96 cells, 119866 trades, 106.03 s (wall 106 s, 8 workers)
2026-10-04T11:28:19+00:00 prepare va_reclaim ES: {'path': '/Users/ramoscapital/ramos-quant-homebase/research/edge-library/engine/cache/va70_ES.json', 'dates': 573, 'added': 0}
2026-10-04T11:30:01+00:00 build va_reclaim-ES-tf30: 96 cells, 95439 trades, 102.12 s (wall 102 s, 8 workers)
2026-10-04T11:33:04+00:00 build vol_spike_break-ES-tf1: 96 cells, 502147 trades, 180.43 s (wall 181 s, 8 workers)
2026-10-04T11:35:06+00:00 build vol_spike_break-ES-tf5: 96 cells, 241081 trades, 121.83 s (wall 122 s, 8 workers)
2026-10-04T11:36:49+00:00 build vol_spike_break-ES-tf15: 96 cells, 107870 trades, 102.61 s (wall 103 s, 8 workers)
2026-10-04T11:38:26+00:00 build vol_spike_break-ES-tf30: 96 cells, 56394 trades, 96.68 s (wall 97 s, 8 workers)
2026-10-04T11:40:15+00:00 build vwap_trend_pull-ES-tf1: 96 cells, 302847 trades, 107.72 s (wall 108 s, 8 workers)
2026-10-04T11:41:28+00:00 build vwap_trend_pull-ES-tf5: 96 cells, 209129 trades, 72.89 s (wall 73 s, 8 workers)
2026-10-04T11:42:32+00:00 build vwap_trend_pull-ES-tf15: 96 cells, 107120 trades, 63.3 s (wall 63 s, 8 workers)
2026-10-04T11:43:30+00:00 build vwap_trend_pull-ES-tf30: 96 cells, 31375 trades, 57.97 s (wall 58 s, 8 workers)
2026-10-04T11:46:33+00:00 build late_mom-GC-tf30: 288 cells, 113792 trades, 182.33 s (wall 182 s, 8 workers)
2026-10-04T11:46:33+00:00 null late_mom-GC-tf30-shift: 576 cells, 227584 trades, 182.33 s (wall 183 s, 8 workers)
2026-10-04T11:47:14+00:00 build open_fade-GC-tf1: 120 cells, 126167 trades, 40.59 s (wall 41 s, 8 workers)
2026-10-04T11:47:42+00:00 build open_fade-GC-tf5: 120 cells, 59539 trades, 27.66 s (wall 28 s, 8 workers)
2026-10-04T11:50:38+00:00 build orb_confirm-GC-tf1: 198 cells, 148801 trades, 175.2 s (wall 175 s, 8 workers)
2026-10-04T11:52:45+00:00 build orb_confirm-GC-tf5: 198 cells, 138239 trades, 126.41 s (wall 127 s, 8 workers)
2026-10-04T11:54:44+00:00 build orb_confirm-GC-tf15: 198 cells, 122595 trades, 118.31 s (wall 118 s, 8 workers)
2026-10-04T11:54:54+00:00 build straddle_tight_0830-GC-tf30: 27 cells, 13689 trades, 10.54 s (wall 11 s, 8 workers)
2026-10-04T11:54:54+00:00 null straddle_tight_0830-GC-tf30-shift: 54 cells, 20943 trades, 10.54 s (wall 11 s, 8 workers)
2026-10-04T11:55:06+00:00 build straddle_tight_0930-GC-tf30: 27 cells, 13932 trades, 11.96 s (wall 12 s, 8 workers)
2026-10-04T11:55:06+00:00 null straddle_tight_0930-GC-tf30-shift: 54 cells, 24066 trades, 11.96 s (wall 12 s, 8 workers)
2026-10-04T11:55:19+00:00 build straddle_tight_1000-GC-tf30: 27 cells, 14031 trades, 12.5 s (wall 13 s, 8 workers)
2026-10-04T11:55:19+00:00 null straddle_tight_1000-GC-tf30-shift: 54 cells, 24093 trades, 12.5 s (wall 13 s, 8 workers)
2026-10-04T11:55:19+00:00 prepare va_reclaim GC: {'path': '/Users/ramoscapital/ramos-quant-homebase/research/edge-library/engine/cache/va70_GC.json', 'dates': 572, 'added': 0}
2026-10-04T11:58:09+00:00 build va_reclaim-GC-tf1: 96 cells, 188751 trades, 169.71 s (wall 170 s, 8 workers)
2026-10-04T11:58:09+00:00 prepare va_reclaim GC: {'path': '/Users/ramoscapital/ramos-quant-homebase/research/edge-library/engine/cache/va70_GC.json', 'dates': 572, 'added': 0}
2026-10-04T12:00:06+00:00 build va_reclaim-GC-tf5: 96 cells, 163388 trades, 116.02 s (wall 116 s, 8 workers)
2026-10-04T12:00:06+00:00 prepare va_reclaim GC: {'path': '/Users/ramoscapital/ramos-quant-homebase/research/edge-library/engine/cache/va70_GC.json', 'dates': 572, 'added': 0}
2026-10-04T12:01:51+00:00 build va_reclaim-GC-tf15: 96 cells, 137332 trades, 104.56 s (wall 105 s, 8 workers)
2026-10-04T12:01:51+00:00 prepare va_reclaim GC: {'path': '/Users/ramoscapital/ramos-quant-homebase/research/edge-library/engine/cache/va70_GC.json', 'dates': 572, 'added': 0}
2026-10-04T12:03:33+00:00 build va_reclaim-GC-tf30: 96 cells, 106676 trades, 101.31 s (wall 101 s, 8 workers)
2026-10-04T12:06:35+00:00 build vol_spike_break-GC-tf1: 96 cells, 520042 trades, 180.46 s (wall 181 s, 8 workers)
2026-10-04T12:08:34+00:00 build vol_spike_break-GC-tf5: 96 cells, 229727 trades, 118.7 s (wall 119 s, 8 workers)
2026-10-04T12:10:12+00:00 build vol_spike_break-GC-tf15: 96 cells, 78855 trades, 96.8 s (wall 97 s, 8 workers)
2026-10-04T12:11:41+00:00 build vol_spike_break-GC-tf30: 96 cells, 18142 trades, 89.28 s (wall 89 s, 8 workers)
2026-10-04T12:13:28+00:00 build vwap_trend_pull-GC-tf1: 96 cells, 224275 trades, 105.91 s (wall 106 s, 8 workers)
2026-10-04T12:14:39+00:00 build vwap_trend_pull-GC-tf5: 96 cells, 147852 trades, 70.65 s (wall 71 s, 8 workers)
2026-10-04T12:15:39+00:00 build vwap_trend_pull-GC-tf15: 96 cells, 78462 trades, 60.09 s (wall 60 s, 8 workers)
2026-10-04T12:16:34+00:00 build vwap_trend_pull-GC-tf30: 96 cells, 21999 trades, 54.36 s (wall 54 s, 8 workers)
2026-10-04T15:01:36+00:00 build event_dir_0830-NQ-tf30: 224 cells, 112384 trades, 105.42 s (wall 106 s, 8 workers)
2026-10-04T15:01:36+00:00 null event_dir_0830-NQ-tf30-shift: 448 cells, 224768 trades, 105.42 s (wall 106 s, 8 workers)
2026-10-04T15:03:50+00:00 build event_dir_1000-NQ-tf30: 224 cells, 123968 trades, 133.06 s (wall 133 s, 8 workers)
2026-10-04T15:03:50+00:00 null event_dir_1000-NQ-tf30-shift: 448 cells, 247936 trades, 133.06 s (wall 133 s, 8 workers)
2026-10-04T15:04:06+00:00 build straddle_wide_0830-NQ-tf30: 36 cells, 10044 trades, 15.82 s (wall 16 s, 8 workers)
2026-10-04T15:04:06+00:00 null straddle_wide_0830-NQ-tf30-shift: 72 cells, 13599 trades, 15.82 s (wall 16 s, 8 workers)
2026-10-04T15:04:24+00:00 build straddle_wide_1000-NQ-tf30: 36 cells, 15750 trades, 17.95 s (wall 18 s, 8 workers)
2026-10-04T15:04:24+00:00 null straddle_wide_1000-NQ-tf30-shift: 72 cells, 22374 trades, 17.95 s (wall 18 s, 8 workers)
2026-10-04T15:06:16+00:00 build event_dir_0830-ES-tf30: 224 cells, 94784 trades, 110.95 s (wall 111 s, 8 workers)
2026-10-04T15:06:16+00:00 null event_dir_0830-ES-tf30-shift: 448 cells, 189568 trades, 110.95 s (wall 111 s, 8 workers)
2026-10-04T15:08:25+00:00 build event_dir_1000-ES-tf30: 224 cells, 114464 trades, 128.65 s (wall 129 s, 8 workers)
2026-10-04T15:08:26+00:00 null event_dir_1000-ES-tf30-shift: 448 cells, 228928 trades, 128.65 s (wall 129 s, 8 workers)
2026-10-04T15:08:41+00:00 build straddle_wide_0830-ES-tf30: 36 cells, 9702 trades, 15.14 s (wall 15 s, 8 workers)
2026-10-04T15:08:41+00:00 null straddle_wide_0830-ES-tf30-shift: 72 cells, 12294 trades, 15.14 s (wall 15 s, 8 workers)
2026-10-04T15:08:59+00:00 build straddle_wide_1000-ES-tf30: 36 cells, 14400 trades, 18.22 s (wall 18 s, 8 workers)
2026-10-04T15:08:59+00:00 null straddle_wide_1000-ES-tf30-shift: 72 cells, 19593 trades, 18.22 s (wall 18 s, 8 workers)
2026-10-04T15:10:46+00:00 build event_dir_0830-GC-tf30: 224 cells, 100448 trades, 106.52 s (wall 107 s, 8 workers)
2026-10-04T15:10:47+00:00 null event_dir_0830-GC-tf30-shift: 448 cells, 200896 trades, 106.52 s (wall 107 s, 8 workers)
2026-10-04T15:12:58+00:00 build event_dir_1000-GC-tf30: 224 cells, 108992 trades, 130.8 s (wall 131 s, 8 workers)
2026-10-04T15:12:58+00:00 null event_dir_1000-GC-tf30-shift: 448 cells, 217984 trades, 130.8 s (wall 131 s, 8 workers)
2026-10-04T15:13:13+00:00 build straddle_wide_0830-GC-tf30: 36 cells, 7857 trades, 14.34 s (wall 14 s, 8 workers)
2026-10-04T15:13:13+00:00 null straddle_wide_0830-GC-tf30-shift: 72 cells, 5076 trades, 14.34 s (wall 14 s, 8 workers)
2026-10-04T15:13:30+00:00 build straddle_wide_1000-GC-tf30: 36 cells, 6282 trades, 17.54 s (wall 18 s, 8 workers)
2026-10-04T15:13:30+00:00 null straddle_wide_1000-GC-tf30-shift: 72 cells, 6273 trades, 17.54 s (wall 18 s, 8 workers)
