2026-10-02T06:00:29+00:00 score: 4500 tasks to run, workers 8
2026-10-02T06:00:47+00:00 score: 50/4500 done (0 errors), 17 s; last lucidpro_nodll absorption-tf5-c2s1 asia ok
2026-10-02T06:01:01+00:00 score: 100/4500 done (0 errors), 31 s; last lucid bimb_fade-tf1-c2s2 london ok
2026-10-02T06:01:19+00:00 score: 150/4500 done (0 errors), 50 s; last lucidpro_nodll bimb_fade-tf5-c2s2 london ok
2026-10-02T06:01:37+00:00 score: 200/4500 done (0 errors), 68 s; last lucid bimb_fade_n3-tf1-c2s2 mid ok
2026-10-02T06:01:55+00:00 score: 250/4500 done (0 errors), 86 s; last lucid bimb_fade_n3-tf5 mid ok
2026-10-02T06:02:14+00:00 score: 300/4500 done (0 errors), 105 s; last lucidpro_nodll bimb_follow-tf1-c2s1 nyam ok
2026-10-02T06:02:32+00:00 score: 350/4500 done (0 errors), 123 s; last lucid bimb_follow-tf5-c2s1 pm ok
2026-10-02T06:02:52+00:00 score: 400/4500 done (0 errors), 143 s; last lucidpro_nodll bimb_follow_n3-tf1 nyam ok
2026-10-02T06:03:09+00:00 score: 450/4500 done (0 errors), 160 s; last lucidpro bimb_follow_n3-tf5 pm ok
2026-10-02T06:03:29+00:00 score: 500/4500 done (0 errors), 180 s; last lucidpro cvd_div-tf5-c2s2 asia ok
2026-10-02T06:03:49+00:00 score: 550/4500 done (0 errors), 200 s; last lucid delta_follow-tf1-c2s2 london ok
2026-10-02T06:04:11+00:00 score: 600/4500 done (0 errors), 221 s; last lucidpro_nodll delta_follow-tf5-c2s2 london ok
2026-10-02T06:04:22+00:00 score: 650/4500 done (0 errors), 232 s; last lucidpro_nodll open_dir_book-tf30-c2s2 mid ok
2026-10-02T06:04:25+00:00 score: 700/4500 done (0 errors), 235 s; last lucidpro_nodll open_dir_both-tf30-c2s2 mid ok
2026-10-02T06:04:28+00:00 score: 750/4500 done (0 errors), 239 s; last lucidpro open_dir_flow-tf30 mid ok
2026-10-02T06:04:47+00:00 score: 800/4500 done (0 errors), 258 s; last lucid sweep_follow-tf1-c2s1 pm ok
2026-10-02T06:05:04+00:00 score: 850/4500 done (0 errors), 275 s; last lucidpro_nodll sweep_follow-tf5-c2s2 pm ok
2026-10-02T06:05:16+00:00 score: 900/4500 done (0 errors), 287 s; last lucid thin_side-tf5-c2s2 asia ok
2026-10-02T06:05:22+00:00 score: 950/4500 done (0 errors), 293 s; last lucidpro wall_bounce-tf1-c2s2 asia ok
2026-10-02T06:05:30+00:00 score: 1000/4500 done (0 errors), 301 s; last lucid wall_bounce-tf5-c2s2 london ok
2026-10-02T06:05:33+00:00 score: 1050/4500 done (0 errors), 304 s; last lucidpro_nodll wall_break-tf1-c2s1 mid ok
2026-10-02T06:05:36+00:00 score: 1100/4500 done (0 errors), 307 s; last lucid wall_break-tf5 mid ok
2026-10-02T06:05:58+00:00 score: 1150/4500 done (0 errors), 328 s; last apex300_eval absorption-tf1 london ok
2026-10-02T06:06:24+00:00 score: 1200/4500 done (0 errors), 355 s; last apex300_eval absorption-tf5-c2s1 nyam ok
2026-10-02T06:06:57+00:00 score: 1250/4500 done (0 errors), 388 s; last apex_eod bimb_fade-tf1 nyam ok
2026-10-02T06:07:26+00:00 score: 1300/4500 done (0 errors), 417 s; last apex bimb_fade-tf5-c2s2 pm ok
2026-10-02T06:08:04+00:00 score: 1350/4500 done (0 errors), 455 s; last apex_eod bimb_fade_n3-tf1 pm ok
2026-10-02T06:08:35+00:00 score: 1400/4500 done (0 errors), 486 s; last apex_eod bimb_follow-tf1 asia ok
2026-10-02T06:09:11+00:00 score: 1450/4500 done (0 errors), 522 s; last apex300_eval bimb_follow-tf5-c2s2 asia ok
2026-10-02T06:09:44+00:00 score: 1500/4500 done (0 errors), 555 s; last apex_eod bimb_follow_n3-tf1 london ok
2026-10-02T06:10:17+00:00 score: 1550/4500 done (0 errors), 588 s; last apex300_eval bimb_follow_n3-tf5-c2s1 mid ok
2026-10-02T06:10:49+00:00 score: 1600/4500 done (0 errors), 620 s; last apex_eod cvd_div-tf1 mid ok
2026-10-02T06:11:21+00:00 score: 1650/4500 done (0 errors), 652 s; last apex300_eval cvd_div-tf5 mid ok
2026-10-02T06:12:01+00:00 score: 1700/4500 done (0 errors), 691 s; last apex_eod delta_follow-tf1 nyam ok
2026-10-02T06:12:31+00:00 score: 1750/4500 done (0 errors), 722 s; last apex_eod open_dir_book-tf30-c2s1 asia no_trades
2026-10-02T06:12:38+00:00 score: 1800/4500 done (0 errors), 729 s; last apex open_dir_both-tf30 asia no_trades
2026-10-02T06:12:42+00:00 score: 1850/4500 done (0 errors), 732 s; last apex300_eval open_dir_both-tf30 nyam ok
2026-10-02T06:13:00+00:00 score: 1900/4500 done (0 errors), 751 s; last apex_eod sweep_follow-tf1-c2s2 london ok
2026-10-02T06:13:36+00:00 score: 1950/4500 done (0 errors), 787 s; last apex_eod sweep_follow-tf5-c2s1 mid ok
2026-10-02T06:14:02+00:00 score: 2000/4500 done (0 errors), 813 s; last apex thin_side-tf1-c2s2 mid ok
2026-10-02T06:14:19+00:00 score: 2050/4500 done (0 errors), 830 s; last apex_eod thin_side-tf5-c2s1 nyam ok
2026-10-02T06:14:44+00:00 score: 2100/4500 done (0 errors), 855 s; last apex_eod wall_bounce-tf1 nyam ok
2026-10-02T06:15:01+00:00 score: 2150/4500 done (0 errors), 872 s; last apex wall_bounce-tf5-c2s2 pm ok
2026-10-02T06:15:13+00:00 score: 2200/4500 done (0 errors), 884 s; last apex300_eval wall_break-tf1 asia ok
2026-10-02T06:15:24+00:00 score: 2250/4500 done (0 errors), 895 s; last apex300_eval wall_break-tf5 london ok
2026-10-02T06:19:04+00:00 score: 2300/4500 done (0 errors), 1115 s; last flex_dll absorption-tf1-c2s1 pm ok
2026-10-02T06:21:09+00:00 score: 2178 tasks to run, workers 8
2026-10-02T06:21:43+00:00 score: 2174 tasks to run, workers 7
2026-10-02T06:22:02+00:00 gate straddle-tf30_c10 G1 flex_eval: ok
2026-10-02T06:22:02+00:00 gate straddle-tf30_c10 G1 pro_nodll_eval: ok
2026-10-02T06:22:02+00:00 gate straddle-tf30_c10 G2 flex_eval: ok
2026-10-02T06:22:02+00:00 gate straddle-tf30_c10 G2 pro_nodll_eval: ok
2026-10-02T06:22:02+00:00 gate straddle-tf30_c10 G3 flex_eval: ok
2026-10-02T06:22:02+00:00 gate straddle-tf30_c10 G3 pro_nodll_eval: ok
2026-10-02T06:22:02+00:00 gate straddle-tf30_c9 G1 pro_nodll_eval_s9: ok
2026-10-02T06:22:02+00:00 gate straddle-tf30_c9 G2 pro_nodll_eval_s9: ok
2026-10-02T06:22:03+00:00 gate straddle-tf30_c9 G3 pro_nodll_eval_s9: ok
2026-10-02T06:22:03+00:00 gate straddle-tf30_c32 G1 flex_funded: ok
2026-10-02T06:22:03+00:00 gate straddle-tf30_c32 G2 flex_funded: ok
2026-10-02T06:22:03+00:00 gate straddle-tf30_c32 G3 flex_funded: ok
2026-10-02T06:22:04+00:00 gate orb-tf5_c10 G1 pro_nodll_funded: ok
2026-10-02T06:22:04+00:00 gate orb-tf5_c10 G2 pro_nodll_funded: ok
2026-10-02T06:22:04+00:00 gate orb-tf5_c10 G3 pro_nodll_funded: ok
2026-10-02T06:22:05+00:00 gate donchian-tf15_c10 G1 pro_dll_funded: ok
2026-10-02T06:22:05+00:00 gate donchian-tf15_c10 G2 pro_dll_funded: ok
2026-10-02T06:22:05+00:00 gate donchian-tf15_c10 G3 pro_dll_funded: ok
2026-10-02T06:22:06+00:00 gate donchian-tf15_c1 G1 apex_pa_funded: ok
2026-10-02T06:22:08+00:00 gate donchian-tf15_c1 G1 apex300_pa: ok
2026-10-02T06:22:09+00:00 gate donchian-tf15_c1 G2 apex_pa_funded: ok
2026-10-02T06:22:11+00:00 gate donchian-tf15_c1 G2 apex300_pa: ok
2026-10-02T06:22:12+00:00 gate donchian-tf15_c1 G3 apex_pa_funded: ok
2026-10-02T06:22:14+00:00 gate donchian-tf15_c1 G3 apex300_pa: ok
2026-10-02T06:22:32+00:00 gate straddle-tf30_c10 G1 flex_eval: ok
2026-10-02T06:22:32+00:00 gate straddle-tf30_c10 G1 pro_nodll_eval: ok
2026-10-02T06:22:32+00:00 gate straddle-tf30_c10 G2 flex_eval: ok
2026-10-02T06:22:32+00:00 gate straddle-tf30_c10 G2 pro_nodll_eval: ok
2026-10-02T06:22:33+00:00 gate straddle-tf30_c10 G3 flex_eval: ok
2026-10-02T06:22:33+00:00 gate straddle-tf30_c10 G3 pro_nodll_eval: ok
2026-10-02T06:22:33+00:00 gate straddle-tf30_c9 G1 pro_nodll_eval_s9: ok
2026-10-02T06:22:33+00:00 gate straddle-tf30_c9 G2 pro_nodll_eval_s9: ok
2026-10-02T06:22:33+00:00 gate straddle-tf30_c9 G3 pro_nodll_eval_s9: ok
2026-10-02T06:22:33+00:00 gate straddle-tf30_c32 G1 flex_funded: ok
2026-10-02T06:22:34+00:00 gate straddle-tf30_c32 G2 flex_funded: ok
2026-10-02T06:22:34+00:00 gate straddle-tf30_c32 G3 flex_funded: ok
2026-10-02T06:22:34+00:00 gate orb-tf5_c10 G1 pro_nodll_funded: ok
2026-10-02T06:22:34+00:00 gate orb-tf5_c10 G2 pro_nodll_funded: ok
2026-10-02T06:22:35+00:00 gate orb-tf5_c10 G3 pro_nodll_funded: ok
2026-10-02T06:22:35+00:00 gate donchian-tf15_c10 G1 pro_dll_funded: ok
2026-10-02T06:22:35+00:00 gate donchian-tf15_c10 G2 pro_dll_funded: ok
2026-10-02T06:22:36+00:00 gate donchian-tf15_c10 G3 pro_dll_funded: ok
2026-10-02T06:22:37+00:00 gate donchian-tf15_c1 G1 apex_pa_funded: ok
2026-10-02T06:22:39+00:00 gate donchian-tf15_c1 G1 apex300_pa: ok
2026-10-02T06:22:40+00:00 gate donchian-tf15_c1 G2 apex_pa_funded: ok
2026-10-02T06:22:42+00:00 gate donchian-tf15_c1 G2 apex300_pa: ok
2026-10-02T06:22:43+00:00 gate donchian-tf15_c1 G3 apex_pa_funded: ok
2026-10-02T06:22:45+00:00 gate donchian-tf15_c1 G3 apex300_pa: ok
2026-10-02T06:23:04+00:00 report: 778 table rows, 111 summary lines
2026-10-02T06:24:41+00:00 null C1 lifts: 1497 tasks to run, workers 1
2026-10-02T06:26:15+00:00 null C1 lifts: 200/1497 done (0 errors), 94 s
2026-10-02T06:26:29+00:00 score: 50/2174 done (0 errors), 286 s; last pro_nodll bimb_fade-tf1-c2s2 asia ok
2026-10-02T06:27:50+00:00 null C1 lifts: 400/1497 done (0 errors), 189 s
2026-10-02T06:28:54+00:00 null C1 lifts: 600/1497 done (0 errors), 253 s
2026-10-02T06:29:22+00:00 report: 806 table rows, 113 summary lines
2026-10-02T06:29:51+00:00 score: 100/2174 done (0 errors), 488 s; last pro_nodll bimb_fade-tf1-c2s2 pm ok
2026-10-02T06:30:00+00:00 null C1 lifts: 800/1497 done (0 errors), 318 s
2026-10-02T06:32:02+00:00 null C1 lifts: 1000/1497 done (0 errors), 441 s
2026-10-02T06:33:02+00:00 score: 150/2174 done (0 errors), 679 s; last pro_nodll bimb_fade-tf5-c2s2 nyam ok
2026-10-02T06:33:55+00:00 null C1 lifts: 1200/1497 done (0 errors), 554 s
2026-10-02T06:35:23+00:00 null C1 lifts: 1400/1497 done (0 errors), 642 s
2026-10-02T06:35:53+00:00 null C1 lifts: finished 1497 tasks, 0 errors, 672 s
2026-10-02T06:36:10+00:00 score: 1983 tasks to run, workers 1
2026-10-02T06:36:41+00:00 score: 200/2174 done (0 errors), 898 s; last pro_nodll bimb_fade_n3-tf1 mid ok
2026-10-02T06:39:56+00:00 score: 250/2174 done (0 errors), 1093 s; last pro_nodll bimb_fade_n3-tf5 london ok
2026-10-02T06:43:38+00:00 score: 300/2174 done (0 errors), 1315 s; last pro_nodll bimb_follow-tf1-c2s1 london ok
2026-10-02T06:46:55+00:00 score: 350/2174 done (0 errors), 1512 s; last flex_dll bimb_follow-tf5-c2s2 asia ok
2026-10-02T06:49:46+00:00 score: 400/2174 done (0 errors), 1683 s; last pro_nodll bimb_follow-tf5-c2s2 pm ok
2026-10-02T06:53:26+00:00 score: 450/2174 done (0 errors), 1903 s; last flex_dll bimb_follow_n3-tf1 nyam ok
2026-10-02T06:56:44+00:00 score: 500/2174 done (0 errors), 2101 s; last pro_nodll bimb_follow_n3-tf5 mid ok
2026-10-02T07:00:40+00:00 score: 550/2174 done (0 errors), 2337 s; last pro_nodll cvd_div-tf1 london ok
2026-10-02T07:04:09+00:00 score: 600/2174 done (0 errors), 2546 s; last pro_nodll cvd_div-tf5-c2s1 london ok
2026-10-02T07:06:50+00:00 score: 650/2174 done (0 errors), 2707 s; last flex_dll delta_follow-tf1-c2s2 asia ok
2026-10-02T07:10:27+00:00 score: 700/2174 done (0 errors), 2924 s; last pro_nodll delta_follow-tf1-c2s2 pm ok
2026-10-02T07:13:30+00:00 score: 750/2174 done (0 errors), 3107 s; last flex_dll delta_follow-tf5 nyam ok
2026-10-02T07:15:19+00:00 score: 800/2174 done (0 errors), 3216 s; last flex_dll open_dir_book-tf30-c2s1 nyam ok
2026-10-02T07:17:11+00:00 score: 850/2174 done (0 errors), 3328 s; last pro_nodll open_dir_both-tf30 london ok
2026-10-02T07:19:20+00:00 score: 900/2174 done (0 errors), 3457 s; last flex open_dir_flow-tf30-c2s2 london ok
2026-10-02T07:21:48+00:00 score: 950/2174 done (0 errors), 3605 s; last flex_dll sweep_follow-tf1-c2s2 asia ok
2026-10-02T07:25:23+00:00 score: 1000/2174 done (0 errors), 3820 s; last pro_nodll sweep_follow-tf1-c2s2 pm ok
2026-10-02T07:29:10+00:00 score: 1050/2174 done (0 errors), 4047 s; last flex_dll sweep_follow-tf5 nyam ok
2026-10-02T07:34:37+00:00 score: 1100/2174 done (0 errors), 4374 s; last pro_nodll thin_side-tf1 mid ok
2026-10-02T07:41:00+00:00 score: 1150/2174 done (0 errors), 4757 s; last flex_dll thin_side-tf5-c2s1 mid ok
2026-10-02T07:48:37+00:00 score: 1200/2174 done (0 errors), 5214 s; last pro_nodll wall_bounce-tf1-c2s1 london ok
2026-10-02T07:57:15+00:00 score: 1250/2174 done (0 errors), 5732 s; last flex_dll wall_bounce-tf5-c2s2 asia ok
2026-10-02T08:05:59+00:00 score: 1300/2174 done (0 errors), 6256 s; last flex wall_bounce-tf5 pm ok
2026-10-02T08:13:06+00:00 score: 1350/2174 done (0 errors), 6683 s; last pro_nodll wall_break-tf1-c2s1 pm no_trades
2026-10-02T08:20:11+00:00 score: 1400/2174 done (0 errors), 7108 s; last flex_dll wall_break-tf5-c2s2 nyam no_trades
2026-10-02T08:25:07+00:00 report: 1260 table rows, 113 summary lines
2026-10-02T08:26:39+00:00 score: 1450/2174 done (0 errors), 7497 s; last apex50_pa absorption-tf5-c2s2 asia ok
2026-10-02T08:34:06+00:00 score: 1500/2174 done (0 errors), 7943 s; last apex50_pa bimb_fade_n3-tf5-c2s1 mid noncompliant_static
2026-10-02T08:35:21+00:00 report: 1288 table rows, 114 summary lines
2026-10-02T08:40:48+00:00 score: 1550/2174 done (0 errors), 8345 s; last apex50_pa bimb_follow_n3-tf1-c2s2 london ok
2026-10-02T08:46:16+00:00 score: 1600/2174 done (0 errors), 8673 s; last apex50_pa cvd_div-tf1-c2s2 pm ok
2026-10-02T08:49:45+00:00 score: 1650/2174 done (0 errors), 8882 s; last apex50_pa open_dir_both-tf30 london noncompliant_static
2026-10-02T08:53:29+00:00 score: 1700/2174 done (0 errors), 9106 s; last apex50_pa sweep_follow-tf1-c2s1 pm ok
2026-10-02T09:09:19+00:00 score: 1750/2174 done (0 errors), 10056 s; last apex50_pa wall_bounce-tf1 mid ok
2026-10-02T09:34:14+00:00 score: 1800/2174 done (0 errors), 11551 s; last apex300_pa absorption-tf1-c2s1 asia ok
2026-10-02T09:36:59+00:00 report: 1389 table rows, 114 summary lines
2026-10-02T09:58:02+00:00 score: 1850/2174 done (0 errors), 12979 s; last apex300_pa bimb_fade-tf5 asia ok
2026-10-02T10:21:24+00:00 score: 1900/2174 done (0 errors), 14381 s; last apex300_pa bimb_follow-tf1-c2s2 nyam ok
2026-10-02T10:45:47+00:00 score: 1950/2174 done (0 errors), 15844 s; last apex300_pa cvd_div-tf1-c2s1 mid ok
2026-10-02T11:15:42+00:00 score: 2000/2174 done (0 errors), 17639 s; last apex300_pa delta_follow-tf5 london ok
2026-10-02T11:19:22+00:00 score: 2050/2174 done (0 errors), 17859 s; last apex300_pa delta_follow-tf5-c2s2 nyam ok
2026-10-02T11:27:24+00:00 score: 50/1983 done (0 errors), 17474 s; last apex300_pa wall_bounce-tf1-c2s2 nyam ok
2026-10-02T12:12:52+00:00 score: 2100/2174 done (0 errors), 21069 s; last apex300_pa thin_side-tf5-c2s1 london ok
2026-10-02T12:59:03+00:00 score: 2150/2174 done (0 errors), 23840 s; last apex300_pa wall_break-tf1 nyam None
2026-10-02T13:06:10+00:00 score: finished 2174 tasks, 0 errors, 24267 s
2026-10-02T13:06:29+00:00 score: 100/1983 done (0 errors), 23419 s; last apex300_pa sweep_follow-tf5 london None
2026-10-02T13:06:29+00:00 score: 150/1983 done (0 errors), 23419 s; last apex300_pa open_dir_both-tf30-c2s1 asia None
2026-10-02T13:06:29+00:00 score: 200/1983 done (0 errors), 23419 s; last apex300_pa cvd_div-tf5-c2s2 nyam None
2026-10-02T13:06:29+00:00 score: 250/1983 done (0 errors), 23419 s; last apex300_pa bimb_follow_n3-tf1 london None
2026-10-02T13:06:29+00:00 score: 300/1983 done (0 errors), 23419 s; last apex300_pa bimb_fade_n3-tf5-c2s1 asia None
2026-10-02T13:06:29+00:00 score: 350/1983 done (0 errors), 23419 s; last apex300_pa absorption-tf5-c2s2 nyam None
2026-10-02T13:06:29+00:00 score: 400/1983 done (0 errors), 23419 s; last apex50_pa wall_break-tf1 london None
2026-10-02T13:06:29+00:00 score: 450/1983 done (0 errors), 23419 s; last apex50_pa thin_side-tf5-c2s1 asia None
2026-10-02T13:06:29+00:00 score: 500/1983 done (0 errors), 23419 s; last apex50_pa open_dir_flow-tf30-c2s2 nyam None
2026-10-02T13:06:29+00:00 score: 550/1983 done (0 errors), 23419 s; last apex50_pa delta_follow-tf5 london None
2026-10-02T13:06:29+00:00 score: 600/1983 done (0 errors), 23419 s; last apex50_pa cvd_div-tf1-c2s1 asia None
2026-10-02T13:06:29+00:00 score: 650/1983 done (0 errors), 23419 s; last apex50_pa bimb_follow-tf1-c2s2 nyam None
2026-10-02T13:06:29+00:00 score: 700/1983 done (0 errors), 23419 s; last apex50_pa bimb_fade-tf5 london None
2026-10-02T13:06:29+00:00 score: 750/1983 done (0 errors), 23419 s; last apex50_pa absorption-tf1-c2s1 asia None
2026-10-02T13:06:29+00:00 score: 800/1983 done (0 errors), 23419 s; last pro_dll wall_break-tf5 asia None
2026-10-02T13:06:29+00:00 score: 850/1983 done (0 errors), 23419 s; last flex wall_break-tf1 london None
2026-10-02T13:06:29+00:00 score: 900/1983 done (0 errors), 23419 s; last pro_dll wall_bounce-tf5-c2s2 mid None
2026-10-02T13:06:29+00:00 score: 950/1983 done (0 errors), 23419 s; last flex wall_bounce-tf1-c2s2 nyam None
2026-10-02T13:06:29+00:00 score: 1000/1983 done (0 errors), 23419 s; last pro_dll thin_side-tf5-c2s1 pm None
2026-10-02T13:06:29+00:00 score: 1050/1983 done (0 errors), 23419 s; last flex thin_side-tf5-c2s1 asia None
2026-10-02T13:06:29+00:00 score: 1100/1983 done (0 errors), 23419 s; last pro_dll thin_side-tf1 asia None
2026-10-02T13:06:29+00:00 score: 1150/1983 done (0 errors), 23419 s; last flex sweep_follow-tf5 london None
2026-10-02T13:06:29+00:00 score: 1200/1983 done (0 errors), 23419 s; last pro_dll sweep_follow-tf1-c2s2 mid None
2026-10-02T13:06:29+00:00 score: 1250/1983 done (0 errors), 23419 s; last flex open_dir_flow-tf30-c2s2 nyam None
2026-10-02T13:06:29+00:00 score: 1300/1983 done (0 errors), 23419 s; last pro_dll open_dir_both-tf30-c2s1 pm None
2026-10-02T13:06:29+00:00 score: 1350/1983 done (0 errors), 23419 s; last flex open_dir_both-tf30-c2s1 asia None
2026-10-02T13:06:29+00:00 score: 1400/1983 done (0 errors), 23419 s; last pro_dll open_dir_book-tf30 asia None
2026-10-02T13:06:29+00:00 score: 1450/1983 done (0 errors), 23419 s; last flex delta_follow-tf5 london None
2026-10-02T13:06:29+00:00 score: 1500/1983 done (0 errors), 23419 s; last pro_dll delta_follow-tf1-c2s2 mid None
2026-10-02T13:06:29+00:00 score: 1550/1983 done (0 errors), 23419 s; last flex cvd_div-tf5-c2s2 nyam None
2026-10-02T13:06:29+00:00 score: 1600/1983 done (0 errors), 23419 s; last pro_dll cvd_div-tf1-c2s1 pm None
2026-10-02T13:06:29+00:00 score: 1650/1983 done (0 errors), 23419 s; last flex cvd_div-tf1-c2s1 asia None
2026-10-02T13:06:29+00:00 score: 1700/1983 done (0 errors), 23419 s; last pro_dll bimb_follow_n3-tf5 asia None
2026-10-02T13:06:29+00:00 score: 1750/1983 done (0 errors), 23419 s; last flex bimb_follow_n3-tf1 london None
2026-10-02T13:06:29+00:00 score: 1800/1983 done (0 errors), 23419 s; last pro_dll bimb_follow-tf5-c2s2 mid None
2026-10-02T13:06:29+00:00 score: 1850/1983 done (0 errors), 23419 s; last flex bimb_follow-tf1-c2s2 nyam None
2026-10-02T13:06:29+00:00 score: 1900/1983 done (0 errors), 23419 s; last pro_dll bimb_fade_n3-tf5-c2s1 pm None
2026-10-02T13:06:29+00:00 score: 1950/1983 done (0 errors), 23419 s; last flex bimb_fade_n3-tf5-c2s1 asia None
2026-10-02T13:06:30+00:00 score: finished 1983 tasks, 0 errors, 23419 s
2026-10-02T13:06:48+00:00 score: 0 tasks to run, workers 8
2026-10-02T13:06:49+00:00 null C1 lifts: 1499 tasks to run, workers 8
2026-10-02T13:07:06+00:00 null C1 lifts: 200/1499 done (0 errors), 16 s
2026-10-02T13:07:21+00:00 null C1 lifts: 400/1499 done (0 errors), 31 s
2026-10-02T13:07:34+00:00 null C1 lifts: 600/1499 done (0 errors), 44 s
2026-10-02T13:07:48+00:00 null C1 lifts: 800/1499 done (0 errors), 58 s
2026-10-02T13:08:09+00:00 null C1 lifts: 1000/1499 done (0 errors), 80 s
2026-10-02T13:08:39+00:00 null C1 lifts: 1200/1499 done (0 errors), 110 s
2026-10-02T13:09:42+00:00 null C1 lifts: 1400/1499 done (0 errors), 172 s
2026-10-02T13:10:16+00:00 null C1 lifts: finished 1499 tasks, 0 errors, 207 s
2026-10-02T13:10:22+00:00 stress run bimb_fade-tf1-stress: stress 11102 trades
2026-10-02T13:10:25+00:00 stress run bimb_fade_n3-tf1-stress: stress 11130 trades
2026-10-02T13:10:27+00:00 stress run bimb_follow-tf5-stress: stress 5015 trades
2026-10-02T13:10:30+00:00 stress run bimb_follow_n3-tf1-stress: stress 11158 trades
2026-10-02T13:10:33+00:00 stress run bimb_follow_n3-tf5-stress: stress 4928 trades
2026-10-02T13:10:35+00:00 stress run delta_follow-tf5-stress: stress 8388 trades
2026-10-02T13:10:37+00:00 stress run open_dir_book-tf30-stress: stress 2674 trades
2026-10-02T13:10:39+00:00 stress run open_dir_both-tf30-stress: stress 1273 trades
2026-10-02T13:10:40+00:00 stress run open_dir_flow-tf30-stress: stress 2800 trades
2026-10-02T13:10:44+00:00 stress run sweep_follow-tf1-stress: stress 11579 trades
2026-10-02T13:10:46+00:00 stress run sweep_follow-tf5-stress: stress 6169 trades
2026-10-02T13:11:00+00:00 stress: top 15 configs, 11 family x tf, 11 new runs, 316 cells re-scored
2026-10-02T13:11:03+00:00 report: 1500 table rows, 115 summary lines
2026-10-02T13:21:18+00:00 report: 1500 table rows, 118 summary lines
2026-10-02T13:21:57+00:00 report: 1500 table rows, 118 summary lines
2026-10-02T13:36:36+00:00 score: 2625 tasks to run, workers 8
2026-10-02T13:36:54+00:00 score: 50/2625 done (0 errors), 19 s; last lucidpro_nodll absorption-tf5-c2s1 asia ok
2026-10-02T13:37:09+00:00 score: 100/2625 done (0 errors), 34 s; last lucid bimb_fade-tf1-c2s2 london ok
2026-10-02T13:37:30+00:00 score: 150/2625 done (0 errors), 54 s; last lucidpro_nodll bimb_fade-tf5-c2s2 london ok
2026-10-02T13:37:51+00:00 score: 200/2625 done (0 errors), 75 s; last lucid bimb_fade_n3-tf1-c2s2 mid ok
2026-10-02T13:38:12+00:00 score: 250/2625 done (0 errors), 96 s; last lucid bimb_fade_n3-tf5 mid ok
2026-10-02T13:38:34+00:00 score: 300/2625 done (0 errors), 118 s; last lucidpro_nodll bimb_follow-tf1-c2s1 nyam ok
2026-10-02T13:38:55+00:00 score: 350/2625 done (0 errors), 139 s; last lucid bimb_follow-tf5-c2s1 pm ok
2026-10-02T13:39:18+00:00 score: 400/2625 done (0 errors), 162 s; last lucidpro_nodll bimb_follow_n3-tf1 nyam ok
2026-10-02T13:39:38+00:00 score: 450/2625 done (0 errors), 182 s; last lucidpro bimb_follow_n3-tf5 pm ok
2026-10-02T13:39:59+00:00 report: 785 table rows, 120 summary lines
2026-10-02T13:40:01+00:00 score: 500/2625 done (0 errors), 205 s; last lucidpro cvd_div-tf5-c2s2 asia ok
2026-10-02T13:40:24+00:00 score: 550/2625 done (0 errors), 228 s; last lucid delta_follow-tf1-c2s2 london ok
2026-10-02T13:40:48+00:00 score: 600/2625 done (0 errors), 252 s; last lucidpro_nodll delta_follow-tf5-c2s2 london ok
2026-10-02T13:41:01+00:00 score: 650/2625 done (0 errors), 265 s; last lucidpro delta_follow-tf5 pm ok
2026-10-02T13:41:04+00:00 score: 700/2625 done (0 errors), 268 s; last lucid open_dir_both-tf30-c2s1 nyam ok
2026-10-02T13:41:09+00:00 score: 750/2625 done (0 errors), 273 s; last lucidpro_nodll open_dir_flow-tf30-c2s2 nyam ok
2026-10-02T13:41:30+00:00 score: 800/2625 done (0 errors), 294 s; last lucid sweep_follow-tf1-c2s1 pm ok
2026-10-02T13:41:49+00:00 score: 850/2625 done (0 errors), 313 s; last lucidpro_nodll sweep_follow-tf5-c2s2 pm ok
2026-10-02T13:42:03+00:00 score: 900/2625 done (0 errors), 327 s; last lucidpro thin_side-tf5-c2s1 asia ok
2026-10-02T13:42:09+00:00 score: 950/2625 done (0 errors), 334 s; last lucidpro wall_bounce-tf1-c2s2 asia ok
2026-10-02T13:42:18+00:00 score: 1000/2625 done (0 errors), 342 s; last lucidpro wall_bounce-tf5-c2s1 london ok
2026-10-02T13:42:22+00:00 score: 1050/2625 done (0 errors), 346 s; last lucidpro_nodll wall_break-tf1-c2s1 mid ok
2026-10-02T13:42:25+00:00 score: 1100/2625 done (0 errors), 349 s; last lucidpro wall_break-tf5 mid ok
2026-10-02T13:44:49+00:00 score: 1150/2625 done (0 errors), 493 s; last pro_dll absorption-tf1 london ok
2026-10-02T13:48:29+00:00 score: 1200/2625 done (0 errors), 714 s; last flex_dll absorption-tf5 asia ok
2026-10-02T13:52:14+00:00 score: 1250/2625 done (0 errors), 939 s; last flex bimb_fade-tf1-c2s2 asia ok
2026-10-02T13:55:08+00:00 score: 1300/2625 done (0 errors), 1112 s; last pro_nodll bimb_fade-tf1-c2s2 pm ok
2026-10-02T13:57:54+00:00 score: 1350/2625 done (0 errors), 1279 s; last flex bimb_fade-tf5 nyam ok
2026-10-02T14:01:13+00:00 score: 1400/2625 done (0 errors), 1477 s; last flex_dll bimb_fade_n3-tf1 mid ok
2026-10-02T14:04:11+00:00 score: 1450/2625 done (0 errors), 1655 s; last flex bimb_fade_n3-tf5-c2s1 mid ok
2026-10-02T14:07:18+00:00 score: 1500/2625 done (0 errors), 1842 s; last flex_dll bimb_follow-tf1 asia ok
2026-10-02T14:10:28+00:00 score: 1550/2625 done (0 errors), 2032 s; last flex bimb_follow-tf5-c2s2 asia ok
2026-10-02T14:12:54+00:00 score: 1600/2625 done (0 errors), 2178 s; last pro_nodll bimb_follow-tf5-c2s2 pm ok
2026-10-02T14:16:15+00:00 score: 1650/2625 done (0 errors), 2379 s; last flex_dll bimb_follow_n3-tf1 nyam ok
2026-10-02T14:19:05+00:00 score: 1700/2625 done (0 errors), 2549 s; last pro_nodll bimb_follow_n3-tf5 mid ok
2026-10-02T14:22:23+00:00 score: 1750/2625 done (0 errors), 2747 s; last flex_dll cvd_div-tf1-c2s1 mid ok
2026-10-02T14:25:01+00:00 score: 1800/2625 done (0 errors), 2905 s; last pro_nodll cvd_div-tf5-c2s1 london ok
2026-10-02T14:27:26+00:00 score: 1850/2625 done (0 errors), 3050 s; last flex delta_follow-tf1-c2s2 asia ok
2026-10-02T14:30:29+00:00 score: 1900/2625 done (0 errors), 3233 s; last pro_nodll delta_follow-tf1-c2s2 pm ok
2026-10-02T14:33:09+00:00 score: 1950/2625 done (0 errors), 3393 s; last flex delta_follow-tf5 nyam ok
2026-10-02T14:34:37+00:00 score: 2000/2625 done (0 errors), 3482 s; last pro_nodll open_dir_book-tf30 mid ok
2026-10-02T14:36:06+00:00 score: 2050/2625 done (0 errors), 3570 s; last pro_nodll open_dir_both-tf30 london ok
2026-10-02T14:37:35+00:00 score: 2100/2625 done (0 errors), 3659 s; last pro_nodll open_dir_flow-tf30-c2s1 london ok
2026-10-02T14:39:30+00:00 score: 2150/2625 done (0 errors), 3775 s; last pro_dll sweep_follow-tf1-c2s1 asia ok
2026-10-02T14:42:29+00:00 score: 2200/2625 done (0 errors), 3954 s; last pro_nodll sweep_follow-tf1-c2s2 pm ok
2026-10-02T14:45:26+00:00 score: 2250/2625 done (0 errors), 4130 s; last flex sweep_follow-tf5 nyam ok
2026-10-02T14:49:59+00:00 score: 2300/2625 done (0 errors), 4403 s; last pro_nodll thin_side-tf1-c2s1 nyam ok
2026-10-02T14:55:33+00:00 score: 2350/2625 done (0 errors), 4737 s; last flex thin_side-tf5-c2s1 mid ok
2026-10-02T15:03:01+00:00 score: 2400/2625 done (0 errors), 5186 s; last pro_nodll wall_bounce-tf1-c2s1 london ok
2026-10-02T15:11:09+00:00 score: 2450/2625 done (0 errors), 5673 s; last flex_dll wall_bounce-tf5-c2s2 asia ok
2026-10-02T15:20:30+00:00 score: 2500/2625 done (0 errors), 6235 s; last flex wall_bounce-tf5 pm ok
2026-10-02T15:27:22+00:00 score: 2550/2625 done (0 errors), 6646 s; last pro_nodll wall_break-tf1-c2s1 pm no_trades
2026-10-02T15:35:39+00:00 score: 2600/2625 done (0 errors), 7143 s; last flex_dll wall_break-tf5-c2s2 nyam no_trades
2026-10-02T15:39:31+00:00 score: finished 2625 tasks, 0 errors, 7375 s
2026-10-02T15:39:38+00:00 score: 0 tasks to run, workers 8
2026-10-02T15:39:40+00:00 null C1 lifts: 1750 tasks to run, workers 8
2026-10-02T15:40:05+00:00 null C1 lifts: 200/1750 done (0 errors), 25 s
2026-10-02T15:40:29+00:00 null C1 lifts: 400/1750 done (0 errors), 49 s
2026-10-02T15:40:45+00:00 null C1 lifts: 600/1750 done (0 errors), 65 s
2026-10-02T15:41:00+00:00 null C1 lifts: 800/1750 done (0 errors), 80 s
2026-10-02T15:41:25+00:00 null C1 lifts: 1000/1750 done (0 errors), 105 s
2026-10-02T15:41:50+00:00 null C1 lifts: 1200/1750 done (0 errors), 130 s
2026-10-02T15:42:10+00:00 null C1 lifts: 1400/1750 done (0 errors), 150 s
2026-10-02T15:42:36+00:00 null C1 lifts: 1600/1750 done (0 errors), 176 s
2026-10-02T15:43:02+00:00 null C1 lifts: finished 1750 tasks, 0 errors, 202 s
2026-10-02T15:43:03+00:00 gate straddle-tf30_c10 G1 flex_eval: ok
2026-10-02T15:43:03+00:00 gate straddle-tf30_c10 G1 pro_nodll_eval: ok
2026-10-02T15:43:03+00:00 gate straddle-tf30_c10 G2 flex_eval: ok
2026-10-02T15:43:03+00:00 gate straddle-tf30_c10 G2 pro_nodll_eval: ok
2026-10-02T15:43:03+00:00 gate straddle-tf30_c10 G3 flex_eval: ok
2026-10-02T15:43:03+00:00 gate straddle-tf30_c10 G3 pro_nodll_eval: ok
2026-10-02T15:43:03+00:00 gate straddle-tf30_c9 G1 pro_nodll_eval_s9: ok
2026-10-02T15:43:03+00:00 gate straddle-tf30_c9 G2 pro_nodll_eval_s9: ok
2026-10-02T15:43:04+00:00 gate straddle-tf30_c9 G3 pro_nodll_eval_s9: ok
2026-10-02T15:43:04+00:00 gate straddle-tf30_c32 G1 flex_funded: ok
2026-10-02T15:43:05+00:00 gate straddle-tf30_c32 G2 flex_funded: ok
2026-10-02T15:43:05+00:00 gate straddle-tf30_c32 G3 flex_funded: ok
2026-10-02T15:43:05+00:00 gate orb-tf5_c10 G1 pro_nodll_funded: ok
2026-10-02T15:43:06+00:00 gate orb-tf5_c10 G2 pro_nodll_funded: ok
2026-10-02T15:43:06+00:00 gate orb-tf5_c10 G3 pro_nodll_funded: ok
2026-10-02T15:43:06+00:00 gate donchian-tf15_c10 G1 pro_dll_funded: ok
2026-10-02T15:43:07+00:00 gate donchian-tf15_c10 G2 pro_dll_funded: ok
2026-10-02T15:43:07+00:00 gate donchian-tf15_c10 G3 pro_dll_funded: ok
2026-10-02T15:43:09+00:00 gate donchian-tf15_c1 G1 apex_pa_funded: ok
2026-10-02T15:43:11+00:00 gate donchian-tf15_c1 G1 apex300_pa: ok
2026-10-02T15:43:12+00:00 gate donchian-tf15_c1 G2 apex_pa_funded: ok
2026-10-02T15:43:15+00:00 gate donchian-tf15_c1 G2 apex300_pa: ok
2026-10-02T15:43:16+00:00 gate donchian-tf15_c1 G3 apex_pa_funded: ok
2026-10-02T15:43:18+00:00 gate donchian-tf15_c1 G3 apex300_pa: ok
2026-10-02T15:43:31+00:00 stress run absorption-tf1-stress: stress 4464 trades
2026-10-02T15:43:49+00:00 stress: top 15 configs, 11 family x tf, 1 new runs, 315 cells re-scored
2026-10-02T15:43:55+00:00 report: 1500 table rows, 120 summary lines
2026-10-02T15:44:37+00:00 stress: top 15 configs, 11 family x tf, 0 new runs, 343 cells re-scored
2026-10-02T15:44:43+00:00 report: 1500 table rows, 120 summary lines
2026-10-02T15:45:35+00:00 report: 1500 table rows, 120 summary lines
2026-10-02T15:46:05+00:00 report: 1500 table rows, 120 summary lines
2026-10-02T15:46:25+00:00 report: 1500 table rows, 120 summary lines
2026-10-02T15:53:59+00:00 score: 30 tasks to run, workers 2
2026-10-02T15:54:08+00:00 score: finished 30 tasks, 0 errors, 9 s
2026-10-02T15:54:19+00:00 report: 1500 table rows, 120 summary lines
