2026-10-02T13:36:36+00:00 score: 2625 tasks to run, workers 8
2026-10-02T13:36:54+00:00 score: 50/2625 done (0 errors), 19 s; last lucidpro_nodll absorption-tf5-c2s1 asia ok
2026-10-02T13:37:09+00:00 score: 100/2625 done (0 errors), 34 s; last lucid bimb_fade-tf1-c2s2 london ok
2026-10-02T13:37:30+00:00 score: 150/2625 done (0 errors), 54 s; last lucidpro_nodll bimb_fade-tf5-c2s2 london ok
2026-10-02T13:37:51+00:00 score: 200/2625 done (0 errors), 75 s; last lucid bimb_fade_n3-tf1-c2s2 mid ok
2026-10-02T13:38:12+00:00 score: 250/2625 done (0 errors), 96 s; last lucid bimb_fade_n3-tf5 mid ok
2026-10-02T13:38:34+00:00 score: 300/2625 done (0 errors), 118 s; last lucidpro_nodll bimb_follow-tf1-c2s1 nyam ok
2026-10-02T13:38:55+00:00 score: 350/2625 done (0 errors), 139 s; last lucid bimb_follow-tf5-c2s1 pm ok
2026-10-02T13:39:18+00:00 score: 400/2625 done (0 errors), 162 s; last lucidpro_nodll bimb_follow_n3-tf1 nyam ok
2026-10-02T13:39:38+00:00 score: 450/2625 done (0 errors), 182 s; last lucidpro bimb_follow_n3-tf5 pm ok
2026-10-02T13:40:01+00:00 score: 500/2625 done (0 errors), 205 s; last lucidpro cvd_div-tf5-c2s2 asia ok
2026-10-02T13:40:24+00:00 score: 550/2625 done (0 errors), 228 s; last lucid delta_follow-tf1-c2s2 london ok
2026-10-02T13:40:48+00:00 score: 600/2625 done (0 errors), 252 s; last lucidpro_nodll delta_follow-tf5-c2s2 london ok
2026-10-02T13:41:01+00:00 score: 650/2625 done (0 errors), 265 s; last lucidpro delta_follow-tf5 pm ok
2026-10-02T13:41:04+00:00 score: 700/2625 done (0 errors), 268 s; last lucid open_dir_both-tf30-c2s1 nyam ok
2026-10-02T13:41:09+00:00 score: 750/2625 done (0 errors), 273 s; last lucidpro_nodll open_dir_flow-tf30-c2s2 nyam ok
2026-10-02T13:41:30+00:00 score: 800/2625 done (0 errors), 294 s; last lucid sweep_follow-tf1-c2s1 pm ok
2026-10-02T13:41:49+00:00 score: 850/2625 done (0 errors), 313 s; last lucidpro_nodll sweep_follow-tf5-c2s2 pm ok
2026-10-02T13:42:03+00:00 score: 900/2625 done (0 errors), 327 s; last lucidpro thin_side-tf5-c2s1 asia ok
2026-10-02T13:42:09+00:00 score: 950/2625 done (0 errors), 334 s; last lucidpro wall_bounce-tf1-c2s2 asia ok
2026-10-02T13:42:18+00:00 score: 1000/2625 done (0 errors), 342 s; last lucidpro wall_bounce-tf5-c2s1 london ok
2026-10-02T13:42:22+00:00 score: 1050/2625 done (0 errors), 346 s; last lucidpro_nodll wall_break-tf1-c2s1 mid ok
2026-10-02T13:42:25+00:00 score: 1100/2625 done (0 errors), 349 s; last lucidpro wall_break-tf5 mid ok
2026-10-02T13:44:49+00:00 score: 1150/2625 done (0 errors), 493 s; last pro_dll absorption-tf1 london ok
2026-10-02T13:48:29+00:00 score: 1200/2625 done (0 errors), 714 s; last flex_dll absorption-tf5 asia ok
2026-10-02T13:52:14+00:00 score: 1250/2625 done (0 errors), 939 s; last flex bimb_fade-tf1-c2s2 asia ok
2026-10-02T13:55:08+00:00 score: 1300/2625 done (0 errors), 1112 s; last pro_nodll bimb_fade-tf1-c2s2 pm ok
2026-10-02T13:57:54+00:00 score: 1350/2625 done (0 errors), 1279 s; last flex bimb_fade-tf5 nyam ok
2026-10-02T14:01:13+00:00 score: 1400/2625 done (0 errors), 1477 s; last flex_dll bimb_fade_n3-tf1 mid ok
2026-10-02T14:04:11+00:00 score: 1450/2625 done (0 errors), 1655 s; last flex bimb_fade_n3-tf5-c2s1 mid ok
2026-10-02T14:07:18+00:00 score: 1500/2625 done (0 errors), 1842 s; last flex_dll bimb_follow-tf1 asia ok
2026-10-02T14:10:28+00:00 score: 1550/2625 done (0 errors), 2032 s; last flex bimb_follow-tf5-c2s2 asia ok
2026-10-02T14:12:54+00:00 score: 1600/2625 done (0 errors), 2178 s; last pro_nodll bimb_follow-tf5-c2s2 pm ok
2026-10-02T14:16:15+00:00 score: 1650/2625 done (0 errors), 2379 s; last flex_dll bimb_follow_n3-tf1 nyam ok
2026-10-02T14:19:05+00:00 score: 1700/2625 done (0 errors), 2549 s; last pro_nodll bimb_follow_n3-tf5 mid ok
2026-10-02T14:22:23+00:00 score: 1750/2625 done (0 errors), 2747 s; last flex_dll cvd_div-tf1-c2s1 mid ok
2026-10-02T14:25:01+00:00 score: 1800/2625 done (0 errors), 2905 s; last pro_nodll cvd_div-tf5-c2s1 london ok
2026-10-02T14:27:26+00:00 score: 1850/2625 done (0 errors), 3050 s; last flex delta_follow-tf1-c2s2 asia ok
2026-10-02T14:30:29+00:00 score: 1900/2625 done (0 errors), 3233 s; last pro_nodll delta_follow-tf1-c2s2 pm ok
2026-10-02T14:33:09+00:00 score: 1950/2625 done (0 errors), 3393 s; last flex delta_follow-tf5 nyam ok
2026-10-02T14:34:37+00:00 score: 2000/2625 done (0 errors), 3482 s; last pro_nodll open_dir_book-tf30 mid ok
2026-10-02T14:36:06+00:00 score: 2050/2625 done (0 errors), 3570 s; last pro_nodll open_dir_both-tf30 london ok
2026-10-02T14:37:35+00:00 score: 2100/2625 done (0 errors), 3659 s; last pro_nodll open_dir_flow-tf30-c2s1 london ok
2026-10-02T14:39:30+00:00 score: 2150/2625 done (0 errors), 3775 s; last pro_dll sweep_follow-tf1-c2s1 asia ok
2026-10-02T14:42:29+00:00 score: 2200/2625 done (0 errors), 3954 s; last pro_nodll sweep_follow-tf1-c2s2 pm ok
2026-10-02T14:45:26+00:00 score: 2250/2625 done (0 errors), 4130 s; last flex sweep_follow-tf5 nyam ok
2026-10-02T14:49:59+00:00 score: 2300/2625 done (0 errors), 4403 s; last pro_nodll thin_side-tf1-c2s1 nyam ok
2026-10-02T14:55:33+00:00 score: 2350/2625 done (0 errors), 4737 s; last flex thin_side-tf5-c2s1 mid ok
2026-10-02T15:03:01+00:00 score: 2400/2625 done (0 errors), 5186 s; last pro_nodll wall_bounce-tf1-c2s1 london ok
2026-10-02T15:11:09+00:00 score: 2450/2625 done (0 errors), 5673 s; last flex_dll wall_bounce-tf5-c2s2 asia ok
2026-10-02T15:20:30+00:00 score: 2500/2625 done (0 errors), 6235 s; last flex wall_bounce-tf5 pm ok
2026-10-02T15:27:22+00:00 score: 2550/2625 done (0 errors), 6646 s; last pro_nodll wall_break-tf1-c2s1 pm no_trades
2026-10-02T15:35:39+00:00 score: 2600/2625 done (0 errors), 7143 s; last flex_dll wall_break-tf5-c2s2 nyam no_trades
2026-10-02T15:39:31+00:00 score: finished 2625 tasks, 0 errors, 7375 s
{"ran": 2625, "errors": 0}
