# ES funded search (500 config x firm pairs full-grid of 13935; 2021-09-22..2024-12-31; 60-session lives, rolling starts)
Metrics: P(>=1 payout by 20/40/60d) | med days to 1st payout | E[1st cheque] gross | E$ to trader by 40d / 60d | P(bust before 1st payout). Primary = E$40d, stable cell (min of own, median of neighbours). Top lists: <=2 per (family, session).
Breach: Lucid realized (bounds eod/intraday); Apex pess primary (MFE-before-MAE, extreme), nat/opt bounds shown. APEX UNCONFIRMED; Flex+DLL $1,200 assumed.
## Flex  (model realized; screened 2787 cfgs coarse, 100 full)
1. donchian/tf15/pm [hm-donchian-tf15#8] m40K1000L600S0T1P500 | P20/40/60 46%/47%/47% med 8d chq $742 | E$40 1618 [1055,2412] E$60 1643 | bust-pre 53% | lift442 alt:1618/542
2. donchian/tf15/pm [hm-donchian-tf15#9] m40K1000L300S0T0P1000 | P20/40/60 43%/43%/43% med 8d chq $738 | E$40 1624 [1062,2418] E$60 1659 | bust-pre 57% | lift696 alt:1696/347
3. ema_pullback/tf5/pm [hm-ema_pullback-tf5#9] m40K600L300S0T0P1500 | P20/40/60 34%/35%/35% med 7d chq $586 | E$40 1574 [1117,2541] E$60 1576 | bust-pre 65% | lift549 alt:1574/280
4. ema_pullback/tf5/pm [hm-ema_pullback-tf5#8] m40K600L300S0T0P1000 | P20/40/60 39%/39%/39% med 6d chq $505 | E$40 1485 [990,2476] E$60 1489 | bust-pre 61% | lift627 alt:1485/462
5. vwap_flip/tf5/pm [hm-vwap_flip-tf5#35] m10K1000L300S0T1P1000 | P20/40/60 39%/45%/45% med 11d chq $601 | E$40 1359 [691,2395] E$60 1554 | bust-pre 54% | lift616 alt:1359/1011
## Flex+DLL1200*  (model realized; screened 2787 cfgs coarse, 100 full)
1. tod_drift/tf5/nyam [fp-tod_drift-tf5#13] m30K0L300S0T0Pmax | P20/40/60 31%/35%/35% med 11d chq $697 | E$40 1605 [921,2503] E$60 1683 | bust-pre 65% | lift1251 alt:1605/1121
2. tod_drift/tf5/nyam [fp-tod_drift-tf5#10] m30K0L300S0T0P1500 | P20/40/60 36%/37%/37% med 9d chq $646 | E$40 1516 [931,2241] E$60 1542 | bust-pre 63% | lift960 alt:1530/1171
3. straddle/tf15/pm [hm-straddle-tf15#32] m20K0L300S0T0P1000 | P20/40/60 38%/38%/38% med 8d chq $611 | E$40 1302 [877,1978] E$60 1393 | bust-pre 62% | lift874 alt:1302/974
4. vwap_flip/tf5/pm [fp-vwap_flip-tf5#15] m20K0L600S0T0P1000 | P20/40/60 33%/33%/33% med 8d chq $593 | E$40 1222 [833,1896] E$60 1382 | bust-pre 67% | lift694 alt:1226/972
5. vwap_flip/tf5/pm [hm-vwap_flip-tf5#21] m10K600L300S0T1P1000 | P20/40/60 42%/49%/49% med 12d chq $569 | E$40 1270 [751,1923] E$60 1516 | bust-pre 51% | lift721 alt:1272/849
## Pro DLL  (model realized; screened 2787 cfgs coarse, 100 full)
1. tod_drift/tf5/nyam [fp-tod_drift-tf5#10] m30K0L300S0T0P1000 | P20/40/60 38%/39%/39% med 6d chq $534 | E$40 2093 [1289,3085] E$60 2148 | bust-pre 61% | lift1390 alt:2093/1108
2. ema_pullback/tf5/pm [fp-ema_pullback-tf5#12] m40K0L300S0T1P500 | P20/40/60 33%/33%/33% med 6d chq $289 | E$40 1671 [893,3003] E$60 1792 | bust-pre 67% | lift-18 alt:1671/911
3. tod_drift/tf5/nyam [fp-tod_drift-tf5#13] m30K0L300S0T0P1500 | P20/40/60 32%/33%/33% med 7d chq $622 | E$40 1634 [1069,2422] E$60 1634 | bust-pre 67% | lift1167 alt:1639/904
4. ema_pullback/tf5/pm [fp-ema_pullback-tf5#13] m40K0L600S0T0P500 | P20/40/60 32%/32%/32% med 4d chq $448 | E$40 1511 [800,2792] E$60 1652 | bust-pre 68% | lift106 alt:1632/972
5. vwap_flip/tf5/pm [hm-vwap_flip-tf5#4] m30K0L300S0T1P1500 | P20/40/60 30%/35%/35% med 12d chq $644 | E$40 1289 [776,2034] E$60 1533 | bust-pre 65% | lift463 alt:1289/886
## Pro noDLL  (model realized; screened 2787 cfgs coarse, 100 full)
1. donchian/tf15/pm [hm-donchian-tf15#9] m40K1000L300S0T0P1000 | P20/40/60 49%/49%/49% med 6d chq $797 | E$40 2723 [1419,4808] E$60 2814 | bust-pre 51% | lift1232 alt:2790/189
2. donchian/tf15/pm [hm-donchian-tf15#8] m40K1000L300S0T0P1000 | P20/40/60 49%/49%/49% med 6d chq $797 | E$40 2722 [1418,4807] E$60 2813 | bust-pre 51% | lift849 alt:2785/317
3. straddle/tf15/pm [hm-straddle-tf15#10] m40K1000L300S0T0P1000 | P20/40/60 39%/39%/39% med 4d chq $632 | E$40 2437 [790,5120] E$60 2701 | bust-pre 61% | lift401 alt:2437/85
4. straddle/tf15/pm [hm-straddle-tf15#8] m40K1000L300S0T0P1000 | P20/40/60 39%/39%/39% med 4d chq $632 | E$40 2416 [790,5118] E$60 2680 | bust-pre 61% | lift855 alt:2416/123
5. ema_pullback/tf5/pm [hm-ema_pullback-tf5#9] m40K1000L300S0T0P1000 | P20/40/60 36%/36%/36% med 4d chq $597 | E$40 2211 [1374,3936] E$60 2225 | bust-pre 64% | lift659 alt:2211/234
## Apex PA (UNCONF.)  (model pess; screened 2217 cfgs coarse, 100 full)
1. ema_pullback/tf5/pm [fp-ema_pullback-tf5#3] m30K0L300S1000T1P500 | P20/40/60 13%/17%/18% med 17d chq $134 | E$40 382 [126,782] E$60 488 | bust-pre 82% | lift324 alt:382/382 cut0.0% mae0% clean
2. ema_pullback/tf5/london [hm-ema_pullback-tf5#3] m20K1000L300S300T0P1000 | P20/40/60 6%/13%/15% med 23d chq $232 | E$40 269 [57,595] E$60 335 | bust-pre 83% | lift216 alt:269/279 cut0.6% mae1% FLAGS:mae30_cuts_0.006
3. ema_pullback/tf5/london [hm-ema_pullback-tf5#15] m20K1000L300S300T1P500 | P20/40/60 6%/13%/15% med 23d chq $233 | E$40 270 [60,596] E$60 336 | bust-pre 83% | lift254 alt:270/280 cut0.6% mae1% FLAGS:mae30_cuts_0.006
4. tod_drift/tf5/nyam [fp-tod_drift-tf5#3] m30K0L0S1000T0P500 | P20/40/60 10%/14%/15% med 17d chq $116 | E$40 239 [89,475] E$60 288 | bust-pre 85% | lift157 alt:239/239 cut0.0% mae0% clean
5. vwap_flip/tf5/london [hm-vwap_flip-tf5#3] m20K600L600S0T0P500 | P20/40/60 10%/12%/12% med 10d chq $114 | E$40 228 [55,551] E$60 241 | bust-pre 88% | lift188 alt:228/228 cut0.6% mae1% FLAGS:mae30_cuts_0.006
## Frontier (best cell per objective, any config; E$40 / P20 / med days)
Flex: E$40 max 1618 (P20 46%) | P20 max 62% (tema_slope/mid, E$40 1068) | fastest med 5d at P60 54% (E$40 1254)
Flex+DLL1200*: E$40 max 1503 (P20 31%) | P20 max 60% (vwap_flip/pm, E$40 871) | fastest med 5d at P60 55% (E$40 670)
Pro DLL: E$40 max 2030 (P20 38%) | P20 max 44% (tod_drift/nyam, E$40 2092) | fastest med n/a at P60 - (E$40 -)
Pro noDLL: E$40 max 2700 (P20 49%) | P20 max 55% (donchian/pm, E$40 2459) | fastest med 3d at P60 51% (E$40 1853)
Apex PA (UNCONF.): E$40 max 382 (P20 13%) | P20 max 13% (ema_pullback/pm, E$40 382) | fastest med n/a at P60 - (E$40 -)
## Null reference (random-control pseudo-configs thinned to candidate strata, same full search; score_E$40 | P20)
Flex: null n=60 E$40 mean 569 p95 1039 max 1302 | P20 mean 28% p95 43% max 56% | real best 1618; 100/100 full-grid cfgs above null p95 | WF OOS null (n=20) mean 509 max 1022
Flex+DLL1200*: null n=60 E$40 mean 469 p95 930 max 1037 | P20 mean 25% p95 44% max 52% | real best 1503; 68/100 full-grid cfgs above null p95 | WF OOS null (n=20) mean 474 max 937
Pro DLL: null n=60 E$40 mean 413 p95 884 max 1081 | P20 mean 15% p95 28% max 29% | real best 2030; 88/100 full-grid cfgs above null p95 | WF OOS null (n=20) mean 379 max 894
Pro noDLL: null n=60 E$40 mean 695 p95 1391 max 1751 | P20 mean 23% p95 38% max 42% | real best 2700; 100/100 full-grid cfgs above null p95 | WF OOS null (n=20) mean 608 max 1026
Apex PA (UNCONF.): null n=28 E$40 mean 102 p95 252 max 379 | P20 mean 4% p95 11% max 15% | real best 382; 2/100 full-grid cfgs above null p95 | WF OOS null (n=6) mean 43 max 120
## Walk-forward (top 10 per firm, 2022Q4-2024Q3 test quarters, trailing-12m selection, stitched OOS)
Flex: OOS E$40 median 956 (IS on same starts 1258), best 1250; OOS P40 median 36%, med days 9, bust-pre 64%; 5/10 above null OOS max
Flex+DLL1200*: OOS E$40 median 1177 (IS on same starts 1372), best 1826; OOS P40 median 38%, med days 9, bust-pre 62%; 8/10 above null OOS max
Pro DLL: OOS E$40 median 1123 (IS on same starts 1601), best 2590; OOS P40 median 32%, med days 6, bust-pre 68%; 8/10 above null OOS max
Pro noDLL: OOS E$40 median 1258 (IS on same starts 1490), best 2153; OOS P40 median 34%, med days 6, bust-pre 66%; 6/10 above null OOS max
Apex PA (UNCONF.): OOS E$40 median 79 (IS on same starts 167), best 265; OOS P40 median 6%, med days 18, bust-pre 92%; 4/10 above null OOS max
## Eval + funded economics: E[net $ per eval purchase] = P(pass<=5d, primary model) x E$60d funded - fee - P(pass) x activation (same-config line = headline)
Flex (fee $100+act $0): HEADLINE same-config 669.6 (eval P5 46% x funded E$60 1658, hm-straddle-tf15#11|pm) | cross-config best-eval P5 49% x best-funded E$60 1643 = 710.5 (optimistic: two different strategies) | WF: P5 49% x OOS E$60 med 1054 = 415.1
Flex+DLL1200* (fee $100+act $0): HEADLINE same-config 572.2 (eval P5 40% x funded E$60 1683, fp-tod_drift-tf5#13|nyam) | cross-config best-eval P5 49% x best-funded E$60 1683 = 730.0 (optimistic: two different strategies) | WF: P5 49% x OOS E$60 med 1296 = 533.6
Pro DLL (fee $115+act $0): HEADLINE same-config 421.9 (eval P5 36% x funded E$60 1504, hm-vwap_flip-tf5#34|pm) | cross-config best-eval P5 40% x best-funded E$60 2148 = 748.4 (optimistic: two different strategies) | WF: P5 42% x OOS E$60 med 1231 = 398.2
Pro noDLL (fee $140+act $0): HEADLINE same-config 1457.1 (eval P5 57% x funded E$60 2814, hm-donchian-tf15#10|pm) | cross-config best-eval P5 58% x best-funded E$60 2814 = 1484.5 (optimistic: two different strategies) | WF: P5 55% x OOS E$60 med 1360 = 605.4
Apex PA (UNCONF.) (fee $35+act $85): HEADLINE same-config 40.1 (eval P5 19% x funded E$60 488, fp-ema_pullback-tf5#3|pm) | cross-config best-eval P5 38% x best-funded E$60 488 = 117.1 (optimistic: two different strategies) | WF: P5 38% x OOS E$60 med 79 = -37.2
Caveats: Apex pess ordering extreme; Apex rules/fees UNCONFIRMED; Flex DLL $1,200 + activation $0 assumed; payout EOD-only, 2-day disbursement ignored; eval->funded uses eval P5 (primary model) at the eval-side best cell; WF/stability computed on overlapping rolling starts (CIs are block bootstraps).
58 lines
