[lucid] single hm-straddle-tf15#21|pm@40 stable=0.493 (23s, 176 evals)
[lucidpro] single hm-straddle-tf15#10|pm@30 stable=0.406 (47s, 172 evals)
[lucidpro_nodll] single hm-straddle-tf15#35|pm@40 stable=0.577 (48s, 192 evals)
[lucid] +fp-straddle-tf30#15|nyam@20 -> 2 members stable=0.492 gain=-0.001 FORCED (55s, 256 evals)
[lucidpro_nodll] +hm-first_bar_mom-tf30#10|mid@40 -> 2 members stable=0.536 gain=-0.041 FORCED (82s, 260 evals)
[lucidpro] +hm-tod_drift-tf15#13|nyam@40 -> 2 members stable=0.402 gain=-0.004 FORCED (99s, 271 evals)
[lucid] local -> hm-straddle-tf15#8|mid@40+fp-straddle-tf30#15|nyam@20 stable=0.501 gain=+0.009
== lucidpro_nodll (lucid-pro-50k-no-dll@2026-09-27b) primary=realized (403 evals, 155s)
  single    P1/2/3/5=0.32/0.46/0.53/0.577 [0.53,0.64] bust5=0.40 med=1.0 | eod 0.58 real 0.58 intra 0.34 | lift +0.048 | L1000 K0 S0 T0 TT1 | hm-straddle-tf15#35|pm@40 | FLAGS ['ONE_YEAR_CONCENTRATION 2022: 242% of net', 'WARN_NO_EDGE: lift +0.048 vs day-matched random, 95% CI [-0.004,+0.119] includes 0']
  best2     P1/2/3/5=0.35/0.49/0.52/0.538 [0.50,0.59] bust5=0.46 med=1.0 | eod 0.61 real 0.54 intra 0.34 | lift +0.042 | L1000 K0 S0 T0 TT1 | hm-straddle-tf15#35|pm@40 + hm-first_bar_mom-tf30#10|mid@40 | FLAGS ['NEGATIVE_EXEC_MEMBER: hm-straddle-tf15#35|pm, hm-first_bar_mom-tf30#10|mid lose money under the shared rules', 'NET_NOT_POSITIVE under the rules']
  portfolio P1/2/3/5=0.35/0.49/0.52/0.538 [0.50,0.59] bust5=0.46 med=1.0 | eod 0.61 real 0.54 intra 0.34 | lift +0.042 | L1000 K0 S0 T0 TT1 | hm-straddle-tf15#35|pm@40 + hm-first_bar_mom-tf30#10|mid@40 | FLAGS ['NEGATIVE_EXEC_MEMBER: hm-straddle-tf15#35|pm, hm-first_bar_mom-tf30#10|mid lose money under the shared rules', 'NET_NOT_POSITIVE under the rules', 'FEWER_THAN_3_MEMBERS: no feasible 3rd member under the guards (cap / net-share); this is the best 2-member', 'FORCED_TO_3: 3rd member added with gain <= 0.005 (stop rule overridden for the >=3 guard)']
== lucidpro (lucid-pro-50k@2026-09-27b) primary=realized (398 evals, 172s)
  single    P1/2/3/5=0.17/0.28/0.35/0.406 [0.35,0.46] bust5=0.54 med=2.0 | eod 0.41 real 0.41 intra 0.36 | lift +0.081 | L1000 K0 S0 T0 TT1 | hm-straddle-tf15#10|pm@30 | FLAGS ['ONE_YEAR_CONCENTRATION 2022: 66% of net']
  best2     P1/2/3/5=0.21/0.34/0.39/0.417 [0.36,0.46] bust5=0.57 med=1.5 | eod 0.42 real 0.42 intra 0.37 | lift +0.075 | L1000 K0 S0 T0 TT1 | hm-straddle-tf15#10|pm@30 + hm-tod_drift-tf15#13|nyam@40
  portfolio P1/2/3/5=0.21/0.34/0.39/0.417 [0.36,0.46] bust5=0.57 med=1.5 | eod 0.42 real 0.42 intra 0.37 | lift +0.075 | L1000 K0 S0 T0 TT1 | hm-straddle-tf15#10|pm@30 + hm-tod_drift-tf15#13|nyam@40 | FLAGS ['FEWER_THAN_3_MEMBERS: no feasible 3rd member under the guards (cap / net-share); this is the best 2-member', 'FORCED_TO_3: 3rd member added with gain <= 0.005 (stop rule overridden for the >=3 guard)']
== lucid (lucid-flex-50k@2026-09-27) primary=realized (541 evals, 175s)
  single    P1/2/3/5=0.00/0.00/0.41/0.493 [0.44,0.56] bust5=0.47 med=3.0 | eod 0.49 real 0.49 intra 0.14 | lift +0.032 | L750 K1500 S0 T0 TT1 | hm-straddle-tf15#21|pm@40 | FLAGS ['ONE_YEAR_CONCENTRATION 2024: 267% of net', 'WARN_NO_EDGE: lift +0.032 vs day-matched random, 95% CI [-0.013,+0.092] includes 0']
  best2     P1/2/3/5=0.00/0.00/0.42/0.520 [0.46,0.57] bust5=0.46 med=3.0 | eod 0.52 real 0.52 intra 0.27 | lift +0.163 | L1000 K1500 S0 T0 TT1 | hm-straddle-tf15#8|mid@40 + fp-straddle-tf30#15|nyam@20 | FLAGS ['NEGATIVE_EXEC_MEMBER: hm-straddle-tf15#8|mid, fp-straddle-tf30#15|nyam lose money under the shared rules', 'NET_NOT_POSITIVE under the rules']
  portfolio P1/2/3/5=0.00/0.00/0.42/0.520 [0.46,0.57] bust5=0.46 med=3.0 | eod 0.52 real 0.52 intra 0.27 | lift +0.163 | L1000 K1500 S0 T0 TT1 | hm-straddle-tf15#8|mid@40 + fp-straddle-tf30#15|nyam@20 | FLAGS ['NEGATIVE_EXEC_MEMBER: hm-straddle-tf15#8|mid, fp-straddle-tf30#15|nyam lose money under the shared rules', 'NET_NOT_POSITIVE under the rules', 'FEWER_THAN_3_MEMBERS: no feasible 3rd member under the guards (cap / net-share); this is the best 2-member', 'FORCED_TO_3: 3rd member added with gain <= 0.005 (stop rule overridden for the >=3 guard)']
[apex] single fp-ema_pullback-tf5#15|mid@60 stable=0.341 (52s, 240 evals)
[apex] +hm-first_bar_mom-tf30#0|pm@40 -> 2 members stable=0.341 gain=+0.000 FORCED (114s, 430 evals)
[apex_eod] single fp-vwap_flip-tf5#15|pm@60 stable=0.357 (99s, 220 evals)
== apex (apex-legacy-50k@2026-09-27b UNCONFIRMED) primary=intraday (648 evals, 182s)
  single    P1/2/3/5=0.17/0.29/0.33/0.341 [0.29,0.38] bust5=0.65 med=1.0 | eod 0.35 real 0.35 intra 0.34 | lift +0.056 | L1000 K0 S1000 T0 TT1 | fp-ema_pullback-tf5#15|mid@60 | FLAGS ['NET_NOT_POSITIVE under the rules', 'WARN_NO_EDGE: lift +0.056 vs day-matched random, 95% CI [-0.001,+0.111] includes 0']
  best2     P1/2/3/5=0.17/0.29/0.33/0.341 [0.29,0.38] bust5=0.65 med=1.0 | eod 0.35 real 0.35 intra 0.34 | lift +0.058 | L1000 K0 S1000 T1 TT1 | fp-ema_pullback-tf5#15|mid@60 + hm-first_bar_mom-tf30#0|pm@40 | FLAGS ["DEAD_MEMBERS: 1/2 members execute <5% of the portfolio's trades under the shared rules (hm-first_bar_mom-tf30#0|pm)", 'NEGATIVE_EXEC_MEMBER: fp-ema_pullback-tf5#15|mid lose money under the shared rules', 'NET_NOT_POSITIVE under the rules']
  portfolio P1/2/3/5=0.17/0.29/0.33/0.341 [0.29,0.38] bust5=0.65 med=1.0 | eod 0.35 real 0.35 intra 0.34 | lift +0.058 | L1000 K0 S1000 T1 TT1 | fp-ema_pullback-tf5#15|mid@60 + hm-first_bar_mom-tf30#0|pm@40 | FLAGS ["DEAD_MEMBERS: 1/2 members execute <5% of the portfolio's trades under the shared rules (hm-first_bar_mom-tf30#0|pm)", 'NEGATIVE_EXEC_MEMBER: fp-ema_pullback-tf5#15|mid lose money under the shared rules', 'NET_NOT_POSITIVE under the rules', 'FEWER_THAN_3_MEMBERS: no feasible 3rd member under the guards (cap / net-share); this is the best 2-member', 'FORCED_TO_3: 3rd member added with gain <= 0.005 (stop rule overridden for the >=3 guard)']
[apex_eod] +fp-ema_pullback-tf5#15|mid@60 -> 2 members stable=0.347 gain=-0.010 FORCED (178s, 325 evals)
[apex_eod] local -> fp-tod_drift-tf5#15|pm@60+fp-ema_pullback-tf5#15|mid@60 stable=0.353 gain=+0.006
== apex_eod (apex-eod-50k@2026-09-27b UNCONFIRMED) primary=intraday (613 evals, 393s)
  single    P1/2/3/5=0.20/0.34/0.35/0.357 [0.31,0.41] bust5=0.64 med=1.0 | eod 0.36 real 0.36 intra 0.36 | lift +0.063 | L1000 K0 S0 T0 TT1 | fp-vwap_flip-tf5#15|pm@60 | FLAGS ['NET_NOT_POSITIVE under the rules']
  best2     P1/2/3/5=0.20/0.34/0.35/0.353 [0.31,0.40] bust5=0.64 med=1.0 | eod 0.35 real 0.35 intra 0.35 | lift +0.052 | L1000 K0 S0 T0 TT1 | fp-tod_drift-tf5#15|pm@60 + fp-ema_pullback-tf5#15|mid@60 | FLAGS ['NEGATIVE_EXEC_MEMBER: fp-ema_pullback-tf5#15|mid lose money under the shared rules', 'NET_NOT_POSITIVE under the rules']
  portfolio P1/2/3/5=0.20/0.34/0.35/0.353 [0.31,0.40] bust5=0.64 med=1.0 | eod 0.35 real 0.35 intra 0.35 | lift +0.052 | L1000 K0 S0 T0 TT1 | fp-tod_drift-tf5#15|pm@60 + fp-ema_pullback-tf5#15|mid@60 | FLAGS ['NEGATIVE_EXEC_MEMBER: fp-ema_pullback-tf5#15|mid lose money under the shared rules', 'NET_NOT_POSITIVE under the rules', 'FEWER_THAN_3_MEMBERS: no feasible 3rd member under the guards (cap / net-share); this is the best 2-member', 'FORCED_TO_3: 3rd member added with gain <= 0.005 (stop rule overridden for the >=3 guard)']
