[lucid] single fp-straddle-tf30#14|nyam@40 stable=0.250 (24s, 176 evals)
[lucid] +fp-straddle-tf30#14|pm@40 -> 2 members stable=0.252 gain=+0.002 FORCED (79s, 316 evals)
== lucid (lucid-flex-50k@2026-09-27) primary=realized (395 evals, 120s)
  single    P1/2/3/5=0.00/0.30/0.33/0.371 [0.33,0.41] bust5=0.62 med=2.0 | eod 0.37 real 0.37 intra 0.26 | lift +0.110 | L750 K0 S0 T0 TT1 | fp-straddle-tf30#14|nyam@40 | FLAGS ['NET_NOT_POSITIVE under the rules']
  best2     P1/2/3/5=0.00/0.31/0.36/0.380 [0.34,0.42] bust5=0.62 med=2.0 | eod 0.46 real 0.38 intra 0.26 | lift +0.099 | L1000 K0 S0 T0 TT1 | fp-straddle-tf30#14|nyam@40 + fp-straddle-tf30#14|pm@40 | FLAGS ['NEGATIVE_EXEC_MEMBER: fp-straddle-tf30#14|nyam, fp-straddle-tf30#14|pm lose money under the shared rules', 'NET_NOT_POSITIVE under the rules']
  portfolio P1/2/3/5=0.00/0.31/0.36/0.380 [0.34,0.42] bust5=0.62 med=2.0 | eod 0.46 real 0.38 intra 0.26 | lift +0.099 | L1000 K0 S0 T0 TT1 | fp-straddle-tf30#14|nyam@40 + fp-straddle-tf30#14|pm@40 | FLAGS ['NEGATIVE_EXEC_MEMBER: fp-straddle-tf30#14|nyam, fp-straddle-tf30#14|pm lose money under the shared rules', 'NET_NOT_POSITIVE under the rules', 'FEWER_THAN_3_MEMBERS: no feasible 3rd member under the guards (cap / net-share); this is the best 2-member', 'FORCED_TO_3: 3rd member added with gain <= 0.005 (stop rule overridden for the >=3 guard)']
[lucidpro] single hm-tod_drift-tf15#13|nyam@40 stable=0.322 (49s, 172 evals)
[lucidpro] +hm-tod_drift-tf5#23|mid@40 -> 2 members stable=0.329 gain=+0.008 (112s, 300 evals)
== lucidpro (lucid-pro-50k@2026-09-27b) primary=realized (443 evals, 199s)
  single    P1/2/3/5=0.19/0.32/0.37/0.402 [0.34,0.45] bust5=0.57 med=2.0 | eod 0.40 real 0.40 intra 0.36 | lift +0.067 | L1000 K0 S0 T0 TT1 | hm-tod_drift-tf15#13|nyam@40 | FLAGS ['ONE_YEAR_CONCENTRATION 2024: 60% of net']
  best2     P1/2/3/5=0.24/0.39/0.42/0.437 [0.38,0.48] bust5=0.56 med=1.0 | eod 0.44 real 0.44 intra 0.38 | lift +0.066 | L0 K0 S0 T0 TT1 | hm-tod_drift-tf15#13|nyam@40 + hm-tod_drift-tf5#23|mid@40 | FLAGS ['NEGATIVE_EXEC_MEMBER: hm-tod_drift-tf5#23|mid lose money under the shared rules', 'ONE_YEAR_CONCENTRATION 2022: 129% of net']
  portfolio P1/2/3/5=0.24/0.39/0.42/0.437 [0.38,0.48] bust5=0.56 med=1.0 | eod 0.44 real 0.44 intra 0.38 | lift +0.066 | L0 K0 S0 T0 TT1 | hm-tod_drift-tf15#13|nyam@40 + hm-tod_drift-tf5#23|mid@40 | FLAGS ['NEGATIVE_EXEC_MEMBER: hm-tod_drift-tf5#23|mid lose money under the shared rules', 'ONE_YEAR_CONCENTRATION 2022: 129% of net', 'FEWER_THAN_3_MEMBERS: no feasible 3rd member under the guards (cap / net-share); this is the best 2-member']
[lucidpro_nodll] single hm-straddle-tf15#23|pm@40 stable=0.483 (51s, 192 evals)
[lucidpro_nodll] +hm-straddle-tf15#23|nyam@40 -> 2 members stable=0.460 gain=-0.023 FORCED (87s, 260 evals)
== lucidpro_nodll (lucid-pro-50k-no-dll@2026-09-27b) primary=realized (431 evals, 174s)
  single    P1/2/3/5=0.35/0.48/0.54/0.564 [0.52,0.62] bust5=0.42 med=1.0 | eod 0.56 real 0.56 intra 0.34 | lift +0.035 | L1000 K0 S0 T0 TT1 | hm-straddle-tf15#23|pm@40 | FLAGS ['ONE_YEAR_CONCENTRATION 2022: 85% of net', 'WARN_NO_EDGE: lift +0.035 vs day-matched random, 95% CI [-0.006,+0.090] includes 0']
  best2     P1/2/3/5=0.42/0.51/0.52/0.524 [0.49,0.56] bust5=0.48 med=1.0 | eod 0.62 real 0.52 intra 0.33 | lift -0.011 | L1000 K0 S0 T0 TT1 | hm-straddle-tf15#23|pm@40 + hm-straddle-tf15#23|nyam@40 | FLAGS ['NEGATIVE_EXEC_MEMBER: hm-straddle-tf15#23|nyam lose money under the shared rules', 'NET_NOT_POSITIVE under the rules', 'WARN_NO_EDGE: lift -0.011 vs day-matched random, 95% CI [-0.051,+0.035] includes 0']
  portfolio P1/2/3/5=0.42/0.51/0.52/0.524 [0.49,0.56] bust5=0.48 med=1.0 | eod 0.62 real 0.52 intra 0.33 | lift -0.011 | L1000 K0 S0 T0 TT1 | hm-straddle-tf15#23|pm@40 + hm-straddle-tf15#23|nyam@40 | FLAGS ['NEGATIVE_EXEC_MEMBER: hm-straddle-tf15#23|nyam lose money under the shared rules', 'NET_NOT_POSITIVE under the rules', 'WARN_NO_EDGE: lift -0.011 vs day-matched random, 95% CI [-0.051,+0.035] includes 0', 'FEWER_THAN_3_MEMBERS: no feasible 3rd member under the guards (cap / net-share); this is the best 2-member', 'FORCED_TO_3: 3rd member added with gain <= 0.005 (stop rule overridden for the >=3 guard)']
[apex] single fp-ema_pullback-tf5#15|mid@60 stable=0.310 (54s, 240 evals)
[apex] +hm-vwap_flip-tf15#2|pm@60 -> 2 members stable=0.318 gain=+0.008 (120s, 430 evals)
== apex (apex-legacy-50k@2026-09-27b UNCONFIRMED) primary=intraday (640 evals, 203s)
  single    P1/2/3/5=0.26/0.32/0.33/0.333 [0.30,0.37] bust5=0.67 med=1.0 | eod 0.58 real 0.55 intra 0.33 | lift +0.031 | L1000 K0 S0 T0 TT1 | fp-ema_pullback-tf5#15|mid@60 | FLAGS ['NET_NOT_POSITIVE under the rules', 'WARN_NO_EDGE: lift +0.031 vs day-matched random, 95% CI [-0.005,+0.077] includes 0']
  best2     P1/2/3/5=0.29/0.33/0.33/0.334 [0.30,0.37] bust5=0.67 med=1.0 | eod 0.61 real 0.53 intra 0.33 | lift +0.035 | L1000 K0 S0 T0 TT1 | fp-ema_pullback-tf5#15|mid@60 + hm-vwap_flip-tf15#2|pm@60 | FLAGS ['NEGATIVE_EXEC_MEMBER: fp-ema_pullback-tf5#15|mid, hm-vwap_flip-tf15#2|pm lose money under the shared rules', 'NET_NOT_POSITIVE under the rules']
  portfolio P1/2/3/5=0.29/0.33/0.33/0.334 [0.30,0.37] bust5=0.67 med=1.0 | eod 0.61 real 0.53 intra 0.33 | lift +0.035 | L1000 K0 S0 T0 TT1 | fp-ema_pullback-tf5#15|mid@60 + hm-vwap_flip-tf15#2|pm@60 | FLAGS ['NEGATIVE_EXEC_MEMBER: fp-ema_pullback-tf5#15|mid, hm-vwap_flip-tf15#2|pm lose money under the shared rules', 'NET_NOT_POSITIVE under the rules', 'FEWER_THAN_3_MEMBERS: no feasible 3rd member under the guards (cap / net-share); this is the best 2-member']
[apex_eod] single fp-vwap_flip-tf5#15|pm@60 stable=0.311 (105s, 220 evals)
[apex_eod] +fp-ema_pullback-tf5#15|mid@60 -> 2 members stable=0.300 gain=-0.011 FORCED (188s, 325 evals)
[apex_eod] local -> fp-tod_drift-tf5#15|pm@60+fp-ema_pullback-tf5#15|mid@60 stable=0.309 gain=+0.009
== apex_eod (apex-eod-50k@2026-09-27b UNCONFIRMED) primary=intraday (613 evals, 418s)
  single    P1/2/3/5=0.20/0.34/0.35/0.357 [0.31,0.41] bust5=0.64 med=1.0 | eod 0.36 real 0.36 intra 0.36 | lift +0.063 | L1000 K0 S0 T0 TT1 | fp-vwap_flip-tf5#15|pm@60 | FLAGS ['NET_NOT_POSITIVE under the rules']
  best2     P1/2/3/5=0.20/0.34/0.35/0.353 [0.31,0.40] bust5=0.64 med=1.0 | eod 0.35 real 0.35 intra 0.35 | lift +0.052 | L1000 K0 S0 T0 TT1 | fp-tod_drift-tf5#15|pm@60 + fp-ema_pullback-tf5#15|mid@60 | FLAGS ['NEGATIVE_EXEC_MEMBER: fp-ema_pullback-tf5#15|mid lose money under the shared rules', 'NET_NOT_POSITIVE under the rules']
  portfolio P1/2/3/5=0.20/0.34/0.35/0.353 [0.31,0.40] bust5=0.64 med=1.0 | eod 0.35 real 0.35 intra 0.35 | lift +0.052 | L1000 K0 S0 T0 TT1 | fp-tod_drift-tf5#15|pm@60 + fp-ema_pullback-tf5#15|mid@60 | FLAGS ['NEGATIVE_EXEC_MEMBER: fp-ema_pullback-tf5#15|mid lose money under the shared rules', 'NET_NOT_POSITIVE under the rules', 'FEWER_THAN_3_MEMBERS: no feasible 3rd member under the guards (cap / net-share); this is the best 2-member', 'FORCED_TO_3: 3rd member added with gain <= 0.005 (stop rule overridden for the >=3 guard)']
