# Stage B portfolio results (2026-10-01; in-sample 2021-09-22..2024-12-31; primary model Lucid*=realized, Apex*=intraday; Apex sets UNCONFIRMED; fees assumed)
Pool per firm = top-25 by primary P5 + best-2 per WF-surviving family-grid x session + near-misses with lift>0 (<=15) from out/candidates.csv. Objective = stable P5 (median of a rules cell and its neighbours). Format: P1/2/3/5 [CI P5] bust5 | eod/realized/intraday P5 | lift vs day-matched random [CI] | WF fixed-set OOS P5 (lift) | rules L=lock K=take S=stop T=max-tr TT=target-take | members id|session@micros.
## Lucid Flex (lucid-flex-50k@2026-09-27) pool 44, 541 evals
- single: P1/2/3/5 0.00/0.00/0.41/0.493 [0.44,0.56] bust5 0.47 | eod 0.49 rlz 0.49 intra 0.14 | lift +0.032 [-0.01,+0.09] | WFfix 0.47 (+0.05) | L750 K1500 S0 T0 TT1 | hm-straddle-tf15#21|pm@40
- best2: P1/2/3/5 0.00/0.00/0.42/0.520 [0.46,0.57] bust5 0.46 | eod 0.52 rlz 0.52 intra 0.27 | lift +0.163 [+0.11,+0.21] | WFfix 0.48 (+0.13) | L1000 K1500 S0 T0 TT1 | hm-straddle-tf15#8|mid@40 + fp-straddle-tf30#15|nyam@20
- portfolio: P1/2/3/5 0.00/0.00/0.50/0.532 [0.48,0.58] bust5 0.47 | eod 0.58 rlz 0.53 intra 0.27 | lift +0.081 [+0.03,+0.13] | WFfix 0.48 (+0.01) | L750 K1500 S0 T0 TT1 | hm-straddle-tf15#34|pm@40 + fp-straddle-tf30#15|nyam@20 + hm-straddle-tf15#10|mid@40
  WF reselect OOS P5 0.466 lift +0.071 [-0.00,+0.15] (upper bound) | news P5 0.53 vs non-news 0.54 | corr mean -0.02 max 0.03 | conflicts 0 max conc 40/40 cap-viol 0
  by day pass/bust: d1 0.00/0.24 d2 0.00/0.18 d3 0.50/0.04 d4 0.03/0.00 d5 0.00/0.00
  risk x0.25/.5/.75/1/1.25 (P5 bust5, rules fixed | re-opt): 0.25x 0.20 0.44 | 0.21 0.44; 0.5x 0.36 0.58 | 0.37 0.58; 0.75x 0.44 0.54 | 0.44 0.54; 1.0x 0.53 0.47 | 0.53 0.47; 1.25x 0.54 0.46 | 0.54 0.46

  flags: NEGATIVE_EXEC_MEMBER: hm-straddle-tf15#34|pm, fp-straddle-tf30#15|nyam, hm-straddle-tf15#10|mid lose money under the shared rules; NET_NOT_POSITIVE under the rules; SHARE_GUARD_RELAXED: no 3-member set satisfies 'no member > 50% of raw net'; shares are in members[].net_share; GE3_SEARCH: best >=3-member set from greedy restarts (plain greedy ended with 2 members)
## LucidPro+DLL (lucid-pro-50k@2026-09-27b) pool 43, 398 evals
- single: P1/2/3/5 0.17/0.28/0.35/0.406 [0.35,0.46] bust5 0.54 | eod 0.41 rlz 0.41 intra 0.36 | lift +0.081 [+0.03,+0.13] | WFfix 0.41 (+0.05) | L1000 K0 S0 T0 TT1 | hm-straddle-tf15#10|pm@30
- best2: P1/2/3/5 0.21/0.34/0.39/0.417 [0.36,0.46] bust5 0.57 | eod 0.42 rlz 0.42 intra 0.37 | lift +0.075 [+0.01,+0.13] | WFfix 0.36 (+0.03) | L1000 K0 S0 T0 TT1 | hm-straddle-tf15#10|pm@30 + hm-tod_drift-tf15#13|nyam@40
- portfolio: P1/2/3/5 0.20/0.34/0.39/0.414 [0.36,0.46] bust5 0.58 | eod 0.41 rlz 0.41 intra 0.37 | lift +0.078 [+0.02,+0.13] | WFfix 0.40 (+0.06) | L1000 K0 S0 T0 TT1 | hm-straddle-tf15#10|pm@20 + hm-tod_drift-tf15#13|nyam@40 + hm-donchian-tf15#10|pm@20
  WF reselect OOS P5 0.323 lift +0.004 [-0.05,+0.05] (upper bound) | news P5 0.40 vs non-news 0.43 | corr mean 0.16 max 0.36 | conflicts 3 max conc 40/40 cap-viol 0
  by day pass/bust: d1 0.20/0.00 d2 0.14/0.48 d3 0.05/0.05 d4 0.02/0.04 d5 0.01/0.01
  risk x0.25/.5/.75/1/1.25 (P5 bust5, rules fixed | re-opt): 0.25x 0.15 0.28 | 0.14 0.31; 0.5x 0.31 0.56 | 0.31 0.58; 0.75x 0.37 0.60 | 0.39 0.58; 1.0x 0.41 0.58 | 0.41 0.58; 1.25x 0.42 0.57 | 0.42 0.57
  executed under the shared rules (entries / net $): hm-straddle-tf15#10|pm@20 125 / +19,566 ; hm-tod_drift-tf15#13|nyam@40 823 / +50,830 ; hm-donchian-tf15#10|pm@20 49 / -8,334 | top member share of positive executed P&L 72%
  flags: MEMBER_SHARE_UNDER_RULES 55% of positive standalone net; DEAD_MEMBERS: 1/3 members execute <5% of the portfolio's trades under the shared rules (hm-donchian-tf15#10|pm); EXEC_NET_SHARE 72%: hm-tod_drift-tf15#13|nyam earns that share of the positive executed P&L under the shared rules (raw guard is on standalone P&L); NEGATIVE_EXEC_MEMBER: hm-donchian-tf15#10|pm lose money under the shared rules; ONE_YEAR_CONCENTRATION 2022: 70% of net; GE3_SEARCH: best >=3-member set from greedy restarts (plain greedy ended with 2 members)
## LucidPro noDLL (lucid-pro-50k-no-dll@2026-09-27b) pool 48, 403 evals
- single: P1/2/3/5 0.32/0.46/0.53/0.577 [0.53,0.64] bust5 0.40 | eod 0.58 rlz 0.58 intra 0.34 | lift +0.048 [-0.00,+0.12] | WFfix 0.58 (+0.07) | L1000 K0 S0 T0 TT1 | hm-straddle-tf15#35|pm@40
- best2: P1/2/3/5 0.35/0.49/0.52/0.538 [0.50,0.59] bust5 0.46 | eod 0.61 rlz 0.54 intra 0.34 | lift +0.042 [+0.00,+0.09] | WFfix 0.50 (+0.00) | L1000 K0 S0 T0 TT1 | hm-straddle-tf15#35|pm@40 + hm-first_bar_mom-tf30#10|mid@40
- portfolio: P1/2/3/5 0.30/0.45/0.50/0.524 [0.48,0.58] bust5 0.47 | eod 0.57 rlz 0.52 intra 0.33 | lift +0.060 [+0.02,+0.11] | WFfix 0.48 (+0.04) | L1000 K0 S0 T0 TT1 | hm-donchian-tf15#10|pm@30 + hm-first_bar_mom-tf30#10|mid@40 + hm-first_bar_mom-tf30#10|pm@10
  WF reselect OOS P5 0.455 lift -0.010 [-0.06,+0.06] (upper bound) | news P5 0.53 vs non-news 0.52 | corr mean 0.15 max 0.44 | conflicts 43 max conc 40/40 cap-viol 0
  by day pass/bust: d1 0.30/0.28 d2 0.15/0.11 d3 0.05/0.05 d4 0.02/0.01 d5 0.01/0.01
  risk x0.25/.5/.75/1/1.25 (P5 bust5, rules fixed | re-opt): 0.25x 0.14 0.26 | 0.16 0.26; 0.5x 0.37 0.49 | 0.42 0.47; 0.75x 0.48 0.49 | 0.48 0.49; 1.0x 0.52 0.47 | 0.52 0.47; 1.25x 0.54 0.46 | 0.54 0.46
  executed under the shared rules (entries / net $): hm-donchian-tf15#10|pm@30 457 / +50,091 ; hm-first_bar_mom-tf30#10|mid@40 695 / -13,420 ; hm-first_bar_mom-tf30#10|pm@10 298 / +5,170 | top member share of positive executed P&L 91%
  flags: MEMBER_SHARE_UNDER_RULES 94% of positive standalone net; EXEC_NET_SHARE 91%: hm-donchian-tf15#10|pm earns that share of the positive executed P&L under the shared rules (raw guard is on standalone P&L); NEGATIVE_EXEC_MEMBER: hm-first_bar_mom-tf30#10|mid lose money under the shared rules; ONE_YEAR_CONCENTRATION 2022: 148% of net; SHARE_GUARD_RELAXED: no 3-member set satisfies 'no member > 50% of raw net'; shares are in members[].net_share; GE3_SEARCH: best >=3-member set from greedy restarts (plain greedy ended with 2 members)
## Apex user-set (UNCONFIRMED) (apex-legacy-50k@2026-09-27b) pool 48, 648 evals
- single: P1/2/3/5 0.17/0.29/0.33/0.341 [0.29,0.38] bust5 0.65 | eod 0.35 rlz 0.35 intra 0.34 | lift +0.056 [-0.00,+0.11] | WFfix 0.33 (+0.03) | L1000 K0 S1000 T0 TT1 | fp-ema_pullback-tf5#15|mid@60
- best2: P1/2/3/5 0.17/0.29/0.33/0.341 [0.29,0.38] bust5 0.65 | eod 0.35 rlz 0.35 intra 0.34 | lift +0.058 [+0.00,+0.11] | WFfix 0.34 (+0.05) | L1000 K0 S1000 T1 TT1 | fp-ema_pullback-tf5#15|mid@60 + hm-first_bar_mom-tf30#0|pm@40
- portfolio: P1/2/3/5 0.19/0.30/0.35/0.380 [0.33,0.41] bust5 0.62 | eod 0.54 rlz 0.51 intra 0.38 | lift +0.110 [+0.06,+0.16] | WFfix 0.36 (+0.10) | L1000 K0 S0 T0 TT1 | hm-first_bar_mom-tf30#2|pm@40 + hm-vwap_z-tf5#27|mid@60 + hm-first_bar_mom-tf30#17|mid@40
  WF reselect OOS P5 0.312 lift +0.087 [+0.03,+0.15] (upper bound) | news P5 0.40 vs non-news 0.36 | corr mean -0.04 max -0.00 | conflicts 52 max conc 100/100 cap-viol 0
  by day pass/bust: d1 0.19/0.36 d2 0.11/0.16 d3 0.05/0.06 d4 0.03/0.02 d5 0.01/0.01
  risk x0.25/.5/.75/1/1.25 (P5 bust5, rules fixed | re-opt): 0.25x 0.08 0.25 | 0.09 0.24; 0.5x 0.28 0.54 | 0.28 0.55; 0.75x 0.35 0.62 | 0.35 0.62; 1.0x 0.38 0.62 | 0.38 0.62; 1.25x 0.36 0.64 | 0.36 0.64
  executed under the shared rules (entries / net $): hm-first_bar_mom-tf30#2|pm@40 294 / -17,604 ; hm-vwap_z-tf5#27|mid@60 364 / -1,461 ; hm-first_bar_mom-tf30#17|mid@40 354 / +38,336 | top member share of positive executed P&L 100%
  flags: MEMBER_SHARE_UNDER_RULES 100% of positive standalone net; EXEC_NET_SHARE 100%: hm-first_bar_mom-tf30#17|mid earns that share of the positive executed P&L under the shared rules (raw guard is on standalone P&L); NEGATIVE_EXEC_MEMBER: hm-first_bar_mom-tf30#2|pm, hm-vwap_z-tf5#27|mid lose money under the shared rules; ONE_YEAR_CONCENTRATION 2023: 79% of net; SHARE_GUARD_RELAXED: no 3-member set satisfies 'no member > 50% of raw net'; shares are in members[].net_share; GE3_SEARCH: best >=3-member set from greedy restarts (plain greedy ended with 2 members)
## Apex EOD site-set (UNCONFIRMED) (apex-eod-50k@2026-09-27b) pool 44, 613 evals
- single: P1/2/3/5 0.20/0.34/0.35/0.357 [0.31,0.41] bust5 0.64 | eod 0.36 rlz 0.36 intra 0.36 | lift +0.063 [+0.02,+0.11] | WFfix 0.36 (+0.05) | L1000 K0 S0 T0 TT1 | fp-vwap_flip-tf5#15|pm@60
- best2: P1/2/3/5 0.20/0.34/0.35/0.353 [0.31,0.40] bust5 0.64 | eod 0.35 rlz 0.35 intra 0.35 | lift +0.052 [+0.00,+0.10] | WFfix 0.35 (+0.04) | L1000 K0 S0 T0 TT1 | fp-tod_drift-tf5#15|pm@60 + fp-ema_pullback-tf5#15|mid@60
- portfolio: P1/2/3/5 0.19/0.32/0.35/0.370 [0.32,0.41] bust5 0.62 | eod 0.37 rlz 0.37 intra 0.37 | lift +0.059 [+0.00,+0.11] | WFfix 0.37 (+0.06) | L1000 K0 S0 T0 TT1 | hm-donchian-tf15#6|pm@60 + hm-donchian-tf15#19|nyam@40 + fp-tod_drift-tf5#15|mid@60
  WF reselect OOS P5 0.316 lift -0.005 [-0.05,+0.06] (upper bound) | news P5 0.40 vs non-news 0.34 | corr mean 0.01 max 0.03 | conflicts 0 max conc 60/60 cap-viol 0
  by day pass/bust: d1 0.19/0.00 d2 0.13/0.56 d3 0.03/0.03 d4 0.01/0.04 d5 0.01/0.00
  risk x0.25/.5/.75/1/1.25 (P5 bust5, rules fixed | re-opt): 0.25x 0.20 0.53 | 0.24 0.53; 0.5x 0.32 0.63 | 0.40 0.58; 0.75x 0.36 0.63 | 0.41 0.59; 1.0x 0.37 0.62 | 0.37 0.62; 1.25x 0.35 0.65 | 0.35 0.65
  executed under the shared rules (entries / net $): hm-donchian-tf15#6|pm@60 4 / -1,586 ; hm-donchian-tf15#19|nyam@40 591 / -6,302 ; fp-tod_drift-tf5#15|mid@60 305 / +25,718 | top member share of positive executed P&L 100%
  flags: MEMBER_SHARE_UNDER_RULES 100% of positive standalone net; DEAD_MEMBERS: 1/3 members execute <5% of the portfolio's trades under the shared rules (hm-donchian-tf15#6|pm); EXEC_NET_SHARE 100%: fp-tod_drift-tf5#15|mid earns that share of the positive executed P&L under the shared rules (raw guard is on standalone P&L); NEGATIVE_EXEC_MEMBER: hm-donchian-tf15#6|pm, hm-donchian-tf15#19|nyam lose money under the shared rules; ONE_YEAR_CONCENTRATION 2024: 82% of net; SHARE_GUARD_RELAXED: no 3-member set satisfies 'no member > 50% of raw net'; shares are in members[].net_share; GE3_SEARCH: best >=3-member set from greedy restarts (plain greedy ended with 2 members)
## Multi-account (same start day, one eval each; primary model, [eod/intraday]); in-sample greedy mixes
- N=2 {'lucid': 1, 'apex': 1}: P(>=1 pass<=5d) 0.704 [0.80/0.54] by-day [0.19, 0.3, 0.67] E[funded] 0.91 cost $135 $183/funded; same-strategy baseline 0.704
- N=3 {'lucid': 1, 'lucidpro': 1, 'apex': 1}: P(>=1 pass<=5d) 0.825 [0.85/0.70] by-day [0.35, 0.53, 0.79] E[funded] 1.29 cost $250 $216/funded; same-strategy baseline 0.821
- N=4 {'lucid': 2, 'lucidpro': 1, 'apex': 1}: P(>=1 pass<=5d) 0.895 [0.90/0.74] by-day [0.33, 0.52, 0.85] E[funded] 1.77 cost $350 $214/funded; same-strategy baseline 0.821
- N=5 {'lucid': 2, 'lucidpro': 2, 'apex': 1}: P(>=1 pass<=5d) 0.928 [0.93/0.81] by-day [0.44, 0.65, 0.89] E[funded] 2.17 cost $465 $227/funded; same-strategy baseline 0.821
- N=6 {'lucid': 2, 'lucidpro': 1, 'lucidpro_nodll': 1, 'apex': 1, 'apex_eod': 1}: P(>=1 pass<=5d) 0.966 [0.97/0.88] by-day [0.57, 0.79, 0.93] E[funded] 2.71 cost $525 $216/funded; same-strategy baseline 0.923
## 'fast' objective (mean of P1,P2,P3,P5) portfolios
- Lucid Flex fast-portfolio: P1/2/3/5 0.00/0.31/0.36/0.380 [0.34,0.42] bust5 0.62 | eod 0.46 rlz 0.38 intra 0.26 | lift +0.099 [+0.05,+0.14] | L1000 K0 S0 T0 TT1 | fp-straddle-tf30#14|nyam@40 + fp-straddle-tf30#14|pm@40
- LucidPro+DLL fast-portfolio: P1/2/3/5 0.24/0.39/0.42/0.437 [0.38,0.48] bust5 0.56 | eod 0.44 rlz 0.44 intra 0.38 | lift +0.066 [+0.01,+0.12] | L0 K0 S0 T0 TT1 | hm-tod_drift-tf15#13|nyam@40 + hm-tod_drift-tf5#23|mid@40
- LucidPro noDLL fast-portfolio: P1/2/3/5 0.42/0.51/0.52/0.524 [0.49,0.56] bust5 0.48 | eod 0.62 rlz 0.52 intra 0.33 | lift -0.011 [-0.05,+0.03] | L1000 K0 S0 T0 TT1 | hm-straddle-tf15#23|pm@40 + hm-straddle-tf15#23|nyam@40
- Apex user-set (UNCONFIRMED) fast-portfolio: P1/2/3/5 0.29/0.33/0.33/0.334 [0.30,0.37] bust5 0.67 | eod 0.61 rlz 0.53 intra 0.33 | lift +0.035 [+0.00,+0.08] | L1000 K0 S0 T0 TT1 | fp-ema_pullback-tf5#15|mid@60 + hm-vwap_flip-tf15#2|pm@60
- Apex EOD site-set (UNCONFIRMED) fast-portfolio: P1/2/3/5 0.20/0.34/0.35/0.353 [0.31,0.40] bust5 0.64 | eod 0.35 rlz 0.35 intra 0.35 | lift +0.052 [+0.00,+0.10] | L1000 K0 S0 T0 TT1 | fp-tod_drift-tf5#15|pm@60 + fp-ema_pullback-tf5#15|mid@60
59 summary lines
