[lucidpro] ge3 start hm-straddle-tf15#10|pm@20 -> 3 members adj 0.402
[lucidpro_nodll] ge3 start hm-straddle-tf15#35|pm@20 -> 2 members adj 0.518
[lucid] ge3 start hm-straddle-tf15#21|pm@20 -> 2 members adj 0.493
[lucidpro_nodll] ge3 start hm-straddle-tf15#35|pm@30 -> 2 members adj 0.518
[lucidpro] ge3 start hm-straddle-tf15#10|pm@10 -> 3 members adj 0.402
[lucid] ge3 start hm-straddle-tf15#21|pm@30 -> 2 members adj 0.501
[lucidpro_nodll] ge3 start hm-straddle-tf15#35|pm@10 -> 2 members adj 0.518
[lucidpro] ge3 start hm-straddle-tf15#10|pm@30 -> 2 members adj 0.402
[lucid] ge3 start hm-straddle-tf15#21|pm@10 -> 2 members adj 0.454
[lucidpro_nodll] ge3 start hm-straddle-tf15#35|pm@40 -> 2 members adj 0.536
[lucidpro_nodll] ge3 start hm-straddle-tf15#34|pm@20 -> 2 members adj 0.518
[lucid] ge3 start hm-straddle-tf15#21|pm@40 -> 2 members adj 0.501
[lucidpro] ge3 start hm-straddle-tf15#7|pm@20 -> 3 members adj 0.402
[lucidpro_nodll] ge3 start hm-straddle-tf15#34|pm@30 -> 2 members adj 0.518
[lucid] ge3 start hm-straddle-tf15#22|pm@20 -> 2 members adj 0.501
[lucid] ge3 start hm-straddle-tf15#22|pm@30 -> 2 members adj 0.501
[lucidpro_nodll] ge3 start hm-straddle-tf15#34|pm@10 -> 2 members adj 0.515
[lucidpro_nodll] ge3 start hm-straddle-tf15#34|pm@40 -> 2 members adj 0.536
[lucid] ge3 start hm-straddle-tf15#22|pm@10 -> 2 members adj 0.453
[lucidpro] ge3 start hm-straddle-tf15#7|pm@10 -> 3 members adj 0.402
[lucid] ge3 start hm-straddle-tf15#22|pm@40 -> 2 members adj 0.501
[lucidpro_nodll] ge3 start hm-straddle-tf15#33|pm@20 -> 2 members adj 0.518
[lucidpro] ge3 start hm-straddle-tf15#7|pm@30 -> 2 members adj 0.402
[lucid] ge3 start hm-straddle-tf15#23|pm@20 -> 2 members adj 0.501
[lucidpro_nodll] ge3 start hm-straddle-tf15#33|pm@30 -> 2 members adj 0.518
[lucid] ge3 start hm-straddle-tf15#23|pm@30 -> 2 members adj 0.501
[lucidpro_nodll] ge3 start hm-straddle-tf15#33|pm@10 -> 2 members adj 0.515
[lucid] ge3 start hm-straddle-tf15#23|pm@10 -> 2 members adj 0.453
[lucidpro] ge3 start hm-tod_drift-tf15#13|nyam@20 -> 2 members adj 0.402
[lucid] ge3 start hm-straddle-tf15#23|pm@40 -> 2 members adj 0.501
[lucidpro_nodll] ge3 start hm-straddle-tf15#33|pm@40 -> 2 members adj 0.533
[lucid] ge3 start hm-straddle-tf15#20|pm@20 -> 2 members adj 0.454
[lucidpro_nodll] ge3 start hm-donchian-tf15#10|pm@20 -> 2 members adj 0.518
[lucidpro] ge3 start hm-tod_drift-tf15#13|nyam@30 -> 2 members adj 0.402
[lucidpro_nodll] ge3 start hm-donchian-tf15#10|pm@30 -> 2 members adj 0.537
[lucidpro] ge3 start hm-tod_drift-tf15#13|nyam@10 -> 2 members adj 0.402
[lucid] ge3 start hm-straddle-tf15#20|pm@30 -> 2 members adj 0.476
[lucidpro] ge3 start hm-tod_drift-tf15#13|nyam@40 -> 3 members adj 0.382
[lucidpro_nodll] ge3 start hm-donchian-tf15#10|pm@10 -> 2 members adj 0.518
[lucid] ge3 start hm-straddle-tf15#20|pm@10 -> 2 members adj 0.453
[lucid] ge3 start hm-straddle-tf15#20|pm@40 -> 2 members adj 0.476
[lucidpro_nodll] ge3 start hm-donchian-tf15#10|pm@40 -> 2 members adj 0.536
[lucidpro] ge3 start hm-tod_drift-tf15#15|nyam@20 -> 2 members adj 0.402
[lucidpro] ge3 start hm-tod_drift-tf15#15|nyam@30 -> 2 members adj 0.402
[lucidpro_nodll] ge3 start hm-straddle-tf15#35|pm@20 -> 3 members adj 0.518
[lucid] ge3 start hm-straddle-tf15#21|pm@20 -> 3 members adj 0.525
[lucidpro] ge3 start hm-tod_drift-tf15#15|nyam@10 -> 2 members adj 0.402
[lucidpro_nodll] ge3 start hm-straddle-tf15#35|pm@30 -> 3 members adj 0.518
[lucidpro] ge3 start hm-tod_drift-tf15#15|nyam@40 -> 3 members adj 0.382
== lucidpro (lucid-pro-50k@2026-09-27b) primary=realized (2611 evals, 0s)
  portfolio P1/2/3/5=0.20/0.34/0.39/0.414 [0.36,0.46] bust5=0.58 med=2.0 | eod 0.41 real 0.41 intra 0.37 | lift +0.078 | L1000 K0 S0 T0 TT1 | hm-straddle-tf15#10|pm@20 + hm-tod_drift-tf15#13|nyam@40 + hm-donchian-tf15#10|pm@20 | FLAGS ['MEMBER_SHARE_UNDER_RULES 55% of positive standalone net', "DEAD_MEMBERS: 1/3 members execute <5% of the portfolio's trades under the shared rules (hm-donchian-tf15#10|pm)", 'EXEC_NET_SHARE 72%: hm-tod_drift-tf15#13|nyam earns that share of the positive executed P&L under the shared rules (raw guard is on standalone P&L)', 'NEGATIVE_EXEC_MEMBER: hm-donchian-tf15#10|pm lose money under the shared rules', 'ONE_YEAR_CONCENTRATION 2022: 70% of net', 'GE3_SEARCH: best >=3-member set from greedy restarts (plain greedy ended with 2 members)']
[lucid] ge3 start hm-straddle-tf15#21|pm@30 -> 3 members adj 0.525
[lucidpro_nodll] ge3 start hm-straddle-tf15#35|pm@10 -> 3 members adj 0.518
[lucidpro_nodll] ge3 start hm-straddle-tf15#35|pm@40 -> 3 members adj 0.502
[lucid] ge3 start hm-straddle-tf15#21|pm@10 -> 3 members adj 0.456
[apex] ge3 start fp-ema_pullback-tf5#15|mid@20 -> 2 members adj 0.333
[lucidpro_nodll] ge3 start hm-straddle-tf15#34|pm@20 -> 3 members adj 0.518
[apex] ge3 start fp-ema_pullback-tf5#15|mid@30 -> 2 members adj 0.328
[lucid] ge3 start hm-straddle-tf15#21|pm@40 -> 3 members adj 0.521
[lucidpro_nodll] ge3 start hm-straddle-tf15#34|pm@30 -> 3 members adj 0.518
[apex] ge3 start fp-ema_pullback-tf5#15|mid@10 -> 2 members adj 0.333
[lucid] ge3 start hm-straddle-tf15#22|pm@20 -> 3 members adj 0.525
[apex] ge3 start fp-ema_pullback-tf5#15|mid@60 -> 2 members adj 0.341
[lucid] ge3 start hm-straddle-tf15#22|pm@30 -> 3 members adj 0.524
[lucidpro_nodll] ge3 start hm-straddle-tf15#34|pm@10 -> 3 members adj 0.518
[lucidpro_nodll] ge3 start hm-straddle-tf15#34|pm@40 -> 3 members adj 0.502
[apex] ge3 start hm-donchian-tf15#2|pm@20 -> 2 members adj 0.341
[lucidpro_nodll] ge3 start hm-straddle-tf15#33|pm@20 -> 3 members adj 0.518
[lucid] ge3 start hm-straddle-tf15#22|pm@10 -> 3 members adj 0.456
[apex] ge3 start hm-donchian-tf15#2|pm@30 -> 2 members adj 0.373
[lucidpro_nodll] ge3 start hm-straddle-tf15#33|pm@30 -> 3 members adj 0.518
[lucid] ge3 start hm-straddle-tf15#22|pm@40 -> 3 members adj 0.524
[apex] ge3 start hm-donchian-tf15#2|pm@10 -> 2 members adj 0.341
[apex] ge3 start hm-donchian-tf15#2|pm@60 -> 2 members adj 0.373
[lucid] ge3 start hm-straddle-tf15#23|pm@20 -> 3 members adj 0.525
[apex] ge3 start hm-first_bar_mom-tf30#2|pm@20 -> 2 members adj 0.337
[lucidpro_nodll] ge3 start hm-straddle-tf15#33|pm@10 -> 3 members adj 0.518
[lucid] ge3 start hm-straddle-tf15#23|pm@30 -> 3 members adj 0.524
[lucidpro_nodll] ge3 start hm-straddle-tf15#33|pm@40 -> 3 members adj 0.502
[apex] ge3 start hm-first_bar_mom-tf30#2|pm@30 -> 2 members adj 0.351
[apex] ge3 start hm-first_bar_mom-tf30#2|pm@10 -> 2 members adj 0.336
[apex] ge3 start hm-first_bar_mom-tf30#2|pm@40 -> 2 members adj 0.373
[lucidpro_nodll] ge3 start hm-donchian-tf15#10|pm@20 -> 3 members adj 0.518
[lucid] ge3 start hm-straddle-tf15#23|pm@10 -> 3 members adj 0.456
[apex] ge3 start fp-ema_pullback-tf5#15|london@20 -> 2 members adj 0.328
[lucid] ge3 start hm-straddle-tf15#23|pm@40 -> 3 members adj 0.524
[lucidpro_nodll] ge3 start hm-donchian-tf15#10|pm@30 -> 3 members adj 0.523
[lucidpro_nodll] ge3 start hm-donchian-tf15#10|pm@10 -> 3 members adj 0.518
[apex] ge3 start fp-ema_pullback-tf5#15|london@30 -> 2 members adj 0.342
[lucid] ge3 start hm-straddle-tf15#20|pm@20 -> 3 members adj 0.456
[lucidpro_nodll] ge3 start hm-donchian-tf15#10|pm@40 -> 3 members adj 0.502
== lucidpro_nodll (lucid-pro-50k-no-dll@2026-09-27b) primary=realized (5977 evals, 0s)
  portfolio P1/2/3/5=0.30/0.45/0.50/0.524 [0.48,0.58] bust5=0.47 med=1.0 | eod 0.57 real 0.52 intra 0.33 | lift +0.060 | L1000 K0 S0 T0 TT1 | hm-donchian-tf15#10|pm@30 + hm-first_bar_mom-tf30#10|mid@40 + hm-first_bar_mom-tf30#10|pm@10 | FLAGS ['MEMBER_SHARE_UNDER_RULES 94% of positive standalone net', 'EXEC_NET_SHARE 91%: hm-donchian-tf15#10|pm earns that share of the positive executed P&L under the shared rules (raw guard is on standalone P&L)', 'NEGATIVE_EXEC_MEMBER: hm-first_bar_mom-tf30#10|mid lose money under the shared rules', 'ONE_YEAR_CONCENTRATION 2022: 148% of net', "SHARE_GUARD_RELAXED: no 3-member set satisfies 'no member > 50% of raw net'; shares are in members[].net_share", 'GE3_SEARCH: best >=3-member set from greedy restarts (plain greedy ended with 2 members)']
[lucid] ge3 start hm-straddle-tf15#20|pm@30 -> 3 members adj 0.456
[apex] ge3 start fp-ema_pullback-tf5#15|london@10 -> 2 members adj 0.328
[apex] ge3 start fp-ema_pullback-tf5#15|london@60 -> 2 members adj 0.333
[lucid] ge3 start hm-straddle-tf15#20|pm@10 -> 3 members adj 0.456
[apex_eod] ge3 start fp-vwap_flip-tf5#15|pm@20 -> 2 members adj 0.345
[apex_eod] ge3 start fp-vwap_flip-tf5#15|pm@30 -> 2 members adj 0.343
[apex] ge3 start fp-ema_pullback-tf5#15|mid@20 -> 3 members adj 0.332
[lucid] ge3 start hm-straddle-tf15#20|pm@40 -> 3 members adj 0.502
== lucid (lucid-flex-50k@2026-09-27) primary=realized (8463 evals, 0s)
  portfolio P1/2/3/5=0.00/0.00/0.50/0.532 [0.48,0.58] bust5=0.47 med=3.0 | eod 0.58 real 0.53 intra 0.27 | lift +0.081 | L750 K1500 S0 T0 TT1 | hm-straddle-tf15#34|pm@40 + fp-straddle-tf30#15|nyam@20 + hm-straddle-tf15#10|mid@40 | FLAGS ['NEGATIVE_EXEC_MEMBER: hm-straddle-tf15#34|pm, fp-straddle-tf30#15|nyam, hm-straddle-tf15#10|mid lose money under the shared rules', 'NET_NOT_POSITIVE under the rules', "SHARE_GUARD_RELAXED: no 3-member set satisfies 'no member > 50% of raw net'; shares are in members[].net_share", 'GE3_SEARCH: best >=3-member set from greedy restarts (plain greedy ended with 2 members)']
[apex_eod] ge3 start fp-vwap_flip-tf5#15|pm@10 -> 2 members adj 0.345
[apex] ge3 start fp-ema_pullback-tf5#15|mid@30 -> 3 members adj 0.333
[apex_eod] ge3 start fp-vwap_flip-tf5#15|pm@60 -> 2 members adj 0.353
[apex_eod] ge3 start hm-donchian-tf15#6|pm@20 -> 2 members adj 0.346
[apex_eod] ge3 start hm-donchian-tf15#6|pm@30 -> 2 members adj 0.347
[apex] ge3 start fp-ema_pullback-tf5#15|mid@10 -> 3 members adj 0.334
[apex_eod] ge3 start hm-donchian-tf15#6|pm@10 -> 2 members adj 0.345
[apex] ge3 start fp-ema_pullback-tf5#15|mid@60 -> 3 members adj 0.338
[apex_eod] ge3 start hm-donchian-tf15#6|pm@60 -> 2 members adj 0.370
[apex_eod] ge3 start fp-donchian-tf15#15|pm@20 -> 2 members adj 0.345
[apex_eod] ge3 start fp-donchian-tf15#15|pm@30 -> 2 members adj 0.345
[apex_eod] ge3 start fp-donchian-tf15#15|pm@10 -> 2 members adj 0.345
[apex] ge3 start hm-donchian-tf15#2|pm@20 -> 4 members adj 0.343
[apex_eod] ge3 start fp-donchian-tf15#15|pm@60 -> 2 members adj 0.348
[apex_eod] ge3 start hm-donchian-tf15#3|pm@20 -> 2 members adj 0.346
[apex_eod] ge3 start hm-donchian-tf15#3|pm@30 -> 2 members adj 0.347
[apex_eod] ge3 start hm-donchian-tf15#3|pm@10 -> 2 members adj 0.346
[apex_eod] ge3 start hm-donchian-tf15#3|pm@60 -> 2 members adj 0.370
[apex] ge3 start hm-donchian-tf15#2|pm@30 -> 4 members adj 0.371
[apex] ge3 start hm-donchian-tf15#2|pm@10 -> 4 members adj 0.342
[apex_eod] ge3 start fp-vwap_flip-tf5#15|pm@20 -> 3 members adj 0.345
[apex] ge3 start hm-donchian-tf15#2|pm@60 -> 3 members adj 0.371
[apex_eod] ge3 start fp-vwap_flip-tf5#15|pm@30 -> 3 members adj 0.345
[apex] ge3 start hm-first_bar_mom-tf30#2|pm@20 -> 3 members adj 0.348
[apex_eod] ge3 start fp-vwap_flip-tf5#15|pm@10 -> 3 members adj 0.345
[apex_eod] ge3 start fp-vwap_flip-tf5#15|pm@60 -> 3 members adj 0.347
[apex] ge3 start hm-first_bar_mom-tf30#2|pm@30 -> 4 members adj 0.370
[apex_eod] ge3 start hm-donchian-tf15#6|pm@20 -> 3 members adj 0.345
[apex] ge3 start hm-first_bar_mom-tf30#2|pm@10 -> 3 members adj 0.334
[apex] ge3 start hm-first_bar_mom-tf30#2|pm@40 -> 3 members adj 0.376
[apex_eod] ge3 start hm-donchian-tf15#6|pm@30 -> 3 members adj 0.346
[apex] ge3 start fp-ema_pullback-tf5#15|london@20 -> 3 members adj 0.338
[apex_eod] ge3 start hm-donchian-tf15#6|pm@10 -> 3 members adj 0.346
[apex_eod] ge3 start hm-donchian-tf15#6|pm@60 -> 3 members adj 0.370
[apex] ge3 start fp-ema_pullback-tf5#15|london@30 -> 4 members adj 0.326
[apex_eod] ge3 start fp-donchian-tf15#15|pm@20 -> 3 members adj 0.346
[apex] ge3 start fp-ema_pullback-tf5#15|london@10 -> 3 members adj 0.334
[apex_eod] ge3 start fp-donchian-tf15#15|pm@30 -> 3 members adj 0.346
[apex] ge3 start fp-ema_pullback-tf5#15|london@60 -> 3 members adj 0.339
== apex (apex-legacy-50k@2026-09-27b UNCONFIRMED) primary=intraday (21670 evals, 0s)
  portfolio P1/2/3/5=0.19/0.30/0.35/0.380 [0.33,0.41] bust5=0.62 med=1.5 | eod 0.54 real 0.51 intra 0.38 | lift +0.110 | L1000 K0 S0 T0 TT1 | hm-first_bar_mom-tf30#2|pm@40 + hm-vwap_z-tf5#27|mid@60 + hm-first_bar_mom-tf30#17|mid@40 | FLAGS ['MEMBER_SHARE_UNDER_RULES 100% of positive standalone net', 'EXEC_NET_SHARE 100%: hm-first_bar_mom-tf30#17|mid earns that share of the positive executed P&L under the shared rules (raw guard is on standalone P&L)', 'NEGATIVE_EXEC_MEMBER: hm-first_bar_mom-tf30#2|pm, hm-vwap_z-tf5#27|mid lose money under the shared rules', 'ONE_YEAR_CONCENTRATION 2023: 79% of net', "SHARE_GUARD_RELAXED: no 3-member set satisfies 'no member > 50% of raw net'; shares are in members[].net_share", 'GE3_SEARCH: best >=3-member set from greedy restarts (plain greedy ended with 2 members)']
[apex_eod] ge3 start fp-donchian-tf15#15|pm@10 -> 3 members adj 0.346
[apex_eod] ge3 start fp-donchian-tf15#15|pm@60 -> 3 members adj 0.345
[apex_eod] ge3 start hm-donchian-tf15#3|pm@20 -> 3 members adj 0.346
[apex_eod] ge3 start hm-donchian-tf15#3|pm@30 -> 3 members adj 0.345
[apex_eod] ge3 start hm-donchian-tf15#3|pm@10 -> 3 members adj 0.346
[apex_eod] ge3 start hm-donchian-tf15#3|pm@60 -> 3 members adj 0.370
== apex_eod (apex-eod-50k@2026-09-27b UNCONFIRMED) primary=intraday (11870 evals, 0s)
  portfolio P1/2/3/5=0.19/0.32/0.35/0.370 [0.32,0.41] bust5=0.62 med=1.0 | eod 0.37 real 0.37 intra 0.37 | lift +0.059 | L1000 K0 S0 T0 TT1 | hm-donchian-tf15#6|pm@60 + hm-donchian-tf15#19|nyam@40 + fp-tod_drift-tf5#15|mid@60 | FLAGS ['MEMBER_SHARE_UNDER_RULES 100% of positive standalone net', "DEAD_MEMBERS: 1/3 members execute <5% of the portfolio's trades under the shared rules (hm-donchian-tf15#6|pm)", 'EXEC_NET_SHARE 100%: fp-tod_drift-tf5#15|mid earns that share of the positive executed P&L under the shared rules (raw guard is on standalone P&L)', 'NEGATIVE_EXEC_MEMBER: hm-donchian-tf15#6|pm, hm-donchian-tf15#19|nyam lose money under the shared rules', 'ONE_YEAR_CONCENTRATION 2024: 82% of net', "SHARE_GUARD_RELAXED: no 3-member set satisfies 'no member > 50% of raw net'; shares are in members[].net_share", 'GE3_SEARCH: best >=3-member set from greedy restarts (plain greedy ended with 2 members)']
