........................................................................ [  5%]
........................................................................ [ 10%]
........................................................................ [ 15%]
..................................................................s..... [ 20%]
........................................................................ [ 25%]
........................................................................ [ 31%]
........................................................................ [ 36%]
........................................................................ [ 41%]
........................................................................ [ 46%]
........................................................................ [ 51%]
........................................................................ [ 56%]
........................................................................ [ 62%]
........................................................................ [ 67%]
........................................................................ [ 72%]
........................................................................ [ 77%]
........................................................................ [ 82%]
........................................................................ [ 87%]
........................................................................ [ 93%]
........................................................................ [ 98%]
.....................s.                                                  [100%]
=========================== short test summary info ============================
SKIPPED [1] tests/test_fam_flow.py:446: F3 has no trailing percentile
SKIPPED [1] tests/test_screen_analyze.py:145: the screen bundles are not on disk
