late_mom             NQ tf30  days 10 cells  288 trades   1568 (per cell 3-7, empty cells 0) long 992 short 576 sessions {'pm': 1568} | exit_after_flat 0 outside_window 0 no_session 0 overlap 0 errors 0 parity True nulls {'shift': {'trades': 112, 'skipped_by_error': 0}} ok True
open_fade            NQ tf1   days 10 cells  120 trades   2750 (per cell 12-30, empty cells 0) long 977 short 1773 sessions {'nyam': 2750} | exit_after_flat 0 outside_window 0 no_session 0 overlap 0 errors 0 parity True nulls {} ok True
open_fade            NQ tf5   days 10 cells  120 trades    866 (per cell 4-9, empty cells 0) long 179 short 687 sessions {'nyam': 866} | exit_after_flat 0 outside_window 0 no_session 0 overlap 0 errors 0 parity True nulls {} ok True
orb_confirm          NQ tf1   days 10 cells  198 trades   2904 (per cell 12-19, empty cells 0) long 1650 short 1254 sessions {'pm': 1089, 'nyam': 858, 'mid': 957} | exit_after_flat 0 outside_window 0 no_session 0 overlap 0 errors 0 parity True nulls {} ok True
orb_confirm          NQ tf5   days 10 cells  198 trades   2835 (per cell 10-19, empty cells 0) long 1650 short 1185 sessions {'pm': 1086, 'nyam': 792, 'mid': 957} | exit_after_flat 0 outside_window 0 no_session 0 overlap 0 errors 0 parity True nulls {} ok True
orb_confirm          NQ tf15  days 10 cells  198 trades   2442 (per cell 10-16, empty cells 0) long 1386 short 1056 sessions {'pm': 990, 'mid': 792, 'nyam': 660} | exit_after_flat 0 outside_window 0 no_session 0 overlap 0 errors 0 parity True nulls {} ok True
straddle_tight_0830  NQ tf30  days 10 cells   27 trades    252 (per cell 8-10, empty cells 0) long 144 short 108 sessions {'pre': 252} | exit_after_flat 0 outside_window 0 no_session 0 overlap 0 errors 0 parity True nulls {'shift': {'trades': 160, 'skipped_by_error': 0}} ok True
straddle_tight_0930  NQ tf30  days 10 cells   27 trades    270 (per cell 10-10, empty cells 0) long 153 short 117 sessions {'nyam': 216, 'pre': 54} | exit_after_flat 0 outside_window 0 no_session 0 overlap 0 errors 0 parity True nulls {'shift': {'trades': 160, 'skipped_by_error': 0}} ok True
straddle_tight_1000  NQ tf30  days 10 cells   27 trades    270 (per cell 10-10, empty cells 0) long 162 short 108 sessions {'nyam': 270} | exit_after_flat 0 outside_window 0 no_session 0 overlap 0 errors 0 parity True nulls {'shift': {'trades': 160, 'skipped_by_error': 0}} ok True
va_reclaim           NQ tf1   days 10 cells   96 trades   2859 (per cell 28-31, empty cells 0) long 1208 short 1651 sessions {'eve': 160, 'asia': 384, 'london': 672, 'nyam': 536, 'pm': 480, 'pre': 192, 'mid': 435} | exit_after_flat 0 outside_window 0 no_session 0 overlap 0 errors 0 parity True nulls {} ok True
va_reclaim           NQ tf5   days 10 cells   96 trades   2464 (per cell 25-27, empty cells 0) long 1017 short 1447 sessions {'eve': 96, 'asia': 384, 'london': 672, 'nyam': 473, 'pm': 320, 'pre': 96, 'mid': 423} | exit_after_flat 0 outside_window 0 no_session 0 overlap 0 errors 0 parity True nulls {} ok True
va_reclaim           NQ tf15  days 10 cells   96 trades   1994 (per cell 19-23, empty cells 0) long 906 short 1088 sessions {'eve': 96, 'london': 672, 'asia': 256, 'nyam': 394, 'pre': 96, 'mid': 192, 'pm': 288} | exit_after_flat 0 outside_window 0 no_session 0 overlap 0 errors 0 parity True nulls {} ok True
va_reclaim           NQ tf30  days 10 cells   96 trades   1696 (per cell 15-20, empty cells 0) long 736 short 960 sessions {'eve': 96, 'london': 672, 'mid': 192, 'nyam': 288, 'asia': 160, 'pm': 288} | exit_after_flat 0 outside_window 0 no_session 0 overlap 0 errors 0 parity True nulls {} ok True
vol_spike_break      NQ tf1   days 10 cells   96 trades   8883 (per cell 60-131, empty cells 0) long 4487 short 4396 sessions {'eve': 1613, 'asia': 1516, 'london': 1668, 'pre': 861, 'nyam': 1514, 'mid': 632, 'pm': 1079} | exit_after_flat 0 outside_window 0 no_session 0 overlap 0 errors 0 parity True nulls {} ok True
vol_spike_break      NQ tf5   days 10 cells   96 trades   4895 (per cell 29-80, empty cells 0) long 2199 short 2696 sessions {'eve': 728, 'asia': 661, 'london': 1137, 'pre': 524, 'nyam': 1123, 'pm': 690, 'mid': 32} | exit_after_flat 0 outside_window 0 no_session 0 overlap 0 errors 0 parity True nulls {} ok True
vol_spike_break      NQ tf15  days 10 cells   96 trades   2112 (per cell 15-33, empty cells 0) long 1121 short 991 sessions {'mid': 376, 'nyam': 1002, 'pre': 394, 'pm': 308, 'london': 32} | exit_after_flat 0 outside_window 0 no_session 0 overlap 0 errors 0 parity True nulls {} ok True
vol_spike_break      NQ tf30  days 10 cells   96 trades   1322 (per cell 11-16, empty cells 0) long 1038 short 284 sessions {'pm': 512, 'nyam': 384, 'mid': 426} | exit_after_flat 0 outside_window 0 no_session 0 overlap 0 errors 0 parity True nulls {} ok True
vwap_trend_pull      NQ tf1   days 10 cells   96 trades   5317 (per cell 31-91, empty cells 0) long 3343 short 1974 sessions {'pm': 1659, 'nyam': 1416, 'mid': 2242} | exit_after_flat 0 outside_window 0 no_session 0 overlap 0 errors 0 parity True nulls {} ok True
vwap_trend_pull      NQ tf5   days 10 cells   96 trades   3835 (per cell 24-60, empty cells 0) long 2310 short 1525 sessions {'pm': 1386, 'mid': 1639, 'nyam': 810} | exit_after_flat 0 outside_window 0 no_session 0 overlap 0 errors 0 parity True nulls {} ok True
vwap_trend_pull      NQ tf15  days 10 cells   99 trades   1327 (per cell 9-19, empty cells 0) long 795 short 532 sessions {'pm': 402, 'mid': 793, 'nyam': 132} | exit_after_flat 0 outside_window 0 no_session 0 overlap 0 errors 0 parity True nulls {} ok True
vwap_trend_pull      NQ tf30  days 10 cells   96 trades    543 (per cell 2-8, empty cells 0) long 415 short 128 sessions {'pm': 192, 'mid': 351} | exit_after_flat 0 outside_window 0 no_session 0 overlap 0 errors 0 parity True nulls {} ok True
ALL OK
