late_mom             GC tf30  days 10 cells  288 trades   1920 (per cell 3-9, empty cells 0) long 864 short 1056 sessions {'pm': 1920} | exit_after_flat 0 outside_window 0 no_session 0 overlap 0 errors 0 parity True nulls {'shift': {'trades': 144, 'skipped_by_error': 0}} ok True
open_fade            GC tf1   days 10 cells  120 trades   1960 (per cell 8-27, empty cells 0) long 1292 short 668 sessions {'nyam': 1960} | exit_after_flat 0 outside_window 0 no_session 0 overlap 0 errors 0 parity True nulls {} ok True
open_fade            GC tf5   days 10 cells  120 trades   1078 (per cell 6-12, empty cells 0) long 718 short 360 sessions {'nyam': 1078} | exit_after_flat 0 outside_window 0 no_session 0 overlap 0 errors 0 parity True nulls {} ok True
orb_confirm          GC tf1   days 10 cells  198 trades   2869 (per cell 9-20, empty cells 0) long 1155 short 1714 sessions {'pm': 1120, 'mid': 957, 'nyam': 792} | exit_after_flat 0 outside_window 0 no_session 0 overlap 0 errors 0 parity True nulls {} ok True
orb_confirm          GC tf5   days 10 cells  198 trades   2803 (per cell 9-19, empty cells 0) long 1155 short 1648 sessions {'mid': 924, 'pm': 1120, 'nyam': 759} | exit_after_flat 0 outside_window 0 no_session 0 overlap 0 errors 0 parity True nulls {} ok True
orb_confirm          GC tf15  days 10 cells  198 trades   2343 (per cell 7-17, empty cells 0) long 957 short 1386 sessions {'mid': 825, 'pm': 957, 'nyam': 561} | exit_after_flat 0 outside_window 0 no_session 0 overlap 0 errors 0 parity True nulls {} ok True
straddle_tight_0830  GC tf30  days 10 cells   27 trades    225 (per cell 8-9, empty cells 0) long 90 short 135 sessions {'pre': 225} | exit_after_flat 0 outside_window 0 no_session 0 overlap 0 errors 0 parity True nulls {'shift': {'trades': 136, 'skipped_by_error': 0}} ok True
straddle_tight_0930  GC tf30  days 10 cells   27 trades    225 (per cell 7-9, empty cells 0) long 63 short 162 sessions {'nyam': 225} | exit_after_flat 0 outside_window 0 no_session 0 overlap 0 errors 0 parity True nulls {'shift': {'trades': 144, 'skipped_by_error': 0}} ok True
straddle_tight_1000  GC tf30  days 10 cells   27 trades    207 (per cell 6-9, empty cells 0) long 126 short 81 sessions {'nyam': 207} | exit_after_flat 0 outside_window 0 no_session 0 overlap 0 errors 0 parity True nulls {'shift': {'trades': 128, 'skipped_by_error': 0}} ok True
va_reclaim           GC tf1   days 10 cells   96 trades   3709 (per cell 34-45, empty cells 0) long 2194 short 1515 sessions {'eve': 907, 'pm': 640, 'pre': 534, 'mid': 288, 'asia': 408, 'london': 518, 'nyam': 414} | exit_after_flat 0 outside_window 0 no_session 0 overlap 0 errors 0 parity True nulls {} ok True
va_reclaim           GC tf5   days 10 cells   96 trades   3133 (per cell 28-42, empty cells 0) long 1879 short 1254 sessions {'eve': 738, 'pm': 544, 'mid': 256, 'asia': 389, 'london': 485, 'nyam': 309, 'pre': 412} | exit_after_flat 0 outside_window 0 no_session 0 overlap 0 errors 0 parity True nulls {} ok True
va_reclaim           GC tf15  days 10 cells   96 trades   2590 (per cell 23-37, empty cells 0) long 1665 short 925 sessions {'eve': 654, 'pm': 544, 'pre': 224, 'mid': 128, 'asia': 387, 'london': 447, 'nyam': 206} | exit_after_flat 0 outside_window 0 no_session 0 overlap 0 errors 0 parity True nulls {} ok True
va_reclaim           GC tf30  days 10 cells   96 trades   1845 (per cell 14-29, empty cells 0) long 1216 short 629 sessions {'eve': 560, 'pm': 288, 'pre': 128, 'mid': 128, 'asia': 162, 'london': 419, 'nyam': 160} | exit_after_flat 0 outside_window 0 no_session 0 overlap 0 errors 0 parity True nulls {} ok True
vol_spike_break      GC tf1   days 10 cells   96 trades   8615 (per cell 62-122, empty cells 0) long 3932 short 4683 sessions {'eve': 1506, 'asia': 1376, 'london': 1430, 'nyam': 1149, 'pre': 844, 'pm': 1371, 'mid': 939} | exit_after_flat 0 outside_window 0 no_session 0 overlap 0 errors 0 parity True nulls {} ok True
vol_spike_break      GC tf5   days 10 cells   96 trades   4169 (per cell 27-66, empty cells 0) long 1869 short 2300 sessions {'asia': 616, 'london': 713, 'pre': 598, 'nyam': 352, 'pm': 776, 'eve': 1018, 'mid': 96} | exit_after_flat 0 outside_window 0 no_session 0 overlap 0 errors 0 parity True nulls {} ok True
vol_spike_break      GC tf15  days 10 cells   96 trades   1651 (per cell 11-24, empty cells 0) long 882 short 769 sessions {'nyam': 510, 'pre': 457, 'london': 160, 'pm': 524} | exit_after_flat 0 outside_window 0 no_session 0 overlap 0 errors 0 parity True nulls {} ok True
vol_spike_break      GC tf30  days 10 cells   96 trades    577 (per cell 4-7, empty cells 0) long 417 short 160 sessions {'nyam': 160, 'pm': 417} | exit_after_flat 0 outside_window 0 no_session 0 overlap 0 errors 0 parity True nulls {} ok True
vwap_trend_pull      GC tf1   days 10 cells   96 trades   4120 (per cell 26-77, empty cells 0) long 1680 short 2440 sessions {'nyam': 1128, 'pm': 1508, 'mid': 1484} | exit_after_flat 0 outside_window 0 no_session 0 overlap 0 errors 0 parity True nulls {} ok True
vwap_trend_pull      GC tf5   days 10 cells   96 trades   2717 (per cell 18-45, empty cells 0) long 1429 short 1288 sessions {'pm': 1019, 'mid': 1178, 'nyam': 520} | exit_after_flat 0 outside_window 0 no_session 0 overlap 0 errors 0 parity True nulls {} ok True
vwap_trend_pull      GC tf15  days 10 cells   96 trades   1528 (per cell 11-21, empty cells 0) long 788 short 740 sessions {'mid': 600, 'pm': 576, 'nyam': 352} | exit_after_flat 0 outside_window 0 no_session 0 overlap 0 errors 0 parity True nulls {} ok True
vwap_trend_pull      GC tf30  days 10 cells   96 trades    576 (per cell 4-7, empty cells 0) long 448 short 128 sessions {'mid': 320, 'pm': 256} | exit_after_flat 0 outside_window 0 no_session 0 overlap 0 errors 0 parity True nulls {} ok True
ALL OK
