late_mom             ES tf30  days 10 cells  288 trades   1664 (per cell 4-8, empty cells 0) long 864 short 800 sessions {'pm': 1664} | exit_after_flat 0 outside_window 0 no_session 0 overlap 0 errors 0 parity True nulls {'shift': {'trades': 128, 'skipped_by_error': 0}} ok True
open_fade            ES tf1   days 10 cells  120 trades   2404 (per cell 11-30, empty cells 0) long 647 short 1757 sessions {'nyam': 2404} | exit_after_flat 0 outside_window 0 no_session 0 overlap 0 errors 0 parity True nulls {} ok True
open_fade            ES tf5   days 10 cells  120 trades    820 (per cell 5-8, empty cells 0) long 300 short 520 sessions {'nyam': 820} | exit_after_flat 0 outside_window 0 no_session 0 overlap 0 errors 0 parity True nulls {} ok True
orb_confirm          ES tf1   days 10 cells  198 trades   3069 (per cell 11-22, empty cells 0) long 1947 short 1122 sessions {'mid': 1089, 'pm': 1089, 'nyam': 891} | exit_after_flat 0 outside_window 0 no_session 0 overlap 0 errors 0 parity True nulls {} ok True
orb_confirm          ES tf5   days 10 cells  198 trades   2871 (per cell 9-21, empty cells 0) long 1881 short 990 sessions {'mid': 1023, 'pm': 1056, 'nyam': 792} | exit_after_flat 0 outside_window 0 no_session 0 overlap 0 errors 0 parity True nulls {} ok True
orb_confirm          ES tf15  days 10 cells  198 trades   2508 (per cell 8-21, empty cells 0) long 1716 short 792 sessions {'mid': 891, 'pm': 990, 'nyam': 627} | exit_after_flat 0 outside_window 0 no_session 0 overlap 0 errors 0 parity True nulls {} ok True
straddle_tight_0830  ES tf30  days 10 cells   27 trades    225 (per cell 7-10, empty cells 0) long 135 short 90 sessions {'pre': 225} | exit_after_flat 0 outside_window 0 no_session 0 overlap 0 errors 0 parity True nulls {'shift': {'trades': 152, 'skipped_by_error': 0}} ok True
straddle_tight_0930  ES tf30  days 10 cells   27 trades    270 (per cell 10-10, empty cells 0) long 153 short 117 sessions {'nyam': 225, 'pre': 45} | exit_after_flat 0 outside_window 0 no_session 0 overlap 0 errors 0 parity True nulls {'shift': {'trades': 160, 'skipped_by_error': 0}} ok True
straddle_tight_1000  ES tf30  days 10 cells   27 trades    252 (per cell 8-10, empty cells 0) long 171 short 81 sessions {'nyam': 252} | exit_after_flat 0 outside_window 0 no_session 0 overlap 0 errors 0 parity True nulls {'shift': {'trades': 160, 'skipped_by_error': 0}} ok True
va_reclaim           ES tf1   days 10 cells   96 trades   2457 (per cell 22-28, empty cells 0) long 1123 short 1334 sessions {'eve': 273, 'asia': 288, 'london': 663, 'nyam': 256, 'pm': 508, 'mid': 469} | exit_after_flat 0 outside_window 0 no_session 0 overlap 0 errors 0 parity True nulls {} ok True
va_reclaim           ES tf5   days 10 cells   96 trades   2237 (per cell 19-27, empty cells 0) long 971 short 1266 sessions {'eve': 258, 'asia': 192, 'london': 630, 'nyam': 224, 'pm': 468, 'mid': 465} | exit_after_flat 0 outside_window 0 no_session 0 overlap 0 errors 0 parity True nulls {} ok True
va_reclaim           ES tf15  days 10 cells   96 trades   2106 (per cell 17-27, empty cells 0) long 851 short 1255 sessions {'asia': 160, 'eve': 258, 'london': 602, 'nyam': 160, 'pm': 416, 'pre': 64, 'mid': 446} | exit_after_flat 0 outside_window 0 no_session 0 overlap 0 errors 0 parity True nulls {} ok True
va_reclaim           ES tf30  days 10 cells   96 trades   1730 (per cell 13-24, empty cells 0) long 745 short 985 sessions {'eve': 223, 'asia': 96, 'london': 588, 'nyam': 128, 'pm': 288, 'pre': 96, 'mid': 311} | exit_after_flat 0 outside_window 0 no_session 0 overlap 0 errors 0 parity True nulls {} ok True
vol_spike_break      ES tf1   days 10 cells   96 trades   8157 (per cell 53-124, empty cells 0) long 3971 short 4186 sessions {'eve': 1485, 'asia': 1400, 'london': 1548, 'pre': 815, 'nyam': 1238, 'pm': 1109, 'mid': 562} | exit_after_flat 0 outside_window 0 no_session 0 overlap 0 errors 0 parity True nulls {} ok True
vol_spike_break      ES tf5   days 10 cells   96 trades   4091 (per cell 25-68, empty cells 0) long 1924 short 2167 sessions {'eve': 593, 'asia': 776, 'london': 1059, 'nyam': 668, 'pre': 420, 'pm': 575} | exit_after_flat 0 outside_window 0 no_session 0 overlap 0 errors 0 parity True nulls {} ok True
vol_spike_break      ES tf15  days 10 cells   96 trades   1951 (per cell 13-33, empty cells 0) long 1213 short 738 sessions {'mid': 352, 'london': 96, 'nyam': 699, 'pre': 450, 'pm': 354} | exit_after_flat 0 outside_window 0 no_session 0 overlap 0 errors 0 parity True nulls {} ok True
vol_spike_break      ES tf30  days 10 cells   96 trades   1353 (per cell 13-16, empty cells 0) long 1035 short 318 sessions {'mid': 429, 'nyam': 480, 'pm': 444} | exit_after_flat 0 outside_window 0 no_session 0 overlap 0 errors 0 parity True nulls {} ok True
vwap_trend_pull      ES tf1   days 10 cells   96 trades   4799 (per cell 27-81, empty cells 0) long 3077 short 1722 sessions {'mid': 1843, 'pm': 1661, 'nyam': 1295} | exit_after_flat 0 outside_window 0 no_session 0 overlap 0 errors 0 parity True nulls {} ok True
vwap_trend_pull      ES tf5   days 10 cells   96 trades   3417 (per cell 22-62, empty cells 0) long 2117 short 1300 sessions {'mid': 1404, 'pm': 1287, 'nyam': 726} | exit_after_flat 0 outside_window 0 no_session 0 overlap 0 errors 0 parity True nulls {} ok True
vwap_trend_pull      ES tf15  days 10 cells   96 trades   1080 (per cell 8-15, empty cells 0) long 760 short 320 sessions {'pm': 472, 'mid': 352, 'nyam': 256} | exit_after_flat 0 outside_window 0 no_session 0 overlap 0 errors 0 parity True nulls {} ok True
vwap_trend_pull      ES tf30  days 10 cells   96 trades    298 (per cell 2-4, empty cells 0) long 298 short 0 sessions {'mid': 138, 'pm': 160} | exit_after_flat 0 outside_window 0 no_session 0 overlap 0 errors 0 parity True nulls {} ok True
ALL OK
