orb_NQ_tf1_pre build   0 ms: 567 entries, 0 double fills, net 16,362, dropped sessions 0, 0.92 s
orb_NQ_tf1_pre build  25 ms: 568 entries, 1 double fills, net 16,673, dropped sessions 0, 0.91 s
orb_NQ_tf1_pre build  50 ms: 568 entries, 1 double fills, net 16,673, dropped sessions 0, 0.91 s
orb_NQ_tf1_pre build 100 ms: 570 entries, 3 double fills, net 17,255, dropped sessions 0, 0.91 s
orb_NQ_tf1_pre build 250 ms: 570 entries, 3 double fills, net 17,255, dropped sessions 0, 0.92 s
orb_NQ_tf1_pre pick   0 ms: 252 entries, 0 double fills, net 12,437, dropped sessions 0, 0.59 s
orb_NQ_tf1_pre pick  25 ms: 253 entries, 1 double fills, net 12,098, dropped sessions 0, 0.59 s
orb_NQ_tf1_pre pick  50 ms: 253 entries, 1 double fills, net 12,098, dropped sessions 0, 0.59 s
orb_NQ_tf1_pre pick 100 ms: 255 entries, 3 double fills, net 12,505, dropped sessions 0, 0.59 s
orb_NQ_tf1_pre pick 250 ms: 257 entries, 5 double fills, net 13,042, dropped sessions 0, 0.59 s
straddle_tight_0830_GC_tf30_pre_evA build   0 ms: 223 entries, 0 double fills, net 10,598, dropped sessions 0, 0.45 s
straddle_tight_0830_GC_tf30_pre_evA build  25 ms: 223 entries, 0 double fills, net 10,598, dropped sessions 0, 0.4 s
straddle_tight_0830_GC_tf30_pre_evA build  50 ms: 224 entries, 1 double fills, net 10,754, dropped sessions 0, 0.4 s
straddle_tight_0830_GC_tf30_pre_evA build 100 ms: 225 entries, 2 double fills, net 10,910, dropped sessions 0, 0.4 s
straddle_tight_0830_GC_tf30_pre_evA build 250 ms: 226 entries, 3 double fills, net 11,066, dropped sessions 0, 0.41 s
straddle_tight_0830_GC_tf30_pre_evA pick   0 ms: 96 entries, 0 double fills, net 5,496, dropped sessions 0, 0.37 s
straddle_tight_0830_GC_tf30_pre_evA pick  25 ms: 96 entries, 0 double fills, net 5,496, dropped sessions 0, 0.36 s
straddle_tight_0830_GC_tf30_pre_evA pick  50 ms: 97 entries, 1 double fills, net 5,652, dropped sessions 0, 0.36 s
straddle_tight_0830_GC_tf30_pre_evA pick 100 ms: 98 entries, 2 double fills, net 5,398, dropped sessions 0, 0.36 s
straddle_tight_0830_GC_tf30_pre_evA pick 250 ms: 99 entries, 3 double fills, net 5,554, dropped sessions 0, 0.36 s
straddle_tight_0830_NQ_tf30_pre_evB build   0 ms: 157 entries, 0 double fills, net 9,047, dropped sessions 0, 0.48 s
straddle_tight_0830_NQ_tf30_pre_evB build  25 ms: 159 entries, 2 double fills, net 8,344, dropped sessions 0, 0.49 s
straddle_tight_0830_NQ_tf30_pre_evB build  50 ms: 160 entries, 3 double fills, net 8,185, dropped sessions 0, 0.48 s
straddle_tight_0830_NQ_tf30_pre_evB build 100 ms: 163 entries, 6 double fills, net 8,248, dropped sessions 0, 0.48 s
straddle_tight_0830_NQ_tf30_pre_evB build 250 ms: 164 entries, 7 double fills, net 8,044, dropped sessions 0, 0.5 s
straddle_tight_0830_NQ_tf30_pre_evB pick   0 ms: 68 entries, 0 double fills, net 2,383, dropped sessions 0, 0.41 s
straddle_tight_0830_NQ_tf30_pre_evB pick  25 ms: 69 entries, 1 double fills, net 2,219, dropped sessions 0, 0.4 s
straddle_tight_0830_NQ_tf30_pre_evB pick  50 ms: 69 entries, 1 double fills, net 2,219, dropped sessions 0, 0.4 s
straddle_tight_0830_NQ_tf30_pre_evB pick 100 ms: 70 entries, 2 double fills, net 2,515, dropped sessions 0, 0.4 s
straddle_tight_0830_NQ_tf30_pre_evB pick 250 ms: 73 entries, 5 double fills, net 1,528, dropped sessions 0, 0.4 s
straddle_tight_1000_GC_tf30_nyam_evC build   0 ms: 97 entries, 0 double fills, net 8,202, dropped sessions 0, 0.36 s
straddle_tight_1000_GC_tf30_nyam_evC build  25 ms: 97 entries, 0 double fills, net 8,202, dropped sessions 0, 0.36 s
straddle_tight_1000_GC_tf30_nyam_evC build  50 ms: 98 entries, 1 double fills, net 7,968, dropped sessions 0, 0.35 s
straddle_tight_1000_GC_tf30_nyam_evC build 100 ms: 98 entries, 1 double fills, net 7,968, dropped sessions 0, 0.36 s
straddle_tight_1000_GC_tf30_nyam_evC build 250 ms: 98 entries, 1 double fills, net 7,968, dropped sessions 0, 0.36 s
straddle_tight_1000_GC_tf30_nyam_evC pick   0 ms: 46 entries, 0 double fills, net 4,166, dropped sessions 0, 0.34 s
straddle_tight_1000_GC_tf30_nyam_evC pick  25 ms: 46 entries, 0 double fills, net 4,166, dropped sessions 0, 0.34 s
straddle_tight_1000_GC_tf30_nyam_evC pick  50 ms: 46 entries, 0 double fills, net 4,166, dropped sessions 0, 0.34 s
straddle_tight_1000_GC_tf30_nyam_evC pick 100 ms: 47 entries, 1 double fills, net 3,992, dropped sessions 0, 0.34 s
straddle_tight_1000_GC_tf30_nyam_evC pick 250 ms: 49 entries, 3 double fills, net 4,304, dropped sessions 0, 0.34 s
exit 0
