== build: 2021-09-22 .. 2023-12-29 (573 sessions)
  engine range {'start': '2021-09-22', 'end': '2023-12-31', 'holdout': False, 'period': 'build'} sessions 573 used 568 skipped ['2021-12-01', '2022-06-21', '2022-08-05', '2022-09-06', '2023-04-07']
  engine re-run vs member file: mine 549 trades net 8954.00 | other 549 trades net 8954.00 | only mine 0 only other 0 | differing 0
  OWN replay vs engine re-run (base): mine 549 trades net 8954.00 | other 549 trades net 8954.00 | only mine 0 only other 0 | differing 0
  OWN replay vs engine re-run (2 ticks + 250 ms): mine 549 trades net 6619.00 | other 549 trades net 6619.00 | only mine 0 only other 0 | differing 0
  anchor != last print before 08:29:59: 0 | fills before the order is live: 0 | fills after the 5-min cancel: 0
  per year {'2021': {'trades': 62, 'net': 862.0}, '2022': {'trades': 247, 'net': 4412.0}, '2023': {'trades': 240, 'net': 3680.0}}
  base {'trades': 549, 'net': 8954.0, 't': 1.9826019912929203, 'pf': 1.2089810017271156, 'win': 0.31876138433515483, 'worst_open_loss': 500.0}
  <= 2 s {'trades': 111, 'net': 9026.0, 'rest_trades': 438, 'rest_net': -72.0}
  sens slip1t_place85ms_trig0ms {'trades': 549, 'net': 8954.0}
  sens slip2t_place250ms_trig0ms {'trades': 549, 'net': 6619.0}
  sens slip1t_place85ms_trig25ms {'trades': 549, 'net': -9176.0}
  sens slip1t_place85ms_trig50ms {'trades': 549, 'net': -11916.0}
  sens slip1t_place85ms_trig100ms {'trades': 549, 'net': -18356.0}
  sens slip1t_place85ms_trig250ms {'trades': 549, 'net': -29051.0}
  sens slip1t_place85ms_trig500ms {'trades': 549, 'net': -33816.0}
  sens slip2t_place85ms_trig100ms {'trades': 549, 'net': -20156.0}
  by entry time vs 08:30:00 {'-1..0s': {'trades': 24, 'net': 319.0}, '0..1s': {'trades': 89, 'net': 2874.0}, '1..5s': {'trades': 100, 'net': 6975.0}, '5..60s': {'trades': 217, 'net': -338.0}, '60..301s': {'trades': 119, 'net': -876.0}}
== pick: 2024-01-02 .. 2024-12-31 (252 sessions)
  engine range {'start': '2024-01-01', 'end': '2024-12-31', 'holdout': False, 'period': 'pick'} sessions 252 used 252 skipped []
  engine re-run vs member file: mine 244 trades net 4869.00 | other 244 trades net 4869.00 | only mine 0 only other 0 | differing 0
  OWN replay vs engine re-run (base): mine 244 trades net 4869.00 | other 244 trades net 4869.00 | only mine 0 only other 0 | differing 0
  OWN replay vs engine re-run (2 ticks + 250 ms): mine 244 trades net 769.00 | other 244 trades net 769.00 | only mine 0 only other 0 | differing 0
  anchor != last print before 08:29:59: 0 | fills before the order is live: 0 | fills after the 5-min cancel: 0
  per year {'2024': {'trades': 244, 'net': 4869.0}}
  base {'trades': 244, 'net': 4869.0, 't': 1.5662414668046183, 'pf': 1.2509405761995567, 'win': 0.3360655737704918, 'worst_open_loss': 410.0}
  <= 2 s {'trades': 76, 'net': 4326.0, 'rest_trades': 168, 'rest_net': 543.0}
  sens slip1t_place85ms_trig0ms {'trades': 244, 'net': 4869.0}
  sens slip2t_place250ms_trig0ms {'trades': 244, 'net': 769.0}
  sens slip1t_place85ms_trig25ms {'trades': 244, 'net': -7106.0}
  sens slip1t_place85ms_trig50ms {'trades': 244, 'net': -12446.0}
  sens slip1t_place85ms_trig100ms {'trades': 244, 'net': -16971.0}
  sens slip1t_place85ms_trig250ms {'trades': 244, 'net': -17616.0}
  sens slip1t_place85ms_trig500ms {'trades': 244, 'net': -23181.0}
  sens slip2t_place85ms_trig100ms {'trades': 244, 'net': -18701.0}
  by entry time vs 08:30:00 {'-1..0s': {'trades': 16, 'net': -1414.0}, '0..1s': {'trades': 67, 'net': 4177.0}, '1..5s': {'trades': 35, 'net': 2160.0}, '5..60s': {'trades': 71, 'net': -504.0}, '60..301s': {'trades': 55, 'net': 450.0}}
