# new_l2 smoke, 2026-10-02T12:26:08-04:00 ET, days ['2021-10-05', '2022-03-15', '2022-06-13', '2022-09-21', '2022-11-25', '2023-03-22', '2023-07-03', '2023-08-09', '2023-10-17', '2023-12-13'] (BUILD), 1 worker; COUNTS ONLY
{"family": "bimb_follow_d1", "root": "NQ", "tf": "5", "days": 10, "cells": 96, "variants": 3, "sessions": 10, "used": 10, "eve_skipped": 0, "skipped_by_error": 0, "errors": [], "trades_total": 5583, "trades_per_cell": {"min": 24, "max": 126}, "cells_without_trades": 0, "long": 3106, "short": 2477, "by_session": {"eve": 955, "asia": 689, "london": 1411, "pre": 519, "nyam": 593, "mid": 618, "pm": 798}, "by_stop_mode": {"atr": 1448, "pts": 2726, "pct": 1409}, "entry_kind": {"market": 5583, "resting": 0}, "both_sides_declared": false, "both_sides_sessions": 0, "segments": ["eve", "day"], "both_sides_ok": true, "worker_parity": true, "nulls": {"c2": {"trades": 751, "skipped_by_error": 0}}, "ok": true}
{"family": "flow_exhaust", "root": "NQ", "tf": "1", "days": 10, "cells": 96, "variants": 3, "sessions": 10, "used": 10, "eve_skipped": 0, "skipped_by_error": 0, "errors": [], "trades_total": 3235, "trades_per_cell": {"min": 23, "max": 53}, "cells_without_trades": 0, "long": 1696, "short": 1539, "by_session": {"eve": 510, "asia": 438, "nyam": 479, "pm": 256, "london": 612, "mid": 536, "pre": 404}, "by_stop_mode": {"atr": 912, "pts": 1547, "pct": 776}, "entry_kind": {"market": 3235, "resting": 0}, "both_sides_declared": false, "both_sides_sessions": 0, "segments": ["eve", "day"], "both_sides_ok": true, "worker_parity": true, "nulls": {"c2": {"trades": 217, "skipped_by_error": 0}}, "ok": true}
{"family": "flow_exhaust", "root": "NQ", "tf": "5", "days": 10, "cells": 96, "variants": 3, "sessions": 10, "used": 10, "eve_skipped": 0, "skipped_by_error": 0, "errors": [], "trades_total": 1280, "trades_per_cell": {"min": 10, "max": 17}, "cells_without_trades": 0, "long": 608, "short": 672, "by_session": {"eve": 128, "nyam": 448, "pm": 128, "mid": 128, "asia": 160, "london": 96, "pre": 192}, "by_stop_mode": {"atr": 320, "pts": 640, "pct": 320}, "entry_kind": {"market": 1280, "resting": 0}, "both_sides_declared": false, "both_sides_sessions": 0, "segments": ["eve", "day"], "both_sides_ok": true, "worker_parity": true, "nulls": {"c2": {"trades": 145, "skipped_by_error": 0}}, "ok": true}
{"name": "orb", "tf": "5", "cells": 6, "trades": 350, "skipped_by_error": 0, "long": 182, "short": 168, "by_session": {"london": 60, "nyam": 58, "mid": 60, "pm": 48, "pre": 52, "asia": 40, "eve": 32}, "days_with_trades": 10, "sessions": 10, "used": 10, "dead": false}
{"name": "donchian", "tf": "5", "cells": 8, "trades": 729, "skipped_by_error": 0, "long": 353, "short": 376, "by_session": {"asia": 56, "london": 137, "nyam": 136, "mid": 107, "pm": 126, "pre": 73, "eve": 94}, "days_with_trades": 10, "sessions": 10, "used": 10, "dead": false}
{"name": "straddle", "tf": "5", "cells": 6, "trades": 288, "skipped_by_error": 0, "long": 164, "short": 124, "by_session": {"london": 60, "nyam": 60, "mid": 60, "pm": 48, "pre": 60}, "days_with_trades": 10, "sessions": 10, "used": 10, "dead": false}
{"name": "straddle_t_1800", "tf": "30", "cells": 10, "trades": 68, "skipped_by_error": 0, "long": 38, "short": 30, "by_session": {"eve": 68}, "days_with_trades": 9, "sessions": 10, "used": 10, "dead": false}
{"name": "straddle_t_2000", "tf": "30", "cells": 10, "trades": 80, "skipped_by_error": 0, "long": 22, "short": 58, "by_session": {"eve": 80}, "days_with_trades": 10, "sessions": 10, "used": 10, "dead": false}
{"name": "straddle_t_0000", "tf": "30", "cells": 10, "trades": 62, "skipped_by_error": 0, "long": 32, "short": 30, "by_session": {"asia": 62}, "days_with_trades": 10, "sessions": 10, "used": 10, "dead": false}
{"name": "straddle_t_0200", "tf": "30", "cells": 10, "trades": 80, "skipped_by_error": 0, "long": 18, "short": 62, "by_session": {"asia": 80}, "days_with_trades": 10, "sessions": 10, "used": 10, "dead": false}
{"name": "straddle_t_0300", "tf": "30", "cells": 10, "trades": 96, "skipped_by_error": 0, "long": 52, "short": 44, "by_session": {"london": 96}, "days_with_trades": 10, "sessions": 10, "used": 10, "dead": false}
{"name": "straddle_t_0830", "tf": "30", "cells": 10, "trades": 90, "skipped_by_error": 0, "long": 50, "short": 40, "by_session": {"pre": 90}, "days_with_trades": 10, "sessions": 10, "used": 10, "dead": false}
{"name": "straddle_t_0930", "tf": "30", "cells": 10, "trades": 100, "skipped_by_error": 0, "long": 52, "short": 48, "by_session": {"nyam": 100}, "days_with_trades": 10, "sessions": 10, "used": 10, "dead": false}
{"name": "straddle_t_1105", "tf": "30", "cells": 10, "trades": 98, "skipped_by_error": 0, "long": 60, "short": 38, "by_session": {"mid": 98}, "days_with_trades": 10, "sessions": 10, "used": 10, "dead": false}
{"name": "straddle_t_1330", "tf": "30", "cells": 10, "trades": 76, "skipped_by_error": 0, "long": 62, "short": 14, "by_session": {"pm": 76}, "days_with_trades": 8, "sessions": 10, "used": 10, "dead": false}
{"name": "donchian_fbook", "tf": "5", "cells": 8, "trades": 303, "skipped_by_error": 0, "long": 134, "short": 169, "by_session": {"london": 43, "nyam": 54, "mid": 40, "pm": 79, "asia": 15, "pre": 40, "eve": 32}, "days_with_trades": 8, "sessions": 10, "used": 10, "dead": false}
{"name": "donchian_thin", "tf": "5", "cells": 8, "trades": 180, "skipped_by_error": 0, "long": 96, "short": 84, "by_session": {"london": 42, "mid": 24, "pm": 65, "asia": 4, "nyam": 24, "eve": 21}, "days_with_trades": 8, "sessions": 10, "used": 10, "dead": false}
{"name": "donchian_xbook", "tf": "5", "cells": 8, "trades": 968, "skipped_by_error": 0, "long": 499, "short": 469, "by_session": {"asia": 84, "london": 177, "nyam": 162, "mid": 147, "pm": 152, "pre": 116, "eve": 130}, "days_with_trades": 10, "sessions": 10, "used": 10, "dead": false}
{"name": "orb_fbook", "tf": "5", "cells": 6, "trades": 184, "skipped_by_error": 0, "long": 94, "short": 90, "by_session": {"london": 28, "nyam": 28, "mid": 30, "pm": 30, "pre": 20, "asia": 26, "eve": 22}, "days_with_trades": 8, "sessions": 10, "used": 10, "dead": false}
{"name": "orb_thin", "tf": "5", "cells": 6, "trades": 48, "skipped_by_error": 0, "long": 22, "short": 26, "by_session": {"london": 8, "nyam": 12, "mid": 4, "pre": 8, "asia": 4, "pm": 8, "eve": 4}, "days_with_trades": 8, "sessions": 10, "used": 10, "dead": false}
{"name": "orb_xbook", "tf": "5", "cells": 6, "trades": 350, "skipped_by_error": 0, "long": 182, "short": 168, "by_session": {"london": 60, "nyam": 58, "mid": 60, "pm": 48, "pre": 52, "asia": 40, "eve": 32}, "days_with_trades": 10, "sessions": 10, "used": 10, "dead": false}
{"name": "straddle_fbook", "tf": "5", "cells": 6, "trades": 200, "skipped_by_error": 0, "long": 94, "short": 106, "by_session": {"london": 48, "nyam": 48, "mid": 42, "pm": 36, "pre": 26}, "days_with_trades": 8, "sessions": 10, "used": 10, "dead": false}
{"name": "straddle_t_0000_fbook", "tf": "30", "cells": 10, "trades": 38, "skipped_by_error": 0, "long": 6, "short": 32, "by_session": {"asia": 38}, "days_with_trades": 7, "sessions": 10, "used": 10, "dead": false}
{"name": "straddle_t_0000_thin", "tf": "30", "cells": 10, "trades": 2, "skipped_by_error": 0, "long": 2, "short": 0, "by_session": {"asia": 2}, "days_with_trades": 1, "sessions": 10, "used": 10, "dead": false}
{"name": "straddle_t_0000_xbook", "tf": "30", "cells": 10, "trades": 62, "skipped_by_error": 0, "long": 32, "short": 30, "by_session": {"asia": 62}, "days_with_trades": 10, "sessions": 10, "used": 10, "dead": false}
{"name": "straddle_t_0200_fbook", "tf": "30", "cells": 10, "trades": 32, "skipped_by_error": 0, "long": 20, "short": 12, "by_session": {"asia": 32}, "days_with_trades": 7, "sessions": 10, "used": 10, "dead": false}
{"name": "straddle_t_0200_thin", "tf": "30", "cells": 10, "trades": 18, "skipped_by_error": 0, "long": 18, "short": 0, "by_session": {"asia": 18}, "days_with_trades": 3, "sessions": 10, "used": 10, "dead": false}
{"name": "straddle_t_0200_xbook", "tf": "30", "cells": 10, "trades": 80, "skipped_by_error": 0, "long": 18, "short": 62, "by_session": {"asia": 80}, "days_with_trades": 10, "sessions": 10, "used": 10, "dead": false}
{"name": "straddle_t_0300_fbook", "tf": "30", "cells": 10, "trades": 50, "skipped_by_error": 0, "long": 12, "short": 38, "by_session": {"london": 50}, "days_with_trades": 8, "sessions": 10, "used": 10, "dead": false}
{"name": "straddle_t_0300_thin", "tf": "30", "cells": 10, "trades": 36, "skipped_by_error": 0, "long": 18, "short": 18, "by_session": {"london": 36}, "days_with_trades": 4, "sessions": 10, "used": 10, "dead": false}
{"name": "straddle_t_0300_xbook", "tf": "30", "cells": 10, "trades": 96, "skipped_by_error": 0, "long": 52, "short": 44, "by_session": {"london": 96}, "days_with_trades": 10, "sessions": 10, "used": 10, "dead": false}
{"name": "straddle_t_0830_fbook", "tf": "30", "cells": 10, "trades": 14, "skipped_by_error": 0, "long": 14, "short": 0, "by_session": {"pre": 14}, "days_with_trades": 2, "sessions": 10, "used": 10, "dead": false}
{"name": "straddle_t_0830_thin", "tf": "30", "cells": 10, "trades": 36, "skipped_by_error": 0, "long": 18, "short": 18, "by_session": {"pre": 36}, "days_with_trades": 4, "sessions": 10, "used": 10, "dead": false}
{"name": "straddle_t_0830_xbook", "tf": "30", "cells": 10, "trades": 90, "skipped_by_error": 0, "long": 50, "short": 40, "by_session": {"pre": 90}, "days_with_trades": 10, "sessions": 10, "used": 10, "dead": false}
{"name": "straddle_t_0930_fbook", "tf": "30", "cells": 10, "trades": 74, "skipped_by_error": 0, "long": 40, "short": 34, "by_session": {"nyam": 74}, "days_with_trades": 8, "sessions": 10, "used": 10, "dead": false}
{"name": "straddle_t_0930_thin", "tf": "30", "cells": 10, "trades": 64, "skipped_by_error": 0, "long": 40, "short": 24, "by_session": {"nyam": 64}, "days_with_trades": 7, "sessions": 10, "used": 10, "dead": false}
{"name": "straddle_t_0930_xbook", "tf": "30", "cells": 10, "trades": 100, "skipped_by_error": 0, "long": 52, "short": 48, "by_session": {"nyam": 100}, "days_with_trades": 10, "sessions": 10, "used": 10, "dead": false}
{"name": "straddle_t_1105_fbook", "tf": "30", "cells": 10, "trades": 62, "skipped_by_error": 0, "long": 28, "short": 34, "by_session": {"mid": 62}, "days_with_trades": 7, "sessions": 10, "used": 10, "dead": false}
{"name": "straddle_t_1105_thin", "tf": "30", "cells": 10, "trades": 10, "skipped_by_error": 0, "long": 10, "short": 0, "by_session": {"mid": 10}, "days_with_trades": 1, "sessions": 10, "used": 10, "dead": false}
{"name": "straddle_t_1105_xbook", "tf": "30", "cells": 10, "trades": 98, "skipped_by_error": 0, "long": 60, "short": 38, "by_session": {"mid": 98}, "days_with_trades": 10, "sessions": 10, "used": 10, "dead": false}
{"name": "straddle_t_1330_fbook", "tf": "30", "cells": 10, "trades": 40, "skipped_by_error": 0, "long": 30, "short": 10, "by_session": {"pm": 40}, "days_with_trades": 4, "sessions": 10, "used": 10, "dead": false}
{"name": "straddle_t_1330_thin", "tf": "30", "cells": 10, "trades": 10, "skipped_by_error": 0, "long": 10, "short": 0, "by_session": {"pm": 10}, "days_with_trades": 1, "sessions": 10, "used": 10, "dead": false}
{"name": "straddle_t_1330_xbook", "tf": "30", "cells": 10, "trades": 76, "skipped_by_error": 0, "long": 62, "short": 14, "by_session": {"pm": 76}, "days_with_trades": 8, "sessions": 10, "used": 10, "dead": false}
{"name": "straddle_t_1800_fbook", "tf": "30", "cells": 10, "trades": 0, "skipped_by_error": 0, "long": 0, "short": 0, "by_session": {}, "days_with_trades": 0, "sessions": 10, "used": 10, "dead": true}
{"name": "straddle_t_1800_thin", "tf": "30", "cells": 10, "trades": 0, "skipped_by_error": 0, "long": 0, "short": 0, "by_session": {}, "days_with_trades": 0, "sessions": 10, "used": 10, "dead": true}
{"name": "straddle_t_1800_xbook", "tf": "30", "cells": 10, "trades": 68, "skipped_by_error": 0, "long": 38, "short": 30, "by_session": {"eve": 68}, "days_with_trades": 9, "sessions": 10, "used": 10, "dead": false}
{"name": "straddle_t_2000_fbook", "tf": "30", "cells": 10, "trades": 48, "skipped_by_error": 0, "long": 28, "short": 20, "by_session": {"eve": 48}, "days_with_trades": 8, "sessions": 10, "used": 10, "dead": false}
{"name": "straddle_t_2000_thin", "tf": "30", "cells": 10, "trades": 10, "skipped_by_error": 0, "long": 10, "short": 0, "by_session": {"eve": 10}, "days_with_trades": 1, "sessions": 10, "used": 10, "dead": false}
{"name": "straddle_t_2000_xbook", "tf": "30", "cells": 10, "trades": 80, "skipped_by_error": 0, "long": 22, "short": 58, "by_session": {"eve": 80}, "days_with_trades": 10, "sessions": 10, "used": 10, "dead": false}
{"name": "straddle_thin", "tf": "5", "cells": 6, "trades": 72, "skipped_by_error": 0, "long": 42, "short": 30, "by_session": {"london": 24, "nyam": 42, "pm": 6}, "days_with_trades": 8, "sessions": 10, "used": 10, "dead": false}
{"name": "straddle_xbook", "tf": "5", "cells": 6, "trades": 288, "skipped_by_error": 0, "long": 164, "short": 124, "by_session": {"london": 60, "nyam": 60, "mid": 60, "pm": 48, "pre": 60}, "days_with_trades": 10, "sessions": 10, "used": 10, "dead": false}
