Fri Oct  2 14:42:05 EDT 2026
........................................................................ [  5%]
........................................................................ [ 11%]
........................................................................ [ 16%]
...........................s............................................ [ 22%]
........................................................................ [ 27%]
........................................................................ [ 33%]
........................................................................ [ 38%]
........................................................................ [ 44%]
........................................................................ [ 49%]
........................................................................ [ 55%]
........................................................................ [ 61%]
........................................................................ [ 66%]
........................................................................ [ 72%]
........................................................................ [ 77%]
........................................................................ [ 83%]
........................................................................ [ 88%]
........................................................................ [ 94%]
.......................................................................s [ 99%]
.                                                                        [100%]
============================= slowest 5 durations ==============================
20.06s call     tests/test_new_l2.py::test_the_run_menus_smoke_of_the_new_families_is_clean_and_counts_only[flow_exhaust-1]
18.36s call     tests/test_score_controls.py::test_c2_partly_dead_sessions_are_permuted_inside_their_group
18.05s setup    tests/test_score_verify.py::test_eval_every_firm_and_model_identical_to_native_R
14.24s call     tests/test_port2.py::test_port_reproduces_every_nq_heat_map_cell_on_five_build_days
11.94s call     tests/test_new_l2.py::test_run_variant_is_sealed_until_the_base_passed_the_build_plateau_and_writes_the_base_grid_with_the_option
=========================== short test summary info ============================
SKIPPED [1] tests/test_fam_flow.py:446: F3 has no trailing percentile
SKIPPED [1] tests/test_screen_analyze.py:145: the screen bundles are not on disk
exit 0
Fri Oct  2 14:51:21 EDT 2026
